01-28 20:13:46.446 E/mm-camera(  377): module_faceproc_client_handle_ctrl_parm:1969] param 12
01-28 20:13:46.446 E/mm-camera(  377): port_isp_mct_ctrl_cmd: X, identity = 0x20002
01-28 20:13:46.446 E/mm-camera-sensor(  377): led_flash_process:100 CAM Flash Off
01-28 20:13:46.446 E/mm-camera(  377): port_isp_mct_ctrl_cmd: type=3
01-28 20:13:46.446 E/mm-camera(  377): port_isp_mct_ctrl_cmd: E, identity = 0x20002
01-28 20:13:46.446 E/mm-camera(  377): module_faceproc_client_handle_ctrl_parm:1969] param 13
01-28 20:13:46.446 E/mm-camera(  377): port_isp_mct_ctrl_cmd: X, identity = 0x20002
01-28 20:13:46.446 E/mm-camera(  377): port_isp_mct_ctrl_cmd: type=3
01-28 20:13:46.446 E/mm-camera(  377): port_isp_mct_ctrl_cmd: E, identity = 0x20002
01-28 20:13:46.446 E/mm-camera(  377): module_faceproc_client_handle_ctrl_parm:1969] param 14
01-28 20:13:46.446 E/mm-camera(  377): port_isp_mct_ctrl_cmd: X, identity = 0x20002
01-28 20:13:46.446 E/mm-camera(  377): port_isp_mct_ctrl_cmd: type=3
01-28 20:13:46.446 E/mm-camera(  377): port_isp_mct_ctrl_cmd: E, identity = 0x20002
01-28 20:13:46.446 E/mm-camera(  377): module_faceproc_client_handle_ctrl_parm:1969] param 16
01-28 20:13:46.446 E/mm-camera(  377): port_isp_mct_ctrl_cmd: X, identity = 0x20002
01-28 20:13:46.446 E/mm-camera(  377): port_isp_mct_ctrl_cmd: type=3
01-28 20:13:46.446 E/mm-camera(  377): port_isp_mct_ctrl_cmd: E, identity = 0x20002
01-28 20:13:46.446 E/mm-camera(  377): module_faceproc_client_handle_ctrl_parm:1969] param 17
01-28 20:13:46.446 E/mm-camera(  377): port_isp_mct_ctrl_cmd: X, identity = 0x20002
01-28 20:13:46.446 E/mm-camera(  377): port_isp_mct_ctrl_cmd: type=3
01-28 20:13:46.446 E/mm-camera(  377): port_isp_mct_ctrl_cmd: E, identity = 0x20002
01-28 20:13:46.446 E/mm-camera(  377): module_faceproc_client_handle_ctrl_parm:1969] param 19
01-28 20:13:46.446 E/mm-camera(  377): port_isp_mct_ctrl_cmd: X, identity = 0x20002
01-28 20:13:46.446 E/mm-camera(  377): port_isp_mct_ctrl_cmd: type=3
01-28 20:13:46.446 E/mm-camera(  377): port_isp_mct_ctrl_cmd: E, identity = 0x20002
01-28 20:13:46.446 E/mm-camera(  377): module_faceproc_client_handle_ctrl_parm:1969] param 20
01-28 20:13:46.446 E/mm-camera(  377): port_isp_mct_ctrl_cmd: X, identity = 0x20002
01-28 20:13:46.446 E/mm-camera(  377): port_isp_mct_ctrl_cmd: type=3
01-28 20:13:46.446 E/mm-camera(  377): port_isp_mct_ctrl_cmd: E, identity = 0x20002
01-28 20:13:46.446 E/mm-camera(  377): module_faceproc_client_handle_ctrl_parm:1969] param 22
01-28 20:13:46.446 E/mm-camera(  377): port_isp_mct_ctrl_cmd: X, identity = 0x20002
01-28 20:13:46.446 E/mm-camera(  377): port_isp_mct_ctrl_cmd: type=3
01-28 20:13:46.446 E/mm-camera(  377): port_isp_mct_ctrl_cmd: E, identity = 0x20002
01-28 20:13:46.446 E/mm-camera(  377): module_faceproc_client_handle_ctrl_parm:1969] param 24
01-28 20:13:46.446 E/mm-camera(  377): port_isp_mct_ctrl_cmd: X, identity = 0x20002
01-28 20:13:46.446 E/mm-camera(  377): port_isp_mct_ctrl_cmd: type=3
01-28 20:13:46.446 E/mm-camera(  377): port_isp_mct_ctrl_cmd: E, identity = 0x20002
01-28 20:13:46.446 E/mm-camera(  377): module_faceproc_client_handle_ctrl_parm:1969] param 25
01-28 20:13:46.446 E/mm-camera(  377): port_isp_mct_ctrl_cmd: X, identity = 0x20002
01-28 20:13:46.446 E/mm-camera(  377): port_isp_mct_ctrl_cmd: type=3
01-28 20:13:46.446 E/mm-camera(  377): port_isp_mct_ctrl_cmd: E, identity = 0x20002
01-28 20:13:46.446 E/mm-camera(  377): module_faceproc_client_handle_ctrl_parm:1969] param 26
01-28 20:13:46.446 E/mm-camera(  377): port_isp_mct_ctrl_cmd: X, identity = 0x20002
01-28 20:13:46.446 E/mm-camera-sensor(  377): sensor_set_hfr_mode:584 hfr_mode = 0
01-28 20:13:46.446 E/mm-camera(  377): port_isp_mct_ctrl_cmd: type=3
01-28 20:13:46.446 E/mm-camera(  377): port_isp_mct_ctrl_cmd: E, identity = 0x20002
01-28 20:13:46.446 E/mm-camera(  377): module_faceproc_client_handle_ctrl_parm:1969] param 27
01-28 20:13:46.446 E/mm-camera(  377): port_isp_mct_ctrl_cmd: X, identity = 0x20002
01-28 20:13:46.446 E/mm-camera(  377): port_isp_mct_ctrl_cmd: type=3
01-28 20:13:46.446 E/mm-camera(  377): port_isp_mct_ctrl_cmd: E, identity = 0x20002
01-28 20:13:46.446 E/mm-camera(  377): module_faceproc_client_handle_ctrl_parm:1969] param 28
01-28 20:13:46.446 E/mm-camera(  377): port_isp_mct_ctrl_cmd: X, identity = 0x20002
01-28 20:13:46.446 E/mm-camera(  377): port_isp_mct_ctrl_cmd: type=3
01-28 20:13:46.446 E/mm-camera(  377): port_isp_mct_ctrl_cmd: E, identity = 0x20002
01-28 20:13:46.446 E/mm-camera(  377): module_faceproc_client_handle_ctrl_parm:1969] param 29
01-28 20:13:46.446 E/mm-camera(  377): port_isp_mct_ctrl_cmd: X, identity = 0x20002
01-28 20:13:46.446 E/mm-camera(  377): port_isp_mct_ctrl_cmd: type=3
01-28 20:13:46.446 E/mm-camera(  377): port_isp_mct_ctrl_cmd: E, identity = 0x20002
01-28 20:13:46.446 E/mm-camera(  377): module_faceproc_client_handle_ctrl_parm:1969] param 31
01-28 20:13:46.446 E/mm-camera(  377): port_isp_mct_ctrl_cmd: X, identity = 0x20002
01-28 20:13:46.446 E/mm-camera(  377): port_isp_mct_ctrl_cmd: type=3
01-28 20:13:46.446 E/mm-camera(  377): port_isp_mct_ctrl_cmd: E, identity = 0x20002
01-28 20:13:46.446 E/mm-camera(  377): module_faceproc_client_handle_ctrl_parm:1969] param 32
01-28 20:13:46.446 E/mm-camera(  377): port_isp_mct_ctrl_cmd: X, identity = 0x20002
01-28 20:13:46.446 E/mm-camera(  377): port_isp_mct_ctrl_cmd: type=3
01-28 20:13:46.446 E/mm-camera(  377): port_isp_mct_ctrl_cmd: E, identity = 0x20002
01-28 20:13:46.446 E/mm-camera(  377): module_faceproc_client_handle_ctrl_parm:1969] param 33
01-28 20:13:46.446 E/mm-camera(  377): port_isp_mct_ctrl_cmd: X, identity = 0x20002
01-28 20:13:46.446 E/mm-camera(  377): port_isp_mct_ctrl_cmd: type=3
01-28 20:13:46.446 E/mm-camera(  377): port_isp_mct_ctrl_cmd: E, identity = 0x20002
01-28 20:13:46.446 E/mm-camera(  377): module_faceproc_client_handle_ctrl_parm:1969] param 34
01-28 20:13:46.446 E/mm-camera(  377): port_isp_mct_ctrl_cmd: X, identity = 0x20002
01-28 20:13:46.446 E/mm-camera(  377): port_isp_mct_ctrl_cmd: type=3
01-28 20:13:46.446 E/mm-camera(  377): port_isp_mct_ctrl_cmd: E, identity = 0x20002
01-28 20:13:46.446 E/mm-camera(  377): module_faceproc_client_handle_ctrl_parm:1969] param 41
01-28 20:13:46.446 E/mm-camera(  377): port_isp_mct_ctrl_cmd: X, identity = 0x20002
01-28 20:13:46.446 E/mm-camera(  377): port_isp_mct_ctrl_cmd: type=3
01-28 20:13:46.446 E/mm-camera(  377): port_isp_mct_ctrl_cmd: E, identity = 0x20002
01-28 20:13:46.446 E/mm-camera(  377): module_faceproc_client_handle_ctrl_parm:1969] param 43
01-28 20:13:46.446 E/mm-camera(  377): port_isp_mct_ctrl_cmd: X, identity = 0x20002
01-28 20:13:46.446 E/mm-camera-sensor(  377): sensor_set_vision_mode:483 vision mode not supported
01-28 20:13:46.446 E/mm-camera(  377): port_isp_mct_ctrl_cmd: type=3
01-28 20:13:46.446 E/mm-camera(  377): port_isp_mct_ctrl_cmd: E, identity = 0x20002
01-28 20:13:46.446 E/mm-camera(  377): module_faceproc_client_handle_ctrl_parm:1969] param 45
01-28 20:13:46.446 E/mm-camera(  377): port_isp_mct_ctrl_cmd: X, identity = 0x20002
01-28 20:13:46.446 E/mm-camera(  377): port_isp_mct_ctrl_cmd: type=3
01-28 20:13:46.446 E/mm-camera(  377): port_isp_mct_ctrl_cmd: E, identity = 0x20002
01-28 20:13:46.446 E/mm-camera(  377): stats_port_proc_downstream_set_parm pip recording hint value: 0
01-28 20:13:46.446 E/mm-camera(  377): module_faceproc_client_handle_ctrl_parm:1969] param 52
01-28 20:13:46.446 E/mm-camera(  377): port_isp_mct_ctrl_cmd: X, identity = 0x20002
01-28 20:13:46.446 E/mm-camera(  377): port_isp_mct_ctrl_cmd: type=3
01-28 20:13:46.446 E/mm-camera(  377): port_isp_mct_ctrl_cmd: E, identity = 0x20002
01-28 20:13:46.446 E/mm-camera(  377): isp_set_hal_param: CAM_INTF_PARM_LIVE_FRAMEWORK
01-28 20:13:46.446 E/mm-camera(  377): isp_util_set_live_framework: mode : -1224066364
01-28 20:13:46.446 E/mm-camera(  377): isp_util_save_live_framework: aswoogi (0)
01-28 20:13:46.446 E/mm-camera(  377): module_faceproc_client_handle_ctrl_parm:1969] param 53
01-28 20:13:46.446 E/mm-camera(  377): port_isp_mct_ctrl_cmd: X, identity = 0x20002
01-28 20:13:46.446 E/mm-camera(  377): main: return true, return type 0
01-28 20:13:46.446 E/mm-camera(  377): server_process_hal_event:__DBG__ E event id=3
01-28 20:13:46.446 E/mm-camera(  377): server_process_hal_event:__DBG__ X sucess event id=3
01-28 20:13:46.446 E/mm-camera(  377): mct_pipeline_process_set:command=8000004
01-28 20:13:46.446 E/mm-camera(  377): main: return true, return type 0
01-28 20:13:46.446 W/QCameraHWI_Mem( 8253): int qcamera::QCameraMemory::alloc(int, int, int): use reserved mm heap memory
01-28 20:13:46.446 W/QCameraParameters( 8253): [PARM_DBG] getFlipMode : the filp mode of stream type 3 is 0 .
01-28 20:13:46.446 E/mm-camera(  377): server_process_hal_event:__DBG__ E event id=3
01-28 20:13:46.446 E/mm-camera(  377): server_process_hal_event:__DBG__ X sucess event id=3
01-28 20:13:46.446 E/mm-camera(  377): mct_pipeline_process_set:command=800000a
01-28 20:13:46.446 E/mm-camera(  377): main: return true, return type 0
01-28 20:13:46.446 E/mm-camera(  377): main: return true, return type 1
01-28 20:13:46.446 E/mm-camera(  377): main: return true, return type 1
01-28 20:13:46.446 E/mm-camera(  377): server_process_hal_event:__DBG__ E event id=3
01-28 20:13:46.446 E/mm-camera(  377): server_process_hal_event:__DBG__ X sucess event id=3
01-28 20:13:46.446 E/mm-camera(  377): mct_pipeline_process_set:command=8000012
01-28 20:13:46.446 E/mm-camera(  377): mct_stream_start_link: ZSL snapshot
01-28 20:13:46.446 E/mm-camera(  377): mct_stream_check_name:mod=sensor, name=sensor
01-28 20:13:46.446 E/mm-camera(  377): mct_stream_get_module: module: 0xb7091c78
01-28 20:13:46.446 E/mm-camera(  377): mct_stream_check_name:mod=sensor, name=iface
01-28 20:13:46.446 E/mm-camera(  377): mct_stream_check_name:mod=iface, name=iface
01-28 20:13:46.446 E/mm-camera(  377): mct_stream_get_module: module: 0xb70904a8
01-28 20:13:46.446 E/mm-camera(  377): mct_stream_check_name:mod=sensor, name=isp
01-28 20:13:46.446 E/mm-camera(  377): mct_stream_check_name:mod=iface, name=isp
01-28 20:13:46.446 E/mm-camera(  377): mct_stream_check_name:mod=isp, name=isp
01-28 20:13:46.446 E/mm-camera(  377): mct_stream_get_module: module: 0xb709e6a0
01-28 20:13:46.446 E/mm-camera(  377): mct_stream_check_name:mod=sensor, name=stats
01-28 20:13:46.446 E/mm-camera(  377): mct_stream_check_name:mod=iface, name=stats
01-28 20:13:46.446 E/mm-camera(  377): mct_stream_check_name:mod=isp, name=stats
01-28 20:13:46.446 E/mm-camera(  377): mct_stream_check_name:mod=stats, name=stats
01-28 20:13:46.446 E/mm-camera(  377): mct_stream_get_module: module: 0xb709eba0
01-28 20:13:46.446 E/mm-camera-sensor(  377): port_sensor_caps_reserve:155 ide 20003 stream type 3 w*h 4128*3096
01-28 20:13:46.446 E/mm-camera-sensor(  377): port_sensor_ext_link_func:640 ide 20003
01-28 20:13:46.446 E/mm-camera(  377): port_isp_check_caps_reserve_func: E, identity = 0x20003, port = 0xb7090a60, direction = 2
01-28 20:13:46.446 E/mm-camera(  377): port_isp_check_caps_reserve_func: X, rc = 1, identity = 0x20003, port = 0xb7090a60, direction = 2
01-28 20:13:46.446 E/mm-camera(  377): port_isp_ext_link_func: E, identity = 0x20003, port = 0xb7090a60, direction = 2
01-28 20:13:46.446 E/mm-camera(  377): port_isp_ext_link_func: X, rc = 1, identity = 0x20003, port = 0xb7090a60, direction = 2
01-28 20:13:46.446 E/mm-camera(  377): port_isp_check_caps_reserve_func: E, identity = 0x20003, port = 0xb709d1a0, direction = 1
01-28 20:13:46.446 E/mm-camera(  377): port_isp_check_caps_reserve_func: X, rc = 1, identity = 0x20003, port = 0xb709d1a0, direction = 1
01-28 20:13:46.446 E/mm-camera(  377): afd_port_check_caps_reserve: X
01-28 20:13:46.446 E/mm-camera(  377): asd_port_check_caps_reserve: E
01-28 20:13:46.446 E/mm-camera(  377): asd_port_check_caps_reserve: X
01-28 20:13:46.446 E/mm-camera(  377): port_isp_ext_link_func: E, identity = 0x20003, port = 0xb709d1a0, direction = 1
01-28 20:13:46.446 E/mm-camera(  377): port_isp_ext_link_func: X, rc = 1, identity = 0x20003, port = 0xb709d1a0, direction = 1
01-28 20:13:46.446 E/mm-camera(  377): main: return true, return type 0
01-28 20:13:46.446 E/mm-camera(  377): server_process_hal_event:__DBG__ E event id=3
01-28 20:13:46.446 E/mm-camera(  377): server_process_hal_event:__DBG__ X sucess event id=3
01-28 20:13:46.446 E/mm-camera(  377): mct_pipeline_process_set:command=8000004
01-28 20:13:46.446 E/mm-camera(  377): main: return true, return type 0
01-28 20:13:46.446 E/mm-camera(  377): server_process_hal_event:__DBG__ E event id=4
01-28 20:13:46.446 E/mm-camera(  377): server_process_hal_event:__DBG__ X sucess event id=4
01-28 20:13:46.446 E/mm-camera(  377): mct_pipeline_send_ctrl_events: Send Set Parm events
01-28 20:13:46.446 E/mm-camera-sensor(  377): module_sensor_event_control_get_parm:3358 [FW_DBG] CAM_INTF_PARM_FW_CL_NUMBER
01-28 20:13:46.456 E/mm-camera(  377): port_isp_mct_ctrl_cmd: type=4
01-28 20:13:46.456 E/mm-camera(  377): main: return true, return type 0
01-28 20:13:46.456 I/QCamera2HWI( 8253): preparePreview: [FW_DBG] getFWCLnumber() is success.
01-28 20:13:46.456 W/QCamera2HWI( 8253): preparePreview: X mCameraId=0
01-28 20:13:46.456 W/QCamera2HWI( 8253): startPreview: E mCameraId=0
01-28 20:13:46.456 W/QCamera2HWI( 8253): perf_lock_acq for preview
01-28 20:13:46.456 W/QCameraChannel( 8253): QCameraChannel::start(): bundleInfo.num_of_streams=2
01-28 20:13:46.456 E/mm-camera(  377): server_process_hal_event:__DBG__ E event id=3
01-28 20:13:46.456 E/mm-camera(  377): server_process_hal_event:__DBG__ X sucess event id=3
01-28 20:13:46.456 E/mm-camera(  377): mct_pipeline_process_set:command=8000013
01-28 20:13:46.456 E/mm-camera(  377): port_isp_mct_ctrl_cmd: type=9
01-28 20:13:46.456 E/mm-camera(  377): module_faceproc_port_event_func:533] Invalid type for reprocess  
01-28 20:13:46.456 E/mm-camera(  377): main: return true, return type 0
01-28 20:13:46.456 E/mm-camera(  377): server_process_hal_event:__DBG__ E event id=3
01-28 20:13:46.456 E/mm-camera(  377): server_process_hal_event:__DBG__ X sucess event id=3
01-28 20:13:46.456 E/mm-camera(  377): mct_pipeline_process_set:command=8000013
01-28 20:13:46.456 E/mm-camera(  377): port_isp_mct_ctrl_cmd: type=9
01-28 20:13:46.456 E/mm-camera(  377): main: return true, return type 0
01-28 20:13:46.456 W/QCameraStream( 8253): getBufs: [MEM_DBG] Enter: mDynBufAlloc: 0
01-28 20:13:46.456 W/QCamera2HWI( 8253): allocateStreamBuf: stream type 6, buf using cached memory = 0
01-28 20:13:46.456 W/QCameraHWI_Mem( 8253): int qcamera::QCameraMemory::alloc(int, int, int): use reserved mm heap memory
01-28 20:13:46.456 W/QCameraHWI_Mem( 8253): int qcamera::QCameraMemory::alloc(int, int, int): use reserved mm heap memory
01-28 20:13:46.456 W/QCameraHWI_Mem( 8253): int qcamera::QCameraMemory::alloc(int, int, int): use reserved mm heap memory
01-28 20:13:46.456 W/QCameraHWI_Mem( 8253): int qcamera::QCameraMemory::alloc(int, int, int): use reserved mm heap memory
01-28 20:13:46.456 W/QCameraHWI_Mem( 8253): int qcamera::QCameraMemory::alloc(int, int, int): use reserved mm heap memory
01-28 20:13:46.456 W/QCameraHWI_Mem( 8253): int qcamera::QCameraMemory::alloc(int, int, int): use reserved mm heap memory
01-28 20:13:46.456 W/QCameraHWI_Mem( 8253): int qcamera::QCameraMemory::alloc(int, int, int): use reserved mm heap memory
01-28 20:13:46.456 W/QCameraHWI_Mem( 8253): int qcamera::QCameraMemory::alloc(int, int, int): use reserved mm heap memory
01-28 20:13:46.456 W/QCameraHWI_Mem( 8253): int qcamera::QCameraMemory::alloc(int, int, int): use reserved mm heap memory
01-28 20:13:46.456 W/QCameraHWI_Mem( 8253): int qcamera::QCameraMemory::alloc(int, int, int): use reserved mm heap memory
01-28 20:13:46.456 W/QCameraHWI_Mem( 8253): int qcamera::QCameraMemory::alloc(int, int, int): use reserved mm heap memory
01-28 20:13:46.456 W/QCameraHWI_Mem( 8253): int qcamera::QCameraMemory::alloc(int, int, int): use reserved mm heap memory
01-28 20:13:46.456 W/QCameraHWI_Mem( 8253): int qcamera::QCameraMemory::alloc(int, int, int): use reserved mm heap memory
01-28 20:13:46.456 W/QCameraHWI_Mem( 8253): int qcamera::QCameraMemory::alloc(int, int, int): use reserved mm heap memory
01-28 20:13:46.456 W/QCameraHWI_Mem( 8253): int qcamera::QCameraMemory::alloc(int, int, int): use reserved mm heap memory
01-28 20:13:46.456 W/QCameraHWI_Mem( 8253): int qcamera::QCameraMemory::alloc(int, int, int): use reserved mm heap memory
01-28 20:13:46.456 W/QCameraHWI_Mem( 8253): int qcamera::QCameraMemory::alloc(int, int, int): use reserved mm heap memory
01-28 20:13:46.456 W/QCameraHWI_Mem( 8253): int qcamera::QCameraMemory::alloc(int, int, int): use reserved mm heap memory
01-28 20:13:46.456 W/QCameraHWI_Mem( 8253): int qcamera::QCameraMemory::alloc(int, int, int): use reserved mm heap memory
01-28 20:13:46.456 W/QCameraHWI_Mem( 8253): int qcamera::QCameraMemory::alloc(int, int, int): use reserved mm heap memory
01-28 20:13:46.456 W/QCameraStream( 8253): getBufs: [MEM_DBG] frame_len: 269872, numBufAlloc: 20
01-28 20:13:46.456 W/QCameraStream( 8253): getBufs: [MEM_DBG] All mNumBufs: 20
01-28 20:13:46.456 E/mm-camera(  377): main: return true, return type 1
01-28 20:13:46.456 E/mm-camera(  377): main: return true, return type 1
01-28 20:13:46.456 E/mm-camera(  377): main: return true, return type 1
01-28 20:13:46.456 E/mm-camera(  377): main: return true, return type 1
01-28 20:13:46.456 E/mm-camera(  377): main: return true, return type 1
01-28 20:13:46.456 E/mm-camera(  377): main: return true, return type 1
01-28 20:13:46.456 E/mm-camera(  377): main: return true, return type 1
01-28 20:13:46.456 E/mm-camera(  377): main: return true, return type 1
01-28 20:13:46.456 E/mm-camera(  377): main: return true, return type 1
01-28 20:13:46.456 E/mm-camera(  377): main: return true, return type 1
01-28 20:13:46.456 E/mm-camera(  377): main: return true, return type 1
01-28 20:13:46.456 E/mm-camera(  377): main: return true, return type 1
01-28 20:13:46.456 E/mm-camera(  377): main: return true, return type 1
01-28 20:13:46.456 E/mm-camera(  377): main: return true, return type 1
01-28 20:13:46.456 E/mm-camera(  377): main: return true, return type 1
01-28 20:13:46.456 E/mm-camera(  377): main: return true, return type 1
01-28 20:13:46.456 E/mm-camera(  377): main: return true, return type 1
01-28 20:13:46.456 E/mm-camera(  377): main: return true, return type 1
01-28 20:13:46.456 E/mm-camera(  377): main: return true, return type 1
01-28 20:13:46.456 E/mm-camera(  377): main: return true, return type 1
01-28 20:13:46.456 E/mm-camera(  377): main: return true, return type 1
01-28 20:13:46.456 E/mm-camera(  377): main: return true, return type 1
01-28 20:13:46.456 E/mm-camera(  377): main: return true, return type 1
01-28 20:13:46.456 E/mm-camera(  377): main: return true, return type 1
01-28 20:13:46.456 E/mm-camera(  377): main: return true, return type 1
01-28 20:13:46.456 E/mm-camera(  377): main: return true, return type 1
01-28 20:13:46.456 E/mm-camera(  377): main: return true, return type 1
01-28 20:13:46.456 E/mm-camera(  377): main: return true, return type 1
01-28 20:13:46.456 E/mm-camera(  377): main: return true, return type 1
01-28 20:13:46.456 E/mm-camera(  377): main: return true, return type 1
01-28 20:13:46.456 E/mm-camera(  377): main: return true, return type 1
01-28 20:13:46.456 E/mm-camera(  377): main: return true, return type 1
01-28 20:13:46.456 E/mm-camera(  377): main: return true, return type 1
01-28 20:13:46.456 E/mm-camera(  377): main: return true, return type 1
01-28 20:13:46.456 E/mm-camera(  377): main: return true, return type 1
01-28 20:13:46.456 E/mm-camera(  377): main: return true, return type 1
01-28 20:13:46.456 E/mm-camera(  377): main: return true, return type 1
01-28 20:13:46.456 E/mm-camera(  377): main: return true, return type 1
01-28 20:13:46.456 E/mm-camera(  377): main: return true, return type 1
01-28 20:13:46.456 E/mm-camera(  377): main: return true, return type 1
01-28 20:13:46.456 E/mm-camera-intf( 8253): mm_stream_request_buf: buf_num = 20, stream type = 6
01-28 20:13:46.456 E/mm-camera-intf( 8253): mm_stream_streamon: E, my_handle = 0x500, fd = 45, state = 6
01-28 20:13:46.456 E/mm-camera(  377): server_process_hal_event:__DBG__ E event id=3
01-28 20:13:46.456 E/mm-camera(  377): server_process_hal_event:__DBG__ X sucess event id=3
01-28 20:13:46.456 E/mm-camera(  377): mct_pipeline_process_set:command=8000008
01-28 20:13:46.456 E/mm-camera(  377): mct_pipeline_process_set: stream_type = 6
01-28 20:13:46.466 E/mm-camera(  377): main: return true, return type 0
01-28 20:13:46.466 W/QCameraStream( 8253): getBufs: [MEM_DBG] Enter: mDynBufAlloc: 0
01-28 20:13:46.466 W/QCamera2HWI( 8253): allocateStreamBuf: stream type 1, buf using cached memory = 0
01-28 20:13:46.466 E/QCameraParameters( 8253): int qcamera::QCameraParameters::getPreviewHalPixelFormat() const: format 17
01-28 20:13:46.466 E/QCameraHWI_Mem( 8253): DBG_PATCH:void qcamera::QCameraGrallocMemory::setWindowInfo(preview_stream_ops_t*, int, int, int) mWindow=0xb730a190
01-28 20:13:46.466 I/ActivityManager( 8592): Timeline: Activity_idle id: android.os.BinderProxy@64feec98 time:565353
01-28 20:13:46.476 I/ActivityManager(  841): Displayed com.android.camera2/com.android.camera.CameraLauncher: +1s48ms
01-28 20:13:46.476 I/ActivityManager(  841): Timeline: Activity_windows_visible id: ActivityRecord{658bc3a8 u0 com.android.camera2/com.android.camera.CameraLauncher t15} time:565363
01-28 20:13:46.496 W/QCameraStream( 8253): getBufs: [MEM_DBG] frame_len: 2334720, numBufAlloc: 12
01-28 20:13:46.496 W/QCameraStream( 8253): getBufs: [MEM_DBG] All mNumBufs: 12
01-28 20:13:46.496 E/mm-camera(  377): main: return true, return type 1
01-28 20:13:46.496 E/mm-camera(  377): mct_stream_create_buffers: plane idx = 0, offset 0, stride 1440, scanline = 1080
01-28 20:13:46.496 E/mm-camera(  377): mct_stream_create_buffers: plane idx = 1, offset 0, stride 1440, scanline = 540
01-28 20:13:46.496 E/mm-camera(  377): main: return true, return type 1
01-28 20:13:46.496 E/mm-camera(  377): main: return true, return type 1
01-28 20:13:46.496 E/mm-camera(  377): mct_stream_create_buffers: plane idx = 0, offset 0, stride 1440, scanline = 1080
01-28 20:13:46.496 E/mm-camera(  377): mct_stream_create_buffers: plane idx = 1, offset 0, stride 1440, scanline = 540
01-28 20:13:46.496 E/mm-camera(  377): main: return true, return type 1
01-28 20:13:46.496 E/mm-camera(  377): main: return true, return type 1
01-28 20:13:46.496 E/mm-camera(  377): mct_stream_create_buffers: plane idx = 0, offset 0, stride 1440, scanline = 1080
01-28 20:13:46.496 E/mm-camera(  377): mct_stream_create_buffers: plane idx = 1, offset 0, stride 1440, scanline = 540
01-28 20:13:46.496 E/mm-camera(  377): main: return true, return type 1
01-28 20:13:46.496 E/mm-camera(  377): main: return true, return type 1
01-28 20:13:46.496 E/mm-camera(  377): mct_stream_create_buffers: plane idx = 0, offset 0, stride 1440, scanline = 1080
01-28 20:13:46.496 E/mm-camera(  377): mct_stream_create_buffers: plane idx = 1, offset 0, stride 1440, scanline = 540
01-28 20:13:46.496 E/mm-camera(  377): main: return true, return type 1
01-28 20:13:46.496 E/mm-camera(  377): main: return true, return type 1
01-28 20:13:46.496 E/mm-camera(  377): mct_stream_create_buffers: plane idx = 0, offset 0, stride 1440, scanline = 1080
01-28 20:13:46.496 E/mm-camera(  377): mct_stream_create_buffers: plane idx = 1, offset 0, stride 1440, scanline = 540
01-28 20:13:46.496 E/mm-camera(  377): main: return true, return type 1
01-28 20:13:46.496 E/mm-camera(  377): main: return true, return type 1
01-28 20:13:46.496 E/mm-camera(  377): mct_stream_create_buffers: plane idx = 0, offset 0, stride 1440, scanline = 1080
01-28 20:13:46.496 E/mm-camera(  377): mct_stream_create_buffers: plane idx = 1, offset 0, stride 1440, scanline = 540
01-28 20:13:46.496 E/mm-camera(  377): main: return true, return type 1
01-28 20:13:46.496 E/mm-camera(  377): main: return true, return type 1
01-28 20:13:46.496 E/mm-camera(  377): mct_stream_create_buffers: plane idx = 0, offset 0, stride 1440, scanline = 1080
01-28 20:13:46.496 E/mm-camera(  377): mct_stream_create_buffers: plane idx = 1, offset 0, stride 1440, scanline = 540
01-28 20:13:46.496 E/mm-camera(  377): main: return true, return type 1
01-28 20:13:46.496 E/mm-camera(  377): main: return true, return type 1
01-28 20:13:46.496 E/mm-camera(  377): mct_stream_create_buffers: plane idx = 0, offset 0, stride 1440, scanline = 1080
01-28 20:13:46.496 E/mm-camera(  377): mct_stream_create_buffers: plane idx = 1, offset 0, stride 1440, scanline = 540
01-28 20:13:46.496 E/mm-camera(  377): main: return true, return type 1
01-28 20:13:46.496 E/mm-camera(  377): main: return true, return type 1
01-28 20:13:46.496 E/mm-camera(  377): mct_stream_create_buffers: plane idx = 0, offset 0, stride 1440, scanline = 1080
01-28 20:13:46.496 E/mm-camera(  377): mct_stream_create_buffers: plane idx = 1, offset 0, stride 1440, scanline = 540
01-28 20:13:46.496 E/mm-camera(  377): main: return true, return type 1
01-28 20:13:46.496 E/mm-camera(  377): main: return true, return type 1
01-28 20:13:46.496 E/mm-camera(  377): mct_stream_create_buffers: plane idx = 0, offset 0, stride 1440, scanline = 1080
01-28 20:13:46.496 E/mm-camera(  377): mct_stream_create_buffers: plane idx = 1, offset 0, stride 1440, scanline = 540
01-28 20:13:46.496 E/mm-camera(  377): main: return true, return type 1
01-28 20:13:46.496 E/mm-camera(  377): main: return true, return type 1
01-28 20:13:46.496 E/mm-camera(  377): mct_stream_create_buffers: plane idx = 0, offset 0, stride 1440, scanline = 1080
01-28 20:13:46.496 E/mm-camera(  377): mct_stream_create_buffers: plane idx = 1, offset 0, stride 1440, scanline = 540
01-28 20:13:46.496 E/mm-camera(  377): main: return true, return type 1
01-28 20:13:46.496 E/mm-camera(  377): main: return true, return type 1
01-28 20:13:46.496 E/mm-camera(  377): mct_stream_create_buffers: plane idx = 0, offset 0, stride 1440, scanline = 1080
01-28 20:13:46.496 E/mm-camera(  377): mct_stream_create_buffers: plane idx = 1, offset 0, stride 1440, scanline = 540
01-28 20:13:46.496 E/mm-camera(  377): main: return true, return type 1
01-28 20:13:46.496 E/mm-camera-intf( 8253): mm_stream_request_buf: buf_num = 12, stream type = 1
01-28 20:13:46.496 E/mm-camera-intf( 8253): mm_stream_streamon: E, my_handle = 0x601, fd = 48, state = 6
01-28 20:13:46.496 E/mm-camera(  377): server_process_hal_event:__DBG__ E event id=3
01-28 20:13:46.496 E/mm-camera(  377): server_process_hal_event:__DBG__ X sucess event id=3
01-28 20:13:46.496 E/mm-camera(  377): mct_pipeline_process_set:command=8000008
01-28 20:13:46.496 E/mm-camera(  377): mct_pipeline_process_set: stream_type = 1
01-28 20:13:46.496 E/mm-camera-sensor(  377): module_sensor_module_process_event:3507 bundle session id 2 stream id 2
01-28 20:13:46.496 E/mm-camera-sensor(  377): module_sensor_module_process_event:3508 event identity 20002
01-28 20:13:46.496 E/mm-camera-sensor(  377): module_sensor_module_process_event:3510 E STATEDBG MCT_EVENT_CONTROL_STREAMON
01-28 20:13:46.496 E/mm-camera-sensor(  377): sensor_util_change_state:1116 STATEDBG Enter
01-28 20:13:46.496 E/mm-camera-sensor(  377): sensor_util_change_state:1123 STATEDBG Enter cur state 0 new state 3
01-28 20:13:46.496 E/mm-camera-sensor(  377): sensor_util_change_state:1162 STATEDBG Exit cur state 3 new state 3
01-28 20:13:46.496 E/mm-camera-sensor(  377): sensor_util_change_state:1166 STATEDBG Exit
01-28 20:13:46.496 E/mm-camera-sensor(  377): port_sensor_handle_stream_on:447 E
01-28 20:13:46.496 E/mm-camera-sensor(  377): port_sensor_handle_stream_on:490 type 1 ide 20002 w 1440 h 1080 stream on 0
01-28 20:13:46.496 E/mm-camera-sensor(  377): port_sensor_handle_stream_on:494 bundle id 1024
01-28 20:13:46.496 E/mm-camera-sensor(  377): port_sensor_handle_stream_on:498 hwinfo = 44 31 33 51 53, session_id = 2
01-28 20:13:46.496 E/mm-camera-sensor(  377): port_sensor_handle_stream_on:499 eeprom_lib_name = 0x66
01-28 20:13:46.496 E/mm-camera-sensor(  377): port_sensor_handle_stream_on:516 check CRC32 Data for calibration
01-28 20:13:46.496 E/mm-camera-sensor(  377):  0x1F
01-28 20:13:46.496 E/mm-camera-sensor(  377): port_sensor_handle_stream_on:520 H/W revision = 8(8)
01-28 20:13:46.496 E/mm-camera-sensor(  377): port_sensor_handle_stream_on:591 fast aec mode count 1
01-28 20:13:46.496 E/mm-camera-sensor(  377): port_sensor_handle_stream_on:592 num of streams 2
01-28 20:13:46.496 E/mm-camera-sensor(  377): port_sensor_handle_stream_on:624 X
01-28 20:13:46.496 E/mm-camera-sensor(  377): sensor_util_change_state:1116 STATEDBG Enter
01-28 20:13:46.496 E/mm-camera-sensor(  377): sensor_util_change_state:1123 STATEDBG Enter cur state 3 new state 0
01-28 20:13:46.496 E/mm-camera-sensor(  377): sensor_util_change_state:1162 STATEDBG Exit cur state 0 new state 0
01-28 20:13:46.496 E/mm-camera-sensor(  377): sensor_util_change_state:1166 STATEDBG Exit
01-28 20:13:46.496 E/mm-camera-sensor(  377): module_sensor_module_process_event:3522 X STATEDBG MCT_EVENT_CONTROL_STREAMON
01-28 20:13:46.496 E/mm-camera(  377): main: return true, return type 0
01-28 20:13:46.496 W/QCameraStream( 8253): getBufs: [MEM_DBG] Enter: mDynBufAlloc: 1
01-28 20:13:46.496 W/QCamera2HWI( 8253): allocateStreamBuf: stream type 3, buf using cached memory = 0
01-28 20:13:46.496 W/QCameraHWI_Mem( 8253): int qcamera::QCameraMemory::alloc(int, int, int): use reserved mm heap memory
01-28 20:13:46.496 W/QCameraHWI_Mem( 8253): int qcamera::QCameraMemory::alloc(int, int, int): use reserved mm heap memory
01-28 20:13:46.496 W/QCameraHWI_Mem( 8253): int qcamera::QCameraMemory::alloc(int, int, int): use reserved mm heap memory
01-28 20:13:46.496 W/QCameraStream( 8253): getBufs: [MEM_DBG] frame_len: 19222528, numBufAlloc: 3
01-28 20:13:46.496 W/QCameraStream( 8253): getBufs: [MEM_DBG] All mNumBufs: 12
01-28 20:13:46.496 E/mm-camera(  377): main: return true, return type 1
01-28 20:13:46.496 E/mm-camera(  377): mct_stream_create_buffers: plane idx = 0, offset 0, stride 4128, scanline = 3104
01-28 20:13:46.496 E/mm-camera(  377): mct_stream_create_buffers: plane idx = 1, offset 0, stride 4128, scanline = 1552
01-28 20:13:46.496 E/mm-camera(  377): main: return true, return type 1
01-28 20:13:46.496 E/mm-camera(  377): main: return true, return type 1
01-28 20:13:46.496 E/mm-camera(  377): mct_stream_create_buffers: plane idx = 0, offset 0, stride 4128, scanline = 3104
01-28 20:13:46.496 E/mm-camera(  377): mct_stream_create_buffers: plane idx = 1, offset 0, stride 4128, scanline = 1552
01-28 20:13:46.496 E/mm-camera(  377): main: return true, return type 1
01-28 20:13:46.496 E/mm-camera(  377): main: return true, return type 1
01-28 20:13:46.496 E/mm-camera(  377): mct_stream_create_buffers: plane idx = 0, offset 0, stride 4128, scanline = 3104
01-28 20:13:46.496 E/mm-camera(  377): mct_stream_create_buffers: plane idx = 1, offset 0, stride 4128, scanline = 1552
01-28 20:13:46.496 E/mm-camera(  377): main: return true, return type 1
01-28 20:13:46.496 E/mm-camera-intf( 8253): mm_stream_request_buf: buf_num = 12, stream type = 3
01-28 20:13:46.496 E/mm-camera-intf( 8253): mm_stream_streamon: E, my_handle = 0x702, fd = 51, state = 6
01-28 20:13:46.496 E/mm-camera(  377): server_process_hal_event:__DBG__ E event id=3
01-28 20:13:46.496 E/mm-camera(  377): server_process_hal_event:__DBG__ X sucess event id=3
01-28 20:13:46.496 E/mm-camera(  377): mct_pipeline_process_set:command=8000008
01-28 20:13:46.496 E/mm-camera(  377): mct_pipeline_process_set: stream_type = 3
01-28 20:13:46.496 E/mm-camera-sensor(  377): module_sensor_module_process_event:3507 bundle session id 2 stream id 3
01-28 20:13:46.496 E/mm-camera-sensor(  377): module_sensor_module_process_event:3508 event identity 20003
01-28 20:13:46.496 E/mm-camera-sensor(  377): module_sensor_module_process_event:3510 E STATEDBG MCT_EVENT_CONTROL_STREAMON
01-28 20:13:46.496 E/mm-camera-sensor(  377): sensor_util_change_state:1116 STATEDBG Enter
01-28 20:13:46.496 E/mm-camera-sensor(  377): sensor_util_change_state:1123 STATEDBG Enter cur state 0 new state 3
01-28 20:13:46.496 E/mm-camera-sensor(  377): sensor_util_change_state:1162 STATEDBG Exit cur state 3 new state 3
01-28 20:13:46.496 E/mm-camera-sensor(  377): sensor_util_change_state:1166 STATEDBG Exit
01-28 20:13:46.496 E/mm-camera-sensor(  377): port_sensor_handle_stream_on:447 E
01-28 20:13:46.496 E/mm-camera-sensor(  377): port_sensor_handle_stream_on:490 type 3 ide 20003 w 4128 h 3096 stream on 0
01-28 20:13:46.496 E/mm-camera-sensor(  377): port_sensor_handle_stream_on:494 bundle id 1024
01-28 20:13:46.496 E/mm-camera-sensor(  377): port_sensor_handle_stream_on:498 hwinfo = 44 31 33 51 53, session_id = 2
01-28 20:13:46.496 E/mm-camera-sensor(  377): port_sensor_handle_stream_on:499 eeprom_lib_name = 0x66
01-28 20:13:46.496 E/mm-camera-sensor(  377): port_sensor_handle_stream_on:516 check CRC32 Data for calibration
01-28 20:13:46.496 E/mm-camera-sensor(  377):  0x1F
01-28 20:13:46.496 E/mm-camera-sensor(  377): port_sensor_handle_stream_on:520 H/W revision = 8(8)
01-28 20:13:46.496 E/mm-camera-sensor(  377): port_sensor_handle_stream_on:591 fast aec mode count 2
01-28 20:13:46.496 E/mm-camera-sensor(  377): port_sensor_handle_stream_on:592 num of streams 2
01-28 20:13:46.496 E/mm-camera-sensor(  377): port_sensor_handle_stream_on:598 call port_sensor_handle_fast_aec_mode
01-28 20:13:46.496 E/mm-camera-sensor(  377): port_sensor_handle_fast_aec_mode:244 E
01-28 20:13:46.496 E/mm-camera-sensor(  377): port_sensor_handle_fast_aec_mode:257 preview event identity 20002
01-28 20:13:46.496 E/mm-camera-sensor(  377): port_sensor_handle_fast_aec_mode:260 stream identity 20002
01-28 20:13:46.496 E/mm-camera-sensor(  377): port_sensor_handle_fast_aec_mode:264 is_fast_aec_required 1
01-28 20:13:46.496 E/mm-camera-sensor(  377): port_sensor_handle_fast_aec_mode:271 is_fast_aec_required 0
01-28 20:13:46.496 E/mm-camera-sensor(  377): port_sensor_handle_fast_aec_mode:273 before sensor_util_pass_hfr_event
01-28 20:13:46.496 E/mm-camera(  377): port_isp_mct_ctrl_cmd: type=3
01-28 20:13:46.496 E/mm-camera(  377): port_isp_mct_ctrl_cmd: E, identity = 0x20002
01-28 20:13:46.496 E/mm-camera(  377): module_faceproc_client_handle_ctrl_parm:1969] param 27
01-28 20:13:46.496 E/mm-camera(  377): port_isp_mct_ctrl_cmd: X, identity = 0x20002
01-28 20:13:46.496 E/mm-camera-sensor(  377): port_sensor_handle_fast_aec_mode:281 before sensor_util_pass_fast_aec_mode_event
01-28 20:13:46.496 E/mm-camera-sensor(  377): port_sensor_handle_fast_aec_mode:289 before module_sensor_stream_on for fast AEC
01-28 20:13:46.496 E/mm-camera-sensor(  377): module_sensor_stream_on:1805 ide 20002 SENSOR_START_STREAM
01-28 20:13:46.496 E/mm-camera-sensor(  377): sensor_set_vt_mode:2657 vt mode 0
01-28 20:13:46.496 E/mm-camera-sensor(  377): sensor_set_vt_mode:2659 JAY PIP mode, VT data: 0
01-28 20:13:46.496 E/mm-camera-sensor(  377): sensor_set_pip_mode:2675 pip mode 0
01-28 20:13:46.496 E/mm-camera-sensor(  377): sensor_set_pip_mode:2677 JAY PIP mode, data: 0
01-28 20:13:46.496 E/mm-camera-sensor(  377): sensor_set_shot_mode:2695 shot mode 0
01-28 20:13:46.496 E/mm-camera-sensor(  377): modules_sensor_set_new_resolution:307 SENSOR_SET_RESOLUTION 0*0 mask a
01-28 20:13:46.496 E/mm-camera-sensor(  377): sensor_set_resolution:2062 width 0, height 0
01-28 20:13:46.496 E/mm-camera-sensor(  377): sensor_set_resolution:2064 stream mask a hfr mode 0 fps 120.330002
01-28 20:13:46.496 E/mm-camera-sensor(  377): sensor_pick_resolution:1774 requested aspect ratio 0
01-28 20:13:46.496 E/mm-camera-sensor(  377): sensor_pick_resolution:1803 
01-28 20:13:46.496 E/mm-camera-sensor(  377): sensor_pick_resolution:1805 i 0 mode 1
01-28 20:13:46.496 E/mm-camera-sensor(  377): sensor_pick_resolution:1805 i 1 mode 5
01-28 20:13:46.496 E/mm-camera-sensor(  377): sensor_pick_resolution:1805 i 2 mode 1
01-28 20:13:46.496 E/mm-camera-sensor(  377): sensor_pick_resolution:1805 i 3 mode 5
01-28 20:13:46.496 E/mm-camera-sensor(  377): sensor_pick_resolution:1805 i 4 mode 1
01-28 20:13:46.496 E/mm-camera-sensor(  377): sensor_pick_resolution:1805 i 5 mode 28
01-28 20:13:46.496 E/mm-camera-sensor(  377): sensor_pick_resolution:1805 i 6 mode 48
01-28 20:13:46.496 E/mm-camera-sensor(  377): sensor_pick_resolution:1805 i 7 mode 68
01-28 20:13:46.496 E/mm-camera-sensor(  377): sensor_pick_resolution:1805 i 8 mode 10
01-28 20:13:46.496 E/mm-camera-sensor(  377): sensor_pick_resolution:1809 fast aec res 8
01-28 20:13:46.496 E/mm-camera-sensor(  377): sensor_pick_resolution:1805 i 9 mode 80
01-28 20:13:46.496 E/mm-camera-sensor(  377): sensor_pick_resolution:1805 i 10 mode 80
01-28 20:13:46.496 E/mm-camera-sensor(  377): sensor_set_resolution:2091 cur res 14 new res 8
01-28 20:13:46.496 E/mm-camera-sensor(  377): sensor_set_resolution:2135 
01-28 20:13:46.496 E/mm-camera-sensor(  377): sensor_set_resolution:2138 current_fps_div 1024
01-28 20:13:46.506 E/mm-camera-sensor(  377): sensor_get_resolution_info:2516 skip 0 frames
01-28 20:13:46.506 E/mm-camera-sensor(  377): 
01-28 20:13:46.506 E/mm-camera-sensor(  377): sensor_get_resolution_info:2599 full 4128 3096 out 1032 774 offset 0 0 scale 4
01-28 20:13:46.506 E/mm-camera-sensor(  377): eeprom_process:1360 e_ctrl->dimension width= 1052, height = 780
01-28 20:13:46.506 E/mm-camera-sensor(  377): 
01-28 20:13:46.506 E/mm-camera(  377): receive MCT_EVENT_MODULE_SET_STREAM_CONFIG
01-28 20:13:46.506 E/mm-camera(  377): ispif_util_dump_sensor_cfg: sensor dim: width = 1052, heght = 780, fmt = 30, is_bayer = 1
01-28 20:13:46.506 E/mm-camera(  377): ispif_util_dump_sensor_cfg: camif_crop: first_pix = 6, last_pix = 1045, first_line = 0, last_line = 779, max_fps = 117
01-28 20:13:46.506 E/mm-camera(  377): ispif_sink_port_config <-----
01-28 20:13:46.506 E/mm-camera(  377): reserve_camif_resource: is_ispif = 1, sess_idx = 0, fps = 118, num_isps = 1 op clk: 216000000
01-28 20:13:46.506 E/mm-camera(  377): reserve_camif_resource: is_ispif = 1, sess_idx = 0, fps = 118, num_isps = 1 op clk: 216000000
01-28 20:13:46.506 E/mm-camera(  377): isp_sink_port_stream_config: E, session_id = 2, stream_id = 2, stream_type = 1
01-28 20:13:46.506 E/mm-camera(  377): isp_sink_port_stream_config: session_id = 2, stream_id = 2, is_split = 0
01-28 20:13:46.506 E/mm-camera(  377): isp_sink_port_stream_config: old vfe_id_mask = 0x0, new vfe_id_mask = 0x1
01-28 20:13:46.516 E/mm-camera(  377): isp_sink_port_stream_config: E, session_id = 2, stream_id = 3, stream_type = 3
01-28 20:13:46.516 E/mm-camera(  377): isp_sink_port_stream_config: session_id = 2, stream_id = 3, is_split = 0
01-28 20:13:46.516 E/mm-camera(  377): isp_sink_port_stream_config: old vfe_id_mask = 0x1, new vfe_id_mask = 0x1
01-28 20:13:46.516 E/mm-camera(  377): module_faceproc_port_event_func:590] MCT_EVENT_MODULE_SET_STREAM_CONFIG, w = 1052, h = 780
01-28 20:13:46.516 E/mm-camera(  377): after port_ispif_forward_event_to_peer
01-28 20:13:46.516 E/mm-camera(  377): TsAf_configure_af_stats: ROI config width is more than the CAMIF width!
01-28 20:13:46.516 E/mm-camera(  377): TsAf_configure_af_stats: Limiting the horizontal width and offset
01-28 20:13:46.516 E/mm-camera(  377): TsAf_configure_af_stats: ROI config height is more than the CAMIF height!
01-28 20:13:46.516 E/mm-camera(  377): TsAf_configure_af_stats: Limiting the horizontal width and offset
01-28 20:13:46.516 E/mm-camera-sensor(  377): chromatix name libchromatix_imx135_preview.so
01-28 20:13:46.516 E/mm-camera-sensor(  377): chromatix_load_library:50 libchromatix_imx135_preview.so load from phone
01-28 20:13:46.516 E/mm-camera-sensor(  377): [mm]hwinfo_make_chromatix_name:1456 hw info D13QS
01-28 20:13:46.516 E/mm-camera-sensor(  377): [mm]hwinfo_make_chromatix_name:1462 chromatix Name = D13QS_libchromatix_imx135_preview.so
01-28 20:13:46.516 E/mm-camera-sensor(  377): [mm]hwinfo_make_chromatix_name:1467 chromatix name libchromatix_imx135_preview.so => D13QS_libchromatix_imx135_preview.so
01-28 20:13:46.516 E/mm-camera-sensor(  377): chromatix_load_library:54 chromatix from phone D13QS_libchromatix_imx135_preview.so
01-28 20:13:46.516 E/mm-camera-sensor(  377): load_chromatix:34 load_chromatix:34- AAA D13QS_chromatix_imx135_preview
01-28 20:13:46.516 E/mm-camera-sensor(  377): 
01-28 20:13:46.516 E/mm-camera-sensor(  377): load_chromatix:48 load_chromatix:48-chromatix_imx135_parms header
01-28 20:13:46.516 E/mm-camera-sensor(  377): 
01-28 20:13:46.516 E/mm-camera-sensor(  377): chromatix_load_library:50 libchromatix_imx135_zslshot.so load from phone
01-28 20:13:46.516 E/mm-camera-sensor(  377): [mm]hwinfo_make_chromatix_name:1456 hw info D13QS
01-28 20:13:46.516 E/mm-camera-sensor(  377): [mm]hwinfo_make_chromatix_name:1462 chromatix Name = D13QS_libchromatix_imx135_zslshot.so
01-28 20:13:46.516 E/mm-camera-sensor(  377): [mm]hwinfo_make_chromatix_name:1467 chromatix name libchromatix_imx135_zslshot.so => D13QS_libchromatix_imx135_zslshot.so
01-28 20:13:46.516 E/mm-camera-sensor(  377): chromatix_load_library:54 chromatix from phone D13QS_libchromatix_imx135_zslshot.so
01-28 20:13:46.516 E/mm-camera-sensor(  377): load_chromatix:34 load_chromatix:34- AAA D13QS_chromatix_imx135_zslshot
01-28 20:13:46.516 E/mm-camera-sensor(  377): 
01-28 20:13:46.516 E/mm-camera-sensor(  377): load_chromatix:48 load_chromatix:48-chromatix_imx135_parms header
01-28 20:13:46.516 E/mm-camera-sensor(  377): 
01-28 20:13:46.516 E/mm-camera-sensor(  377): chromatix_load_common_library:110 libchromatix_imx135_common.so load from phone
01-28 20:13:46.516 E/mm-camera-sensor(  377): [mm]hwinfo_make_chromatix_name:1456 hw info D13QS
01-28 20:13:46.516 E/mm-camera-sensor(  377): [mm]hwinfo_make_chromatix_name:1462 chromatix Name = D13QS_libchromatix_imx135_common.so
01-28 20:13:46.516 E/mm-camera-sensor(  377): [mm]hwinfo_make_chromatix_name:1467 chromatix name libchromatix_imx135_common.so => D13QS_libchromatix_imx135_common.so
01-28 20:13:46.516 E/mm-camera-sensor(  377): chromatix_load_common_library:114 common chromatix from phone D13QS_libchromatix_imx135_common.so
01-28 20:13:46.516 E/mm-camera-sensor(  377): load_chromatix:33 load_chromatix:33- AAA D13QS_chromatix_imx135_common file open
01-28 20:13:46.516 E/mm-camera-sensor(  377): 
01-28 20:13:46.516 E/mm-camera-sensor(  377): load_chromatix:47 load_chromatix:47-chromatix_imx135_parms header
01-28 20:13:46.516 E/mm-camera-sensor(  377): 
01-28 20:13:46.516 E/mm-camera-sensor(  377): sensor_set_chromatix, chx : 0xb723a928, common chx : 0xb724d744
01-28 20:13:46.516 E/mm-camera-sensor(  377): actuator_load_lib:391 name=ak7345, mode=camera
01-28 20:13:46.516 E/mm-camera-sensor(  377): actuator_load_lib:422 loaded from Phone
01-28 20:13:46.516 E/mm-camera-sensor(  377): actuator_load_lib:442 library libactuator_ak7345_camera.so successfully loaded, idx=0
01-28 20:13:46.516 E/mm-camera-sensor(  377): eeprom_process:1370 e_ctrl->eeprom_lib.func_tbl =0xb57d0008
01-28 20:13:46.516 E/mm-camera-sensor(  377): eeprom_process:1371 e_ctrl->eeprom_params.is_supported =0x1F
01-28 20:13:46.516 E/mm-camera-sensor(  377): fidelix_get_calibration_items:578 manufacturer->id = 0x44
01-28 20:13:46.516 E/mm-camera-sensor(  377): fidelix_get_calibration_items:584 else GOLDEN_MODULE calibration supported
01-28 20:13:46.516 E/mm-camera-sensor(  377): fidelix_get_calibration_items:591 GOLDEN_MODULE_CAL_EEPROM
01-28 20:13:46.516 E/mm-camera-sensor(  377): fidelix_get_calibration_items:600 GOLDEN_MODULE_CAL_EEPROM af is TRUE
01-28 20:13:46.516 E/mm-camera-sensor(  377): fidelix_get_calibration_items:617 GOLDEN_MODULE_CAL_EEPROM WB is 1
01-28 20:13:46.516 E/mm-camera-sensor(  377): fidelix_get_calibration_items:622 GOLDEN_MODULE_CAL_EEPROM LSC is 1
01-28 20:13:46.516 E/mm-camera-sensor(  377): eeprom_do_calibration:413 Enter
01-28 20:13:46.516 E/mm-camera-sensor(  377): fidelix_autofocus_calibration:751 MODULE_SECFO
01-28 20:13:46.516 E/mm-camera-sensor(  377): fidelix_autofocus_calibration:752 SS Algorithm has to do the calibration
01-28 20:13:46.516 E/mm-camera-sensor(  377): eeprom_do_calibration:431 Exit
01-28 20:13:46.516 E/mm-camera(  377): cpp_module_handle_chromatix_ptr_event:627 calling cpp_module_util_get_asf_wnr_params for normal
01-28 20:13:46.516 E/mm-camera(  377): isp40_util_get_params: CDS Control : 1, Set hystersis trigger A: 5.000000, B: 6.000000 
01-28 20:13:46.516 E/AF_PORT (  377): af_port_callback: Asking actuator to move the lens!
01-28 20:13:46.516 E/AF_PORT (  377): af_port_handle_set_parm_event pip rec: 0
01-28 20:13:46.516 E/mm-camera(  377): port_isp_mct_ctrl_cmd: type=1
01-28 20:13:46.516 E/mm-camera(  377): port_isp_mct_ctrl_cmd: E, identity = 0x20002, STREAMON
01-28 20:13:46.516 W/mm-camera(  377): q3a_aecawb_thread_en_q_msg: [SYNC_CHECK] int sem!
01-28 20:13:46.516 W/mm-camera(  377): q3a_aecawb_thread_en_q_msg: [SYNC_CHECK] lock sem!
01-28 20:13:46.516 W/mm-camera(  377): q3a_aecawb_thread_en_q_msg: [SYNC_CHECK] unlock sem!
01-28 20:13:46.526 E/mm-camera(  377): module_faceproc_client_start:1645] E
01-28 20:13:46.526 E/mm-camera(  377): module_faceproc_client_exec:1207] E
01-28 20:13:46.526 E/mm-camera-img(  377): img_comp_set_param:97] param 515
01-28 20:13:46.526 E/mm-camera-img(  377): faceproc_comp_set_param:124] param 0x203
01-28 20:13:46.526 E/mm-camera-img(  377): faceproc_comp_set_param:145] mode 1
01-28 20:13:46.526 E/mm-camera-img(  377): img_comp_set_param:97] param 513
01-28 20:13:46.526 E/mm-camera-img(  377): faceproc_comp_set_param:124] param 0x201
01-28 20:13:46.526 E/mm-camera-img(  377): faceproc_comp_cfg_debug:230] FaceProc cfg hist enable 0
01-28 20:13:46.526 E/mm-camera-img(  377): faceproc_comp_cfg_debug:233] FaceProc cfg max_height 1088
01-28 20:13:46.526 E/mm-camera-img(  377): faceproc_comp_cfg_debug:236] FaceProc cfg max_width 1920
01-28 20:13:46.526 E/mm-camera-img(  377): faceproc_comp_cfg_debug:239] FaceProc cfg face_orientation_hint 4
01-28 20:13:46.526 E/mm-camera-img(  377): faceproc_comp_cfg_debug:242] FaceProc cfg max_face_size 1000
01-28 20:13:46.526 E/mm-camera-img(  377): faceproc_comp_cfg_debug:245] FaceProc cfg max_num_face_to_detect 10
01-28 20:13:46.526 E/mm-camera-img(  377): faceproc_comp_cfg_debug:248] FaceProc cfg min_face_size 100
01-28 20:13:46.526 E/mm-camera-img(  377): faceproc_comp_cfg_debug:251] FaceProc cfg rotation_range 45
01-28 20:13:46.526 E/mm-camera-img(  377): faceproc_comp_eng_config:1394] Face proc number of faces set 10 
01-28 20:13:46.526 E/mm-camera-img(  377): GetDtRequiredMovieMemSiz bmem 304217 wmem 8857012 rc=0
01-28 20:13:46.526 E/mm-camera-img(  377): After GetDtRequiredMovieMemSiz bmem 315213 wmem 9425332 rc = 0
01-28 20:13:46.526 E/mm-camera-img(  377): GetDtRequiredMovieMemSiz1 value rc=0
01-28 20:13:46.526 E/mm-camera-img(  377): SetWMemoryArea rc=0
01-28 20:13:46.526 E/mm-camera-img(  377): SetBMemoryArea rc=0
01-28 20:13:46.526 E/mm-camera-img(  377): img_comp_start: before wait
01-28 20:13:46.526 E/mm-camera-img(  377): face_proc_thread_loop:367] state 1 abort 0
01-28 20:13:46.526 E/mm-camera-img(  377): img_q_wait: before wait
01-28 20:13:46.526 E/mm-camera-img(  377): img_comp_start: after wait
01-28 20:13:46.526 E/mm-camera(  377): module_faceproc_client_exec:1277] X rc 0
01-28 20:13:46.526 E/mm-camera(  377): module_faceproc_client_start:1685] X
01-28 20:13:46.526 E/mm-camera-img(  377): mod_imglib_map_fd_buffer:253] p_buf 0xb70ab410 p_buf_info 0xb70b34c0
01-28 20:13:46.526 E/mm-camera-img(  377): mod_imglib_map_fd_buffer:271] buffer cnt 0 idx 0 addr 0xb3cee000
01-28 20:13:46.526 E/mm-camera-img(  377): mod_imglib_map_fd_buffer:253] p_buf 0xb70ab500 p_buf_info 0xb70b34c0
01-28 20:13:46.526 E/mm-camera-img(  377): mod_imglib_map_fd_buffer:271] buffer cnt 1 idx 1 addr 0xb3ab4000
01-28 20:13:46.526 E/mm-camera-img(  377): mod_imglib_map_fd_buffer:253] p_buf 0xb70ab600 p_buf_info 0xb70b34c0
01-28 20:13:46.526 E/mm-camera-img(  377): mod_imglib_map_fd_buffer:271] buffer cnt 2 idx 2 addr 0xb387a000
01-28 20:13:46.526 E/mm-camera-img(  377): mod_imglib_map_fd_buffer:253] p_buf 0xb70aba18 p_buf_info 0xb70b34c0
01-28 20:13:46.526 E/mm-camera-img(  377): mod_imglib_map_fd_buffer:271] buffer cnt 3 idx 3 addr 0xb3640000
01-28 20:13:46.526 E/mm-camera-img(  377): mod_imglib_map_fd_buffer:253] p_buf 0xb70abb18 p_buf_info 0xb70b34c0
01-28 20:13:46.526 E/mm-camera-img(  377): mod_imglib_map_fd_buffer:271] buffer cnt 4 idx 4 addr 0xb3406000
01-28 20:13:46.526 E/mm-camera-img(  377): mod_imglib_map_fd_buffer:253] p_buf 0xb70abc18 p_buf_info 0xb70b34c0
01-28 20:13:46.526 E/mm-camera-img(  377): mod_imglib_map_fd_buffer:271] buffer cnt 5 idx 5 addr 0xb31cc000
01-28 20:13:46.526 E/mm-camera-img(  377): mod_imglib_map_fd_buffer:253] p_buf 0xb70abd18 p_buf_info 0xb70b34c0
01-28 20:13:46.526 E/mm-camera-img(  377): mod_imglib_map_fd_buffer:271] buffer cnt 6 idx 6 addr 0xb2f92000
01-28 20:13:46.526 E/mm-camera-img(  377): mod_imglib_map_fd_buffer:253] p_buf 0xb70abe18 p_buf_info 0xb70b34c0
01-28 20:13:46.526 E/mm-camera-img(  377): mod_imglib_map_fd_buffer:271] buffer cnt 7 idx 7 addr 0xb2d58000
01-28 20:13:46.526 E/mm-camera-img(  377): mod_imglib_map_fd_buffer:253] p_buf 0xb70abf18 p_buf_info 0xb70b34c0
01-28 20:13:46.526 E/mm-camera-img(  377): mod_imglib_map_fd_buffer:271] buffer cnt 8 idx 8 addr 0xb2b1e000
01-28 20:13:46.526 E/mm-camera-img(  377): mod_imglib_map_fd_buffer:253] p_buf 0xb70ac018 p_buf_info 0xb70b34c0
01-28 20:13:46.526 E/mm-camera-img(  377): mod_imglib_map_fd_buffer:271] buffer cnt 9 idx 9 addr 0xb28e4000
01-28 20:13:46.526 E/mm-camera-img(  377): mod_imglib_map_fd_buffer:253] p_buf 0xb70ac118 p_buf_info 0xb70b34c0
01-28 20:13:46.526 E/mm-camera-img(  377): mod_imglib_map_fd_buffer:271] buffer cnt 10 idx 10 addr 0xb26aa000
01-28 20:13:46.526 E/mm-camera-img(  377): mod_imglib_map_fd_buffer:253] p_buf 0xb70ac218 p_buf_info 0xb70b34c0
