01-28 20:13:47.246 E/mm-camera(  377): cpp_module_handle_sof_notify_event:574, sending bus msg, session_id=2, R1=4, R2=4
01-28 20:13:47.246 E/mm-camera-intf( 8253): mm_stream_read_msm_frame: VIDIOC_DQBUF buf_index 18, frame_idx 8, stream type 6, time stamp 1390958027 262380000
01-28 20:13:47.246 D/mm-camera-intf( 8253): mm_channel_process_stream_buf:203] type 0
01-28 20:13:47.246 D/mm-camera-intf( 8253): mm_channel_process_stream_buf: Super Buffer received, pending_cnt=0
01-28 20:13:47.276 E/mm-camera(  377): af_fdprio_process: Processing frame 8
01-28 20:13:47.276 E/mm-camera(  377): af_fdprio_process_counters_int:134 Process counters
01-28 20:13:47.276 E/mm-camera(  377): [!!!CML!!!]AF_Lib_Algorithm Bv=-496, Sv=2099, Tv=1000, ocr_on=0, ocr_h=0, fd_on=1, face_num=0, fd_coord_x=0, g_af_state=1, CurrPos=0 
01-28 20:13:47.276 E/mm-camera(  377): [!!!CML_CAF!!!]CAFpos=1 status=1 CAF_status=5 inner= 109378 outer= 10943 Bv= -496 ps7q8Tv=1000 g_Af_max_pos = 124 AF_win_stat.gr_min=80
01-28 20:13:47.276 E/mm-camera(  377): [!!!CML!!!]Getstatus_____AF Status : 1, peAF_Mode = 3
01-28 20:13:47.286 E/mm-camera(  377): cpp_module_handle_buf_divert_event:58, iden=0x20002, frame_id:8
01-28 20:13:47.286 E/mm-camera(  377): cpp_module_put_new_ack_in_list: __dbg: channel_id = 2 
01-28 20:13:47.286 E/mm-camera-intf( 8253): mm_stream_read_msm_frame: VIDIOC_DQBUF buf_index 6, frame_idx 8, stream type 3, time stamp 566 169917000
01-28 20:13:47.286 E/mm-camera(  377): module_faceproc_client_handle_buffer:1809] count 0
01-28 20:13:47.286 E/mm-camera(  377): module_faceproc_client_send_info:1751] active index 0 face_cnt 0
01-28 20:13:47.286 E/mm-camera(  377): module_faceproc_client_send_info:1763] face_cnt 0
01-28 20:13:47.286 E/mm-camera(  377): module_faceproc_client_send_faceinfo:692] 1.000000 1.000000 0 0 out scale 1.000000 1.000000
01-28 20:13:47.286 E/mm-camera(  377): module_faceproc_client_send_faceinfo:694] Num face detected 0
01-28 20:13:47.286 E/mm-camera(  377): module_faceproc_faces_stabilization:586] GJ Invalid input no faces 
01-28 20:13:47.286 E/mm-camera(  377): [FD_ZOOM_DBG] FD_Imglib Num face detected 0
01-28 20:13:47.286 E/mm-camera(  377): module_faceproc_client_send_faceinfo:735] session id 2 mct_mod 0xb70a0608
01-28 20:13:47.286 E/mm-camera(  377): module_faceproc_client_handle_buffer:1827] img_idx 3
01-28 20:13:47.286 E/mm-camera(  377): module_faceproc_client_handle_buffer:1840] buffer 3 0xad4e6008 0xb3640000
01-28 20:13:47.286 D/mm-camera-intf( 8253): mm_channel_process_stream_buf:203] type 0
01-28 20:13:47.286 D/mm-camera-intf( 8253): mm_channel_process_stream_buf: Super Buffer received, pending_cnt=0
01-28 20:13:47.286 E/mm-camera(  377): be_stats_counter 1
01-28 20:13:47.286 E/mm-camera-img(  377): faceproc_comp_queue_buffer:655] q_count 1
01-28 20:13:47.286 E/mm-camera-img(  377): img_q_wait:225] after wait count 1
01-28 20:13:47.286 E/mm-camera-img(  377): img_q_wait:229] data 0xb70bbde0
01-28 20:13:47.286 E/mm-camera-img(  377): faceproc_fd_execute:1142] E
01-28 20:13:47.296 E/mm-camera(  377): [jooho]y[119]=263, y[120]=351, y[121]=144, y[239]=134, y[240]=45, y[241]=32
01-28 20:13:47.296 E/mm-camera-img(  377): faceproc_fd_execute:1174] no faces detected X
01-28 20:13:47.296 E/mm-camera-img(  377): face_proc_thread_loop:420] state 2 abort 0
01-28 20:13:47.296 E/mm-camera(  377): module_faceproc_client_event_handler:1120] buffer idx 3
01-28 20:13:47.296 E/mm-camera-img(  377): face_proc_thread_loop:428] send event
01-28 20:13:47.296 E/mm-camera-img(  377): img_comp_get_param:163] param 514
01-28 20:13:47.296 E/mm-camera-img(  377): faceproc_fd_output:848] num_faces 0
01-28 20:13:47.296 E/mm-camera-img(  377): face_proc_thread_loop:430] send event
01-28 20:13:47.296 E/mm-camera-img(  377): img_q_wait: before wait
01-28 20:13:47.296 E/mm-camera-intf( 8253): mm_stream_read_msm_frame: VIDIOC_DQBUF buf_index 11, frame_idx 8, stream type 1, time stamp 566 169917000
01-28 20:13:47.296 D/mm-camera-intf( 8253): mm_channel_process_stream_buf:203] type 0
01-28 20:13:47.296 D/mm-camera-intf( 8253): mm_channel_process_stream_buf: Super Buffer received, pending_cnt=0
01-28 20:13:47.316 E/mm-camera(  377): cpp_module_handle_sof_notify_event:574, sending bus msg, session_id=2, R1=4, R2=4
01-28 20:13:47.316 E/mm-camera-intf( 8253): mm_stream_read_msm_frame: VIDIOC_DQBUF buf_index 19, frame_idx 9, stream type 6, time stamp 1390958027 329088000
01-28 20:13:47.316 D/mm-camera-intf( 8253): mm_channel_process_stream_buf:203] type 0
01-28 20:13:47.316 D/mm-camera-intf( 8253): mm_channel_process_stream_buf: Super Buffer received, pending_cnt=0
01-28 20:13:47.346 E/mm-camera(  377): af_fdprio_process: Processing frame 9
01-28 20:13:47.346 E/mm-camera(  377): af_fdprio_process_counters_int:134 Process counters
01-28 20:13:47.346 E/mm-camera(  377): [!!!CML!!!]AF_Lib_Algorithm Bv=-442, Sv=2077, Tv=1000, ocr_on=0, ocr_h=0, fd_on=1, face_num=0, fd_coord_x=0, g_af_state=1, CurrPos=0 
01-28 20:13:47.346 E/mm-camera(  377): [!!!CML_CAF!!!]CAFpos=1 status=1 CAF_status=5 inner= 121653 outer= 10906 Bv= -442 ps7q8Tv=1000 g_Af_max_pos = 124 AF_win_stat.gr_min=80
01-28 20:13:47.346 E/mm-camera(  377): [!!!CML!!!]Getstatus_____AF Status : 1, peAF_Mode = 3
01-28 20:13:47.346 E/mm-camera(  377): cpp_module_handle_buf_divert_event:58, iden=0x20002, frame_id:9
01-28 20:13:47.346 E/mm-camera(  377): cpp_module_put_new_ack_in_list: __dbg: channel_id = 2 
01-28 20:13:47.346 E/mm-camera(  377): be_stats_counter 1
01-28 20:13:47.346 E/mm-camera-intf( 8253): mm_stream_read_msm_frame: VIDIOC_DQBUF buf_index 7, frame_idx 9, stream type 3, time stamp 566 236673000
01-28 20:13:47.346 D/mm-camera-intf( 8253): mm_channel_process_stream_buf:203] type 0
01-28 20:13:47.346 D/mm-camera-intf( 8253): mm_channel_process_stream_buf: Super Buffer received, pending_cnt=0
01-28 20:13:47.346 E/mm-camera(  377): module_faceproc_client_handle_buffer:1809] count 1
01-28 20:13:47.356 E/mm-camera(  377): [jooho]y[119]=226, y[120]=335, y[121]=285, y[239]=110, y[240]=84, y[241]=35
01-28 20:13:47.356 E/mm-camera-intf( 8253): mm_stream_read_msm_frame: VIDIOC_DQBUF buf_index 0, frame_idx 9, stream type 1, time stamp 566 236673000
01-28 20:13:47.356 D/mm-camera-intf( 8253): mm_channel_process_stream_buf:203] type 0
01-28 20:13:47.356 D/mm-camera-intf( 8253): mm_channel_process_stream_buf: Super Buffer received, pending_cnt=0
01-28 20:13:47.386 E/mm-camera(  377): cpp_module_handle_sof_notify_event:574, sending bus msg, session_id=2, R1=3, R2=4
01-28 20:13:47.386 E/mm-camera-intf( 8253): mm_stream_read_msm_frame: VIDIOC_DQBUF buf_index 0, frame_idx 10, stream type 6, time stamp 1390958027 395788000
01-28 20:13:47.386 D/mm-camera-intf( 8253): mm_channel_process_stream_buf:203] type 0
01-28 20:13:47.386 D/mm-camera-intf( 8253): mm_channel_process_stream_buf: Super Buffer received, pending_cnt=0
01-28 20:13:47.416 E/mm-camera(  377): af_fdprio_process: Processing frame 10
01-28 20:13:47.416 E/mm-camera(  377): af_fdprio_process_counters_int:134 Process counters
01-28 20:13:47.416 E/mm-camera(  377): [!!!CML!!!]AF_Lib_Algorithm Bv=-409, Sv=2052, Tv=1000, ocr_on=0, ocr_h=0, fd_on=1, face_num=0, fd_coord_x=0, g_af_state=1, CurrPos=0 
01-28 20:13:47.416 E/mm-camera(  377): [!!!CML_CAF!!!]CAFpos=1 status=1 CAF_status=5 inner= 103168 outer= 9992 Bv= -409 ps7q8Tv=1000 g_Af_max_pos = 124 AF_win_stat.gr_min=80
01-28 20:13:47.416 E/mm-camera(  377): [!!!CML!!!]Getstatus_____AF Status : 1, peAF_Mode = 3
01-28 20:13:47.416 E/mm-camera-intf( 8253): mm_stream_read_msm_frame: VIDIOC_DQBUF buf_index 8, frame_idx 10, stream type 3, time stamp 566 303328000
01-28 20:13:47.416 E/mm-camera(  377): cpp_module_handle_buf_divert_event:58, iden=0x20002, frame_id:10
01-28 20:13:47.416 E/mm-camera(  377): cpp_module_put_new_ack_in_list: __dbg: channel_id = 2 
01-28 20:13:47.416 D/mm-camera-intf( 8253): mm_channel_process_stream_buf:203] type 0
01-28 20:13:47.416 D/mm-camera-intf( 8253): mm_channel_process_stream_buf: Super Buffer received, pending_cnt=0
01-28 20:13:47.416 E/mm-camera(  377): be_stats_counter 1
01-28 20:13:47.416 E/mm-camera(  377): module_faceproc_client_handle_buffer:1809] count 0
01-28 20:13:47.416 E/mm-camera(  377): module_faceproc_client_send_info:1751] active index 1 face_cnt 0
01-28 20:13:47.416 E/mm-camera(  377): module_faceproc_client_send_info:1763] face_cnt 0
01-28 20:13:47.416 E/mm-camera(  377): module_faceproc_client_send_faceinfo:692] 1.000000 1.000000 0 0 out scale 1.000000 1.000000
01-28 20:13:47.416 E/mm-camera(  377): module_faceproc_client_send_faceinfo:694] Num face detected 0
01-28 20:13:47.416 E/mm-camera(  377): module_faceproc_faces_stabilization:586] GJ Invalid input no faces 
01-28 20:13:47.416 E/mm-camera(  377): [FD_ZOOM_DBG] FD_Imglib Num face detected 0
01-28 20:13:47.416 E/mm-camera(  377): module_faceproc_client_send_faceinfo:735] session id 2 mct_mod 0xb70a0608
01-28 20:13:47.416 E/mm-camera(  377): module_faceproc_client_handle_buffer:1827] img_idx 0
01-28 20:13:47.416 E/mm-camera(  377): module_faceproc_client_handle_buffer:1840] buffer 4 0xadb2c008 0xb3406000
01-28 20:13:47.416 E/mm-camera-img(  377): faceproc_comp_queue_buffer:655] q_count 1
01-28 20:13:47.416 E/mm-camera-img(  377): img_q_wait:225] after wait count 1
01-28 20:13:47.416 E/mm-camera-img(  377): img_q_wait:229] data 0xb70bb8a0
01-28 20:13:47.416 E/mm-camera-img(  377): faceproc_fd_execute:1142] E
01-28 20:13:47.416 E/mm-camera(  377): [jooho]y[119]=173, y[120]=312, y[121]=318, y[239]=92, y[240]=97, y[241]=37
01-28 20:13:47.426 E/mm-camera-intf( 8253): mm_stream_read_msm_frame: VIDIOC_DQBUF buf_index 1, frame_idx 10, stream type 1, time stamp 566 303328000
01-28 20:13:47.426 D/mm-camera-intf( 8253): mm_channel_process_stream_buf:203] type 0
01-28 20:13:47.426 D/mm-camera-intf( 8253): mm_channel_process_stream_buf: Super Buffer received, pending_cnt=0
01-28 20:13:47.426 E/mm-camera-img(  377): faceproc_fd_execute:1174] no faces detected X
01-28 20:13:47.426 E/mm-camera-img(  377): face_proc_thread_loop:420] state 2 abort 0
01-28 20:13:47.426 E/mm-camera(  377): module_faceproc_client_event_handler:1120] buffer idx 0
01-28 20:13:47.426 E/mm-camera-img(  377): face_proc_thread_loop:428] send event
01-28 20:13:47.426 E/mm-camera-img(  377): img_comp_get_param:163] param 514
01-28 20:13:47.426 E/mm-camera-img(  377): faceproc_fd_output:848] num_faces 0
01-28 20:13:47.426 E/mm-camera-img(  377): face_proc_thread_loop:430] send event
01-28 20:13:47.426 E/mm-camera-img(  377): img_q_wait: before wait
01-28 20:13:47.446 E/mm-camera(  377): cpp_module_handle_sof_notify_event:574, sending bus msg, session_id=2, R1=3, R2=3
01-28 20:13:47.446 E/mm-camera-intf( 8253): mm_stream_read_msm_frame: VIDIOC_DQBUF buf_index 1, frame_idx 11, stream type 6, time stamp 1390958027 462499000
01-28 20:13:47.446 D/mm-camera-intf( 8253): mm_channel_process_stream_buf:203] type 0
01-28 20:13:47.446 D/mm-camera-intf( 8253): mm_channel_process_stream_buf: Super Buffer received, pending_cnt=0
01-28 20:13:47.476 E/mm-camera(  377): af_fdprio_process: Processing frame 11
01-28 20:13:47.476 E/mm-camera(  377): af_fdprio_process_counters_int:134 Process counters
01-28 20:13:47.476 E/mm-camera(  377): [!!!CML!!!]AF_Lib_Algorithm Bv=-393, Sv=2028, Tv=1000, ocr_on=0, ocr_h=0, fd_on=1, face_num=0, fd_coord_x=0, g_af_state=1, CurrPos=0 
01-28 20:13:47.476 E/mm-camera(  377): [!!!CML_CAF!!!]CAFpos=1 status=1 CAF_status=5 inner= 74134 outer= 8863 Bv= -393 ps7q8Tv=1000 g_Af_max_pos = 124 AF_win_stat.gr_min=80
01-28 20:13:47.476 E/mm-camera(  377): [!!!CML!!!]Getstatus_____AF Status : 1, peAF_Mode = 3
01-28 20:13:47.486 E/mm-camera-intf( 8253): mm_stream_read_msm_frame: VIDIOC_DQBUF buf_index 9, frame_idx 11, stream type 3, time stamp 566 370054000
01-28 20:13:47.486 E/mm-camera(  377): cpp_module_handle_buf_divert_event:58, iden=0x20002, frame_id:11
01-28 20:13:47.486 E/mm-camera(  377): cpp_module_put_new_ack_in_list: __dbg: channel_id = 2 
01-28 20:13:47.486 D/mm-camera-intf( 8253): mm_channel_process_stream_buf:203] type 0
01-28 20:13:47.486 D/mm-camera-intf( 8253): mm_channel_process_stream_buf: Super Buffer received, pending_cnt=0
01-28 20:13:47.486 E/mm-camera(  377): be_stats_counter 1
01-28 20:13:47.486 E/mm-camera(  377): module_faceproc_client_handle_buffer:1809] count 1
01-28 20:13:47.486 E/mm-camera(  377): [jooho]y[119]=142, y[120]=276, y[121]=314, y[239]=86, y[240]=90, y[241]=36
01-28 20:13:47.496 E/mm-camera-intf( 8253): mm_stream_read_msm_frame: VIDIOC_DQBUF buf_index 5, frame_idx 11, stream type 1, time stamp 566 370054000
01-28 20:13:47.496 D/mm-camera-intf( 8253): mm_channel_process_stream_buf:203] type 0
01-28 20:13:47.496 D/mm-camera-intf( 8253): mm_channel_process_stream_buf: Super Buffer received, pending_cnt=0
01-28 20:13:47.516 E/mm-camera(  377): cpp_module_handle_sof_notify_event:574, sending bus msg, session_id=2, R1=3, R2=3
01-28 20:13:47.526 E/mm-camera-intf( 8253): mm_stream_read_msm_frame: VIDIOC_DQBUF buf_index 2, frame_idx 12, stream type 6, time stamp 1390958027 533785000
01-28 20:13:47.526 D/mm-camera-intf( 8253): mm_channel_process_stream_buf:203] type 0
01-28 20:13:47.526 D/mm-camera-intf( 8253): mm_channel_process_stream_buf: Super Buffer received, pending_cnt=0
01-28 20:13:47.546 E/mm-camera(  377): af_fdprio_process: Processing frame 12
01-28 20:13:47.546 E/mm-camera(  377): af_fdprio_process_counters_int:134 Process counters
01-28 20:13:47.546 E/mm-camera(  377): [!!!CML!!!]AF_Lib_Algorithm Bv=-378, Sv=2007, Tv=1000, ocr_on=0, ocr_h=0, fd_on=1, face_num=0, fd_coord_x=0, g_af_state=1, CurrPos=0 
01-28 20:13:47.546 E/mm-camera(  377): [!!!CML_CAF!!!]CAFpos=1 status=1 CAF_status=5 inner= 53589 outer= 9515 Bv= -378 ps7q8Tv=1000 g_Af_max_pos = 124 AF_win_stat.gr_min=80
01-28 20:13:47.546 E/mm-camera(  377): [!!!CML!!!]Getstatus_____AF Status : 1, peAF_Mode = 3
01-28 20:13:47.546 E/mm-camera-intf( 8253): mm_stream_read_msm_frame: VIDIOC_DQBUF buf_index 10, frame_idx 12, stream type 3, time stamp 566 436748000
01-28 20:13:47.546 E/mm-camera(  377): cpp_module_handle_buf_divert_event:58, iden=0x20002, frame_id:12
01-28 20:13:47.546 E/mm-camera(  377): cpp_module_put_new_ack_in_list: __dbg: channel_id = 2 
01-28 20:13:47.546 D/mm-camera-intf( 8253): mm_channel_process_stream_buf:203] type 0
01-28 20:13:47.546 D/mm-camera-intf( 8253): mm_channel_process_stream_buf: Super Buffer received, pending_cnt=0
01-28 20:13:47.546 E/mm-camera(  377): module_faceproc_client_handle_buffer:1809] count 0
01-28 20:13:47.546 E/mm-camera(  377): module_faceproc_client_send_info:1751] active index 0 face_cnt 0
01-28 20:13:47.546 E/mm-camera(  377): module_faceproc_client_send_info:1763] face_cnt 0
01-28 20:13:47.546 E/mm-camera(  377): module_faceproc_client_send_faceinfo:692] 1.000000 1.000000 0 0 out scale 1.000000 1.000000
01-28 20:13:47.546 E/mm-camera(  377): module_faceproc_client_send_faceinfo:694] Num face detected 0
01-28 20:13:47.546 E/mm-camera(  377): module_faceproc_faces_stabilization:586] GJ Invalid input no faces 
01-28 20:13:47.546 E/mm-camera(  377): [FD_ZOOM_DBG] FD_Imglib Num face detected 0
01-28 20:13:47.546 E/mm-camera(  377): module_faceproc_client_send_faceinfo:735] session id 2 mct_mod 0xb70a0608
01-28 20:13:47.546 E/mm-camera(  377): module_faceproc_client_handle_buffer:1827] img_idx 1
01-28 20:13:47.546 E/mm-camera(  377): module_faceproc_client_handle_buffer:1840] buffer 2 0xad9b0008 0xb387a000
01-28 20:13:47.546 E/mm-camera(  377): be_stats_counter 1
01-28 20:13:47.546 E/mm-camera-img(  377): faceproc_comp_queue_buffer:655] q_count 1
01-28 20:13:47.546 E/mm-camera-img(  377): img_q_wait:225] after wait count 1
01-28 20:13:47.546 E/mm-camera-img(  377): img_q_wait:229] data 0xb70bba60
01-28 20:13:47.546 E/mm-camera-img(  377): faceproc_fd_execute:1142] E
01-28 20:13:47.556 E/mm-camera(  377): [jooho]y[119]=128, y[120]=269, y[121]=296, y[239]=89, y[240]=76, y[241]=31
01-28 20:13:47.556 E/mm-camera-intf( 8253): mm_stream_read_msm_frame: VIDIOC_DQBUF buf_index 6, frame_idx 12, stream type 1, time stamp 566 436748000
01-28 20:13:47.556 D/mm-camera-intf( 8253): mm_channel_process_stream_buf:203] type 0
01-28 20:13:47.556 D/mm-camera-intf( 8253): mm_channel_process_stream_buf: Super Buffer received, pending_cnt=0
01-28 20:13:47.576 E/mm-camera-img(  377): faceproc_fd_execute:1174] no faces detected X
01-28 20:13:47.576 E/mm-camera-img(  377): face_proc_thread_loop:420] state 2 abort 0
01-28 20:13:47.576 E/mm-camera(  377): module_faceproc_client_event_handler:1120] buffer idx 1
01-28 20:13:47.576 E/mm-camera-img(  377): face_proc_thread_loop:428] send event
01-28 20:13:47.576 E/mm-camera-img(  377): img_comp_get_param:163] param 514
01-28 20:13:47.576 E/mm-camera-img(  377): faceproc_fd_output:848] num_faces 0
01-28 20:13:47.576 E/mm-camera-img(  377): face_proc_thread_loop:430] send event
01-28 20:13:47.576 E/mm-camera-img(  377): img_q_wait: before wait
01-28 20:13:47.586 E/mm-camera(  377): cpp_module_handle_sof_notify_event:574, sending bus msg, session_id=2, R1=3, R2=3
01-28 20:13:47.586 E/mm-camera-intf( 8253): mm_stream_read_msm_frame: VIDIOC_DQBUF buf_index 3, frame_idx 13, stream type 6, time stamp 1390958027 595907000
01-28 20:13:47.586 D/mm-camera-intf( 8253): mm_channel_process_stream_buf:203] type 0
01-28 20:13:47.586 D/mm-camera-intf( 8253): mm_channel_process_stream_buf: Super Buffer received, pending_cnt=0
01-28 20:13:47.606 E/mm-camera(  377): af_fdprio_process: Processing frame 13
01-28 20:13:47.616 E/mm-camera(  377): af_fdprio_process_counters_int:134 Process counters
01-28 20:13:47.616 E/mm-camera(  377): [!!!CML!!!]AF_Lib_Algorithm Bv=-370, Sv=1991, Tv=1000, ocr_on=0, ocr_h=0, fd_on=1, face_num=0, fd_coord_x=0, g_af_state=1, CurrPos=0 
01-28 20:13:47.616 E/mm-camera(  377): [!!!CML_CAF!!!]CAFpos=1 status=1 CAF_status=5 inner= 76847 outer= 11869 Bv= -370 ps7q8Tv=1000 g_Af_max_pos = 124 AF_win_stat.gr_min=80
01-28 20:13:47.616 E/mm-camera(  377): [!!!CML!!!]Getstatus_____AF Status : 1, peAF_Mode = 3
01-28 20:13:47.616 E/mm-camera-intf( 8253): mm_stream_read_msm_frame: VIDIOC_DQBUF buf_index 11, frame_idx 13, stream type 3, time stamp 566 503449000
01-28 20:13:47.616 E/mm-camera(  377): cpp_module_handle_buf_divert_event:58, iden=0x20002, frame_id:13
01-28 20:13:47.616 E/mm-camera(  377): cpp_module_put_new_ack_in_list: __dbg: channel_id = 2 
01-28 20:13:47.616 D/mm-camera-intf( 8253): mm_channel_process_stream_buf:203] type 0
01-28 20:13:47.616 D/mm-camera-intf( 8253): mm_channel_process_stream_buf: Super Buffer received, pending_cnt=0
01-28 20:13:47.616 E/mm-camera(  377): be_stats_counter 1
01-28 20:13:47.616 E/mm-camera(  377): module_faceproc_client_handle_buffer:1809] count 1
01-28 20:13:47.616 E/mm-camera(  377): [jooho]y[119]=134, y[120]=244, y[121]=283, y[239]=86, y[240]=67, y[241]=26
01-28 20:13:47.626 E/mm-camera-intf( 8253): mm_stream_read_msm_frame: VIDIOC_DQBUF buf_index 7, frame_idx 13, stream type 1, time stamp 566 503449000
01-28 20:13:47.626 D/mm-camera-intf( 8253): mm_channel_process_stream_buf:203] type 0
01-28 20:13:47.626 D/mm-camera-intf( 8253): mm_channel_process_stream_buf: Super Buffer received, pending_cnt=0
01-28 20:13:47.646 E/mm-camera(  377): cpp_module_handle_sof_notify_event:574, sending bus msg, session_id=2, R1=3, R2=3
01-28 20:13:47.646 E/mm-camera-intf( 8253): mm_stream_read_msm_frame: VIDIOC_DQBUF buf_index 4, frame_idx 14, stream type 6, time stamp 1390958027 662620000
01-28 20:13:47.646 D/mm-camera-intf( 8253): mm_channel_process_stream_buf:203] type 0
01-28 20:13:47.646 D/mm-camera-intf( 8253): mm_channel_process_stream_buf: Super Buffer received, pending_cnt=0
01-28 20:13:47.676 E/mm-camera(  377): af_fdprio_process: Processing frame 14
01-28 20:13:47.676 E/mm-camera(  377): af_fdprio_process_counters_int:134 Process counters
01-28 20:13:47.676 E/mm-camera(  377): [!!!CML!!!]AF_Lib_Algorithm Bv=-356, Sv=1974, Tv=1000, ocr_on=0, ocr_h=0, fd_on=1, face_num=0, fd_coord_x=0, g_af_state=1, CurrPos=0 
01-28 20:13:47.676 E/mm-camera(  377): [!!!CML_CAF!!!]CAFpos=1 status=1 CAF_status=5 inner= 49374 outer= 9043 Bv= -356 ps7q8Tv=1000 g_Af_max_pos = 124 AF_win_stat.gr_min=80
01-28 20:13:47.676 E/mm-camera(  377): [!!!CML!!!]Getstatus_____AF Status : 1, peAF_Mode = 3
01-28 20:13:47.686 E/mm-camera-intf( 8253): mm_stream_read_msm_frame: VIDIOC_DQBUF buf_index 0, frame_idx 14, stream type 3, time stamp 566 570164000
01-28 20:13:47.686 D/mm-camera-intf( 8253): mm_channel_process_stream_buf:203] type 0
01-28 20:13:47.686 E/mm-camera(  377): cpp_module_handle_buf_divert_event:58, iden=0x20002, frame_id:14
01-28 20:13:47.686 E/mm-camera(  377): cpp_module_put_new_ack_in_list: __dbg: channel_id = 2 
01-28 20:13:47.686 D/mm-camera-intf( 8253): mm_channel_process_stream_buf: Super Buffer received, pending_cnt=0
01-28 20:13:47.686 E/mm-camera(  377): be_stats_counter 1
01-28 20:13:47.686 E/mm-camera(  377): module_faceproc_client_handle_buffer:1809] count 0
01-28 20:13:47.686 E/mm-camera(  377): module_faceproc_client_send_info:1751] active index 1 face_cnt 0
01-28 20:13:47.686 E/mm-camera(  377): module_faceproc_client_send_info:1763] face_cnt 0
01-28 20:13:47.686 E/mm-camera(  377): module_faceproc_client_send_faceinfo:692] 1.000000 1.000000 0 0 out scale 1.000000 1.000000
01-28 20:13:47.686 E/mm-camera(  377): module_faceproc_client_send_faceinfo:694] Num face detected 0
01-28 20:13:47.686 E/mm-camera(  377): module_faceproc_faces_stabilization:586] GJ Invalid input no faces 
01-28 20:13:47.686 E/mm-camera(  377): [FD_ZOOM_DBG] FD_Imglib Num face detected 0
01-28 20:13:47.686 E/mm-camera(  377): module_faceproc_client_send_faceinfo:735] session id 2 mct_mod 0xb70a0608
01-28 20:13:47.686 E/mm-camera(  377): module_faceproc_client_handle_buffer:1827] img_idx 2
01-28 20:13:47.686 E/mm-camera(  377): module_faceproc_client_handle_buffer:1840] buffer 3 0xad662008 0xb3640000
01-28 20:13:47.686 E/mm-camera-img(  377): faceproc_comp_queue_buffer:655] q_count 1
01-28 20:13:47.686 E/mm-camera-img(  377): img_q_wait:225] after wait count 1
01-28 20:13:47.686 E/mm-camera-img(  377): img_q_wait:229] data 0xb70bbc20
01-28 20:13:47.686 E/mm-camera-img(  377): faceproc_fd_execute:1142] E
01-28 20:13:47.696 E/mm-camera(  377): [jooho]y[119]=138, y[120]=230, y[121]=267, y[239]=87, y[240]=54, y[241]=24
01-28 20:13:47.696 E/mm-camera-img(  377): faceproc_fd_execute:1174] no faces detected X
01-28 20:13:47.696 E/mm-camera-img(  377): face_proc_thread_loop:420] state 2 abort 0
01-28 20:13:47.696 E/mm-camera(  377): module_faceproc_client_event_handler:1120] buffer idx 2
01-28 20:13:47.696 E/mm-camera-img(  377): face_proc_thread_loop:428] send event
01-28 20:13:47.696 E/mm-camera-img(  377): img_comp_get_param:163] param 514
01-28 20:13:47.696 E/mm-camera-img(  377): faceproc_fd_output:848] num_faces 0
01-28 20:13:47.696 E/mm-camera-img(  377): face_proc_thread_loop:430] send event
01-28 20:13:47.696 E/mm-camera-img(  377): img_q_wait: before wait
01-28 20:13:47.696 E/mm-camera-intf( 8253): mm_stream_read_msm_frame: VIDIOC_DQBUF buf_index 8, frame_idx 14, stream type 1, time stamp 566 570164000
01-28 20:13:47.696 D/mm-camera-intf( 8253): mm_channel_process_stream_buf:203] type 0
01-28 20:13:47.696 D/mm-camera-intf( 8253): mm_channel_process_stream_buf: Super Buffer received, pending_cnt=0
01-28 20:13:47.716 E/mm-camera(  377): cpp_module_handle_sof_notify_event:574, sending bus msg, session_id=2, R1=3, R2=3
01-28 20:13:47.716 E/mm-camera-intf( 8253): mm_stream_read_msm_frame: VIDIOC_DQBUF buf_index 5, frame_idx 15, stream type 6, time stamp 1390958027 729316000
01-28 20:13:47.716 D/mm-camera-intf( 8253): mm_channel_process_stream_buf:203] type 0
01-28 20:13:47.716 D/mm-camera-intf( 8253): mm_channel_process_stream_buf: Super Buffer received, pending_cnt=0
01-28 20:13:47.746 E/mm-camera(  377): af_fdprio_process: Processing frame 15
01-28 20:13:47.746 E/mm-camera(  377): af_fdprio_process_counters_int:134 Process counters
01-28 20:13:47.746 E/mm-camera(  377): [!!!CML!!!]AF_Lib_Algorithm Bv=-344, Sv=1957, Tv=1000, ocr_on=0, ocr_h=0, fd_on=1, face_num=0, fd_coord_x=0, g_af_state=1, CurrPos=0 
01-28 20:13:47.746 E/mm-camera(  377): [!!!CML_CAF!!!]CAFpos=1 status=1 CAF_status=5 inner= 37037 outer= 9064 Bv= -344 ps7q8Tv=1000 g_Af_max_pos = 124 AF_win_stat.gr_min=80
01-28 20:13:47.746 E/mm-camera(  377): [!!!CML!!!]Getstatus_____AF Status : 1, peAF_Mode = 3
01-28 20:13:47.746 E/mm-camera-intf( 8253): mm_stream_read_msm_frame: VIDIOC_DQBUF buf_index 1, frame_idx 15, stream type 3, time stamp 566 636862000
01-28 20:13:47.746 E/mm-camera(  377): cpp_module_handle_buf_divert_event:58, iden=0x20002, frame_id:15
01-28 20:13:47.746 E/mm-camera(  377): cpp_module_put_new_ack_in_list: __dbg: channel_id = 2 
01-28 20:13:47.746 D/mm-camera-intf( 8253): mm_channel_process_stream_buf:203] type 0
01-28 20:13:47.746 D/mm-camera-intf( 8253): mm_channel_process_stream_buf: Super Buffer received, pending_cnt=0
01-28 20:13:47.746 E/mm-camera(  377): be_stats_counter 1
01-28 20:13:47.746 E/mm-camera(  377): module_faceproc_client_handle_buffer:1809] count 1
01-28 20:13:47.756 E/mm-camera(  377): [jooho]y[119]=154, y[120]=229, y[121]=245, y[239]=97, y[240]=39, y[241]=23
01-28 20:13:47.756 E/mm-camera-intf( 8253): mm_stream_read_msm_frame: VIDIOC_DQBUF buf_index 9, frame_idx 15, stream type 1, time stamp 566 636862000
01-28 20:13:47.756 D/mm-camera-intf( 8253): mm_channel_process_stream_buf:203] type 0
01-28 20:13:47.756 D/mm-camera-intf( 8253): mm_channel_process_stream_buf: Super Buffer received, pending_cnt=0
01-28 20:13:47.786 E/mm-camera(  377): cpp_module_handle_sof_notify_event:574, sending bus msg, session_id=2, R1=3, R2=3
01-28 20:13:47.786 E/mm-camera-intf( 8253): mm_stream_read_msm_frame: VIDIOC_DQBUF buf_index 6, frame_idx 16, stream type 6, time stamp 1390958027 796031000
01-28 20:13:47.786 D/mm-camera-intf( 8253): mm_channel_process_stream_buf:203] type 0
01-28 20:13:47.786 D/mm-camera-intf( 8253): mm_channel_process_stream_buf: Super Buffer received, pending_cnt=0
01-28 20:13:47.816 E/mm-camera(  377): af_fdprio_process: Processing frame 16
01-28 20:13:47.816 E/mm-camera(  377): af_fdprio_process_counters_int:134 Process counters
01-28 20:13:47.816 E/mm-camera(  377): [!!!CML!!!]AF_Lib_Algorithm Bv=-344, Sv=1945, Tv=1000, ocr_on=0, ocr_h=0, fd_on=1, face_num=0, fd_coord_x=0, g_af_state=1, CurrPos=0 
01-28 20:13:47.816 E/mm-camera(  377): [!!!CML_CAF!!!]CAFpos=1 status=1 CAF_status=5 inner= 31006 outer= 7241 Bv= -344 ps7q8Tv=1000 g_Af_max_pos = 124 AF_win_stat.gr_min=80
01-28 20:13:47.816 E/mm-camera(  377): [!!!CML!!!]Getstatus_____AF Status : 1, peAF_Mode = 3
01-28 20:13:47.816 E/mm-camera-intf( 8253): mm_stream_read_msm_frame: VIDIOC_DQBUF buf_index 2, frame_idx 16, stream type 3, time stamp 566 703569000
01-28 20:13:47.816 E/mm-camera(  377): cpp_module_handle_buf_divert_event:58, iden=0x20002, frame_id:16
01-28 20:13:47.816 E/mm-camera(  377): cpp_module_put_new_ack_in_list: __dbg: channel_id = 2 
01-28 20:13:47.816 E/mm-camera(  377): module_faceproc_client_handle_buffer:1809] count 0
01-28 20:13:47.816 E/mm-camera(  377): module_faceproc_client_send_info:1751] active index 0 face_cnt 0
01-28 20:13:47.816 E/mm-camera(  377): module_faceproc_client_send_info:1763] face_cnt 0
01-28 20:13:47.816 E/mm-camera(  377): module_faceproc_client_send_faceinfo:692] 1.000000 1.000000 0 0 out scale 1.000000 1.000000
01-28 20:13:47.816 E/mm-camera(  377): module_faceproc_client_send_faceinfo:694] Num face detected 0
01-28 20:13:47.816 E/mm-camera(  377): module_faceproc_faces_stabilization:586] GJ Invalid input no faces 
01-28 20:13:47.816 E/mm-camera(  377): [FD_ZOOM_DBG] FD_Imglib Num face detected 0
01-28 20:13:47.816 E/mm-camera(  377): module_faceproc_client_send_faceinfo:735] session id 2 mct_mod 0xb70a0608
01-28 20:13:47.816 E/mm-camera(  377): module_faceproc_client_handle_buffer:1827] img_idx 3
01-28 20:13:47.816 E/mm-camera(  377): module_faceproc_client_handle_buffer:1840] buffer 4 0xad4e6008 0xb3406000
01-28 20:13:47.816 E/mm-camera(  377): be_stats_counter 1
01-28 20:13:47.816 D/mm-camera-intf( 8253): mm_channel_process_stream_buf:203] type 0
01-28 20:13:47.816 D/mm-camera-intf( 8253): mm_channel_process_stream_buf: Super Buffer received, pending_cnt=0
01-28 20:13:47.816 E/mm-camera-img(  377): faceproc_comp_queue_buffer:655] q_count 1
01-28 20:13:47.816 E/mm-camera-img(  377): img_q_wait:225] after wait count 1
01-28 20:13:47.816 E/mm-camera-img(  377): img_q_wait:229] data 0xb70bbde0
01-28 20:13:47.816 E/mm-camera-img(  377): faceproc_fd_execute:1142] E
01-28 20:13:47.816 E/mm-camera(  377): [jooho]y[119]=151, y[120]=210, y[121]=237, y[239]=86, y[240]=44, y[241]=21
01-28 20:13:47.826 E/mm-camera-intf( 8253): mm_stream_read_msm_frame: VIDIOC_DQBUF buf_index 10, frame_idx 16, stream type 1, time stamp 566 703569000
01-28 20:13:47.826 D/mm-camera-intf( 8253): mm_channel_process_stream_buf:203] type 0
01-28 20:13:47.826 D/mm-camera-intf( 8253): mm_channel_process_stream_buf: Super Buffer received, pending_cnt=0
01-28 20:13:47.826 E/mm-camera-img(  377): faceproc_fd_execute:1174] no faces detected X
01-28 20:13:47.826 E/mm-camera-img(  377): face_proc_thread_loop:420] state 2 abort 0
01-28 20:13:47.826 E/mm-camera(  377): module_faceproc_client_event_handler:1120] buffer idx 3
01-28 20:13:47.826 E/mm-camera-img(  377): face_proc_thread_loop:428] send event
01-28 20:13:47.826 E/mm-camera-img(  377): img_comp_get_param:163] param 514
01-28 20:13:47.826 E/mm-camera-img(  377): faceproc_fd_output:848] num_faces 0
01-28 20:13:47.826 E/mm-camera-img(  377): face_proc_thread_loop:430] send event
01-28 20:13:47.826 E/mm-camera-img(  377): img_q_wait: before wait
01-28 20:13:47.846 E/mm-camera(  377): cpp_module_handle_sof_notify_event:574, sending bus msg, session_id=2, R1=3, R2=3
01-28 20:13:47.846 E/mm-camera-intf( 8253): mm_stream_read_msm_frame: VIDIOC_DQBUF buf_index 7, frame_idx 17, stream type 6, time stamp 1390958027 862741000
01-28 20:13:47.846 D/mm-camera-intf( 8253): mm_channel_process_stream_buf:203] type 0
01-28 20:13:47.846 D/mm-camera-intf( 8253): mm_channel_process_stream_buf: Super Buffer received, pending_cnt=0
01-28 20:13:47.876 E/mm-camera(  377): af_fdprio_process: Processing frame 17
01-28 20:13:47.876 E/mm-camera(  377): af_fdprio_process_counters_int:134 Process counters
01-28 20:13:47.876 E/mm-camera(  377): [!!!CML!!!]AF_Lib_Algorithm Bv=-317, Sv=1930, Tv=1000, ocr_on=0, ocr_h=0, fd_on=1, face_num=0, fd_coord_x=0, g_af_state=1, CurrPos=0 
01-28 20:13:47.876 E/mm-camera(  377): [!!!CML_CAF!!!]CAFpos=1 status=1 CAF_status=5 inner= 17901 outer= 5861 Bv= -317 ps7q8Tv=1000 g_Af_max_pos = 124 AF_win_stat.gr_min=80
01-28 20:13:47.876 E/mm-camera(  377): [!!!CML!!!]Getstatus_____AF Status : 1, peAF_Mode = 3
01-28 20:13:47.886 E/mm-camera-intf( 8253): mm_stream_read_msm_frame: VIDIOC_DQBUF buf_index 4, frame_idx 17, stream type 3, time stamp 566 770273000
01-28 20:13:47.886 E/mm-camera(  377): cpp_module_handle_buf_divert_event:58, iden=0x20002, frame_id:17
01-28 20:13:47.886 E/mm-camera(  377): cpp_module_put_new_ack_in_list: __dbg: channel_id = 2 
01-28 20:13:47.886 D/mm-camera-intf( 8253): mm_channel_process_stream_buf:203] type 0
01-28 20:13:47.886 D/mm-camera-intf( 8253): mm_channel_process_stream_buf: Super Buffer received, pending_cnt=0
01-28 20:13:47.886 E/mm-camera(  377): be_stats_counter 1
01-28 20:13:47.886 E/mm-camera(  377): module_faceproc_client_handle_buffer:1809] count 1
01-28 20:13:47.886 E/mm-camera(  377): [jooho]y[119]=139, y[120]=166, y[121]=227, y[239]=62, y[240]=64, y[241]=23
01-28 20:13:47.886 E/mm-camera-intf( 8253): mm_stream_read_msm_frame: VIDIOC_DQBUF buf_index 11, frame_idx 17, stream type 1, time stamp 566 770273000
01-28 20:13:47.886 D/mm-camera-intf( 8253): mm_channel_process_stream_buf:203] type 0
01-28 20:13:47.886 D/mm-camera-intf( 8253): mm_channel_process_stream_buf: Super Buffer received, pending_cnt=0
01-28 20:13:47.916 E/mm-camera(  377): cpp_module_handle_sof_notify_event:574, sending bus msg, session_id=2, R1=3, R2=3
01-28 20:13:47.916 E/mm-camera-intf( 8253): mm_stream_read_msm_frame: VIDIOC_DQBUF buf_index 8, frame_idx 18, stream type 6, time stamp 1390958027 929447000
01-28 20:13:47.916 D/mm-camera-intf( 8253): mm_channel_process_stream_buf:203] type 0
01-28 20:13:47.916 D/mm-camera-intf( 8253): mm_channel_process_stream_buf: Super Buffer received, pending_cnt=0
01-28 20:13:47.946 E/mm-camera(  377): af_fdprio_process: Processing frame 18
01-28 20:13:47.946 E/mm-camera(  377): af_fdprio_process_counters_int:134 Process counters
01-28 20:13:47.946 E/mm-camera(  377): [!!!CML!!!]AF_Lib_Algorithm Bv=-271, Sv=1907, Tv=1000, ocr_on=0, ocr_h=0, fd_on=1, face_num=0, fd_coord_x=0, g_af_state=1, CurrPos=0 
01-28 20:13:47.946 E/mm-camera(  377): [!!!CML_CAF!!!]CAFpos=1 status=1 CAF_status=5 inner= 21508 outer= 7746 Bv= -271 ps7q8Tv=1000 g_Af_max_pos = 124 AF_win_stat.gr_min=80
01-28 20:13:47.946 E/mm-camera(  377): [!!!CML!!!]Getstatus_____AF Status : 1, peAF_Mode = 3
01-28 20:13:47.946 E/mm-camera(  377): cpp_module_handle_buf_divert_event:58, iden=0x20002, frame_id:18
01-28 20:13:47.946 E/mm-camera(  377): cpp_module_put_new_ack_in_list: __dbg: channel_id = 2 
01-28 20:13:47.946 E/mm-camera-intf( 8253): mm_stream_read_msm_frame: VIDIOC_DQBUF buf_index 3, frame_idx 18, stream type 3, time stamp 566 836983000
01-28 20:13:47.946 D/mm-camera-intf( 8253): mm_channel_process_stream_buf:203] type 0
01-28 20:13:47.946 D/mm-camera-intf( 8253): mm_channel_process_stream_buf: Super Buffer received, pending_cnt=0
01-28 20:13:47.946 E/mm-camera(  377): be_stats_counter 1
01-28 20:13:47.956 E/mm-camera(  377): module_faceproc_client_handle_buffer:1809] count 0
01-28 20:13:47.956 E/mm-camera(  377): module_faceproc_client_send_info:1751] active index 1 face_cnt 0
01-28 20:13:47.956 E/mm-camera(  377): module_faceproc_client_send_info:1763] face_cnt 0
01-28 20:13:47.956 E/mm-camera(  377): module_faceproc_client_send_faceinfo:692] 1.000000 1.000000 0 0 out scale 1.000000 1.000000
01-28 20:13:47.956 E/mm-camera(  377): module_faceproc_client_send_faceinfo:694] Num face detected 0
01-28 20:13:47.956 E/mm-camera(  377): module_faceproc_faces_stabilization:586] GJ Invalid input no faces 
01-28 20:13:47.956 E/mm-camera(  377): [FD_ZOOM_DBG] FD_Imglib Num face detected 0
01-28 20:13:47.956 E/mm-camera(  377): module_faceproc_client_send_faceinfo:735] session id 2 mct_mod 0xb70a0608
01-28 20:13:47.956 E/mm-camera(  377): module_faceproc_client_handle_buffer:1827] img_idx 0
01-28 20:13:47.956 E/mm-camera(  377): module_faceproc_client_handle_buffer:1840] buffer 2 0xadb2c008 0xb387a000
01-28 20:13:47.956 E/mm-camera-img(  377): faceproc_comp_queue_buffer:655] q_count 1
01-28 20:13:47.956 E/mm-camera-img(  377): img_q_wait:225] after wait count 1
01-28 20:13:47.956 E/mm-camera-img(  377): img_q_wait:229] data 0xb70bb8a0
01-28 20:13:47.956 E/mm-camera-img(  377): faceproc_fd_execute:1142] E
01-28 20:13:47.956 E/mm-camera(  377): [jooho]y[119]=122, y[120]=134, y[121]=215, y[239]=49, y[240]=75, y[241]=23
01-28 20:13:47.956 E/mm-camera-img(  377): faceproc_fd_execute:1174] no faces detected X
01-28 20:13:47.956 E/mm-camera-img(  377): face_proc_thread_loop:420] state 2 abort 0
01-28 20:13:47.956 E/mm-camera(  377): module_faceproc_client_event_handler:1120] buffer idx 0
01-28 20:13:47.956 E/mm-camera-img(  377): face_proc_thread_loop:428] send event
01-28 20:13:47.956 E/mm-camera-img(  377): img_comp_get_param:163] param 514
01-28 20:13:47.956 E/mm-camera-img(  377): faceproc_fd_output:848] num_faces 0
01-28 20:13:47.956 E/mm-camera-img(  377): face_proc_thread_loop:430] send event
01-28 20:13:47.956 E/mm-camera-img(  377): img_q_wait: before wait
01-28 20:13:47.956 E/mm-camera-intf( 8253): mm_stream_read_msm_frame: VIDIOC_DQBUF buf_index 0, frame_idx 18, stream type 1, time stamp 566 836983000
01-28 20:13:47.956 D/mm-camera-intf( 8253): mm_channel_process_stream_buf:203] type 0
01-28 20:13:47.956 D/mm-camera-intf( 8253): mm_channel_process_stream_buf: Super Buffer received, pending_cnt=0
01-28 20:13:47.986 E/mm-camera(  377): cpp_module_handle_sof_notify_event:574, sending bus msg, session_id=2, R1=3, R2=3
01-28 20:13:47.986 E/mm-camera-intf( 8253): mm_stream_read_msm_frame: VIDIOC_DQBUF buf_index 9, frame_idx 19, stream type 6, time stamp 1390958027 996152000
01-28 20:13:47.986 D/mm-camera-intf( 8253): mm_channel_process_stream_buf:203] type 0
01-28 20:13:47.986 D/mm-camera-intf( 8253): mm_channel_process_stream_buf: Super Buffer received, pending_cnt=0
01-28 20:13:48.016 E/mm-camera(  377): af_fdprio_process: Processing frame 19
01-28 20:13:48.016 E/mm-camera(  377): af_fdprio_process_counters_int:134 Process counters
01-28 20:13:48.016 E/mm-camera(  377): [!!!CML!!!]AF_Lib_Algorithm Bv=-249, Sv=1883, Tv=1000, ocr_on=0, ocr_h=0, fd_on=1, face_num=0, fd_coord_x=0, g_af_state=1, CurrPos=0 
01-28 20:13:48.016 E/mm-camera(  377): [!!!CML_CAF!!!]CAFpos=1 status=1 CAF_status=5 inner= 27979 outer= 7885 Bv= -249 ps7q8Tv=1000 g_Af_max_pos = 124 AF_win_stat.gr_min=80
01-28 20:13:48.016 E/mm-camera(  377): [!!!CML!!!]Getstatus_____AF Status : 1, peAF_Mode = 3
01-28 20:13:48.016 E/mm-camera-intf( 8253): mm_stream_read_msm_frame: VIDIOC_DQBUF buf_index 5, frame_idx 19, stream type 3, time stamp 566 903693000
01-28 20:13:48.016 E/mm-camera(  377): cpp_module_handle_buf_divert_event:58, iden=0x20002, frame_id:19
01-28 20:13:48.016 E/mm-camera(  377): cpp_module_put_new_ack_in_list: __dbg: channel_id = 2 
01-28 20:13:48.016 E/mm-camera(  377): module_faceproc_client_handle_buffer:1809] count 1
01-28 20:13:48.016 D/mm-camera-intf( 8253): mm_channel_process_stream_buf:203] type 0
01-28 20:13:48.016 D/mm-camera-intf( 8253): mm_channel_process_stream_buf: Super Buffer received, pending_cnt=0
01-28 20:13:48.016 E/mm-camera(  377): be_stats_counter 1
01-28 20:13:48.016 E/mm-camera-intf( 8253): mm_stream_read_msm_frame: VIDIOC_DQBUF buf_index 1, frame_idx 19, stream type 1, time stamp 566 903693000
01-28 20:13:48.016 D/mm-camera-intf( 8253): mm_channel_process_stream_buf:203] type 0
01-28 20:13:48.026 D/mm-camera-intf( 8253): mm_channel_process_stream_buf: Super Buffer received, pending_cnt=0
01-28 20:13:48.026 E/mm-camera(  377): [jooho]y[119]=117, y[120]=123, y[121]=207, y[239]=45, y[240]=76, y[241]=24
01-28 20:13:48.046 E/mm-camera(  377): cpp_module_handle_sof_notify_event:574, sending bus msg, session_id=2, R1=3, R2=3
01-28 20:13:48.046 E/mm-camera-intf( 8253): mm_stream_read_msm_frame: VIDIOC_DQBUF buf_index 10, frame_idx 20, stream type 6, time stamp 1390958028 62869000
01-28 20:13:48.046 D/mm-camera-intf( 8253): mm_channel_process_stream_buf:203] type 0
01-28 20:13:48.046 D/mm-camera-intf( 8253): mm_channel_process_stream_buf: Super Buffer received, pending_cnt=0
01-28 20:13:48.076 E/mm-camera(  377): af_fdprio_process: Processing frame 20
01-28 20:13:48.076 E/mm-camera(  377): af_fdprio_process_counters_int:134 Process counters
01-28 20:13:48.076 E/mm-camera(  377): [!!!CML!!!]AF_Lib_Algorithm Bv=-232, Sv=1861, Tv=1000, ocr_on=0, ocr_h=0, fd_on=1, face_num=0, fd_coord_x=0, g_af_state=1, CurrPos=0 
01-28 20:13:48.076 E/mm-camera(  377): [!!!CML_CAF!!!]CAFpos=1 status=1 CAF_status=5 inner= 18158 outer= 7154 Bv= -232 ps7q8Tv=1000 g_Af_max_pos = 124 AF_win_stat.gr_min=80
01-28 20:13:48.076 E/mm-camera(  377): [!!!CML!!!]Getstatus_____AF Status : 1, peAF_Mode = 3
01-28 20:13:48.096 E/mm-camera-intf( 8253): mm_stream_read_msm_frame: VIDIOC_DQBUF buf_index 6, frame_idx 20, stream type 3, time stamp 566 973505000
01-28 20:13:48.096 D/mm-camera-intf( 8253): mm_channel_process_stream_buf:203] type 0
01-28 20:13:48.096 D/mm-camera-intf( 8253): mm_channel_process_stream_buf: Super Buffer received, pending_cnt=0
01-28 20:13:48.096 E/mm-camera(  377): cpp_module_handle_buf_divert_event:58, iden=0x20002, frame_id:20
01-28 20:13:48.096 E/mm-camera(  377): cpp_module_put_new_ack_in_list: __dbg: channel_id = 2 
01-28 20:13:48.096 E/mm-camera(  377): module_faceproc_client_handle_buffer:1809] count 0
01-28 20:13:48.096 E/mm-camera(  377): module_faceproc_client_send_info:1751] active index 0 face_cnt 0
01-28 20:13:48.096 E/mm-camera(  377): module_faceproc_client_send_info:1763] face_cnt 0
01-28 20:13:48.096 E/mm-camera(  377): be_stats_counter 1
01-28 20:13:48.096 E/mm-camera(  377): module_faceproc_client_send_faceinfo:692] 1.000000 1.000000 0 0 out scale 1.000000 1.000000
01-28 20:13:48.096 E/mm-camera(  377): module_faceproc_client_send_faceinfo:694] Num face detected 0
01-28 20:13:48.096 E/mm-camera(  377): module_faceproc_faces_stabilization:586] GJ Invalid input no faces 
01-28 20:13:48.096 E/mm-camera(  377): [FD_ZOOM_DBG] FD_Imglib Num face detected 0
01-28 20:13:48.096 E/mm-camera(  377): module_faceproc_client_send_faceinfo:735] session id 2 mct_mod 0xb70a0608
01-28 20:13:48.096 E/mm-camera(  377): module_faceproc_client_handle_buffer:1827] img_idx 1
01-28 20:13:48.096 E/mm-camera(  377): module_faceproc_client_handle_buffer:1840] buffer 3 0xad9b0008 0xb3640000
01-28 20:13:48.096 E/mm-camera-img(  377): faceproc_comp_queue_buffer:655] q_count 1
01-28 20:13:48.096 E/mm-camera-img(  377): img_q_wait:225] after wait count 1
01-28 20:13:48.096 E/mm-camera-img(  377): img_q_wait:229] data 0xb70bba60
01-28 20:13:48.096 E/mm-camera-img(  377): faceproc_fd_execute:1142] E
01-28 20:13:48.096 E/mm-camera-img(  377): faceproc_fd_execute:1174] no faces detected X
01-28 20:13:48.096 E/mm-camera-img(  377): face_proc_thread_loop:420] state 2 abort 0
01-28 20:13:48.096 E/mm-camera(  377): module_faceproc_client_event_handler:1120] buffer idx 1
01-28 20:13:48.096 E/mm-camera-img(  377): face_proc_thread_loop:428] send event
01-28 20:13:48.096 E/mm-camera-img(  377): img_comp_get_param:163] param 514
01-28 20:13:48.096 E/mm-camera-img(  377): faceproc_fd_output:848] num_faces 0
01-28 20:13:48.096 E/mm-camera-img(  377): face_proc_thread_loop:430] send event
01-28 20:13:48.096 E/mm-camera-img(  377): img_q_wait: before wait
01-28 20:13:48.096 E/mm-camera-intf( 8253): mm_stream_read_msm_frame: VIDIOC_DQBUF buf_index 5, frame_idx 20, stream type 1, time stamp 566 973505000
01-28 20:13:48.106 E/mm-camera(  377): [jooho]y[119]=108, y[120]=109, y[121]=192, y[239]=41, y[240]=71, y[241]=21
01-28 20:13:48.106 D/mm-camera-intf( 8253): mm_channel_process_stream_buf:203] type 0
01-28 20:13:48.106 D/mm-camera-intf( 8253): mm_channel_process_stream_buf: Super Buffer received, pending_cnt=0
01-28 20:13:48.116 E/mm-camera(  377): cpp_module_handle_sof_notify_event:574, sending bus msg, session_id=2, R1=3, R2=3
01-28 20:13:48.116 E/mm-camera-intf( 8253): mm_stream_read_msm_frame: VIDIOC_DQBUF buf_index 11, frame_idx 21, stream type 6, time stamp 1390958028 129584000
01-28 20:13:48.116 D/mm-camera-intf( 8253): mm_channel_process_stream_buf:203] type 0
01-28 20:13:48.116 D/mm-camera-intf( 8253): mm_channel_process_stream_buf: Super Buffer received, pending_cnt=0
01-28 20:13:48.146 E/mm-camera(  377): af_fdprio_process: Processing frame 21
01-28 20:13:48.146 E/mm-camera(  377): af_fdprio_process_counters_int:134 Process counters
01-28 20:13:48.146 E/mm-camera(  377): [!!!CML!!!]AF_Lib_Algorithm Bv=-211, Sv=1840, Tv=1000, ocr_on=0, ocr_h=0, fd_on=1, face_num=0, fd_coord_x=0, g_af_state=1, CurrPos=0 
01-28 20:13:48.146 E/mm-camera(  377): [!!!CML_CAF!!!]CAFpos=1 status=1 CAF_status=5 inner= 13969 outer= 7451 Bv= -211 ps7q8Tv=1000 g_Af_max_pos = 124 AF_win_stat.gr_min=80
01-28 20:13:48.146 E/mm-camera(  377): [!!!CML!!!]Getstatus_____AF Status : 1, peAF_Mode = 3
01-28 20:13:48.146 E/mm-camera-intf( 8253): mm_stream_read_msm_frame: VIDIOC_DQBUF buf_index 7, frame_idx 21, stream type 3, time stamp 567 37107000
01-28 20:13:48.146 E/mm-camera(  377): cpp_module_handle_buf_divert_event:58, iden=0x20002, frame_id:21
01-28 20:13:48.146 E/mm-camera(  377): cpp_module_put_new_ack_in_list: __dbg: channel_id = 2 
01-28 20:13:48.146 E/mm-camera(  377): module_faceproc_client_handle_buffer:1809] count 1
01-28 20:13:48.146 D/mm-camera-intf( 8253): mm_channel_process_stream_buf:203] type 0
01-28 20:13:48.146 D/mm-camera-intf( 8253): mm_channel_process_stream_buf: Super Buffer received, pending_cnt=0
01-28 20:13:48.146 E/mm-camera(  377): be_stats_counter 1
01-28 20:13:48.156 E/mm-camera-intf( 8253): mm_stream_read_msm_frame: VIDIOC_DQBUF buf_index 6, frame_idx 21, stream type 1, time stamp 567 37107000
01-28 20:13:48.156 D/mm-camera-intf( 8253): mm_channel_process_stream_buf:203] type 0
01-28 20:13:48.156 D/mm-camera-intf( 8253): mm_channel_process_stream_buf: Super Buffer received, pending_cnt=0
01-28 20:13:48.156 E/mm-camera(  377): [jooho]y[119]=103, y[120]=102, y[121]=179, y[239]=42, y[240]=64, y[241]=21
01-28 20:13:48.186 E/mm-camera(  377): cpp_module_handle_sof_notify_event:574, sending bus msg, session_id=2, R1=3, R2=3
01-28 20:13:48.186 E/mm-camera-intf( 8253): mm_stream_read_msm_frame: VIDIOC_DQBUF buf_index 14, frame_idx 22, stream type 6, time stamp 1390958028 196272000
01-28 20:13:48.186 D/mm-camera-intf( 8253): mm_channel_process_stream_buf:203] type 0
01-28 20:13:48.186 D/mm-camera-intf( 8253): mm_channel_process_stream_buf: Super Buffer received, pending_cnt=0
01-28 20:13:48.216 E/mm-camera(  377): af_fdprio_process: Processing frame 22
01-28 20:13:48.216 E/mm-camera(  377): af_fdprio_process_counters_int:134 Process counters
01-28 20:13:48.216 E/mm-camera(  377): [!!!CML!!!]AF_Lib_Algorithm Bv=-192, Sv=1820, Tv=1000, ocr_on=0, ocr_h=0, fd_on=1, face_num=0, fd_coord_x=0, g_af_state=1, CurrPos=0 
01-28 20:13:48.216 E/mm-camera(  377): [!!!CML_CAF!!!]CAFpos=1 status=1 CAF_status=5 inner= 6870 outer= 6010 Bv= -192 ps7q8Tv=1000 g_Af_max_pos = 124 AF_win_stat.gr_min=80
01-28 20:13:48.216 E/mm-camera(  377): [!!!CML!!!]Getstatus_____AF Status : 1, peAF_Mode = 3
01-28 20:13:48.216 E/mm-camera(  377): cpp_module_handle_buf_divert_event:58, iden=0x20002, frame_id:22
01-28 20:13:48.216 E/mm-camera(  377): cpp_module_put_new_ack_in_list: __dbg: channel_id = 2 
01-28 20:13:48.216 E/mm-camera(  377): module_faceproc_client_handle_buffer:1809] count 0
01-28 20:13:48.216 E/mm-camera(  377): module_faceproc_client_send_info:1751] active index 1 face_cnt 0
01-28 20:13:48.216 E/mm-camera(  377): module_faceproc_client_send_info:1763] face_cnt 0
01-28 20:13:48.216 E/mm-camera(  377): module_faceproc_client_send_faceinfo:692] 1.000000 1.000000 0 0 out scale 1.000000 1.000000
01-28 20:13:48.216 E/mm-camera(  377): module_faceproc_client_send_faceinfo:694] Num face detected 0
01-28 20:13:48.216 E/mm-camera(  377): module_faceproc_faces_stabilization:586] GJ Invalid input no faces 
01-28 20:13:48.216 E/mm-camera(  377): [FD_ZOOM_DBG] FD_Imglib Num face detected 0
01-28 20:13:48.216 E/mm-camera(  377): module_faceproc_client_send_faceinfo:735] session id 2 mct_mod 0xb70a0608
01-28 20:13:48.216 E/mm-camera(  377): module_faceproc_client_handle_buffer:1827] img_idx 2
01-28 20:13:48.216 E/mm-camera(  377): module_faceproc_client_handle_buffer:1840] buffer 4 0xad662008 0xb3406000
01-28 20:13:48.216 E/mm-camera(  377): be_stats_counter 1
01-28 20:13:48.216 E/mm-camera-img(  377): faceproc_comp_queue_buffer:655] q_count 1
01-28 20:13:48.216 E/mm-camera-img(  377): img_q_wait:225] after wait count 1
01-28 20:13:48.216 E/mm-camera-img(  377): img_q_wait:229] data 0xb70bbc20
01-28 20:13:48.216 E/mm-camera-img(  377): faceproc_fd_execute:1142] E
01-28 20:13:48.226 E/mm-camera-intf( 8253): mm_stream_read_msm_frame: VIDIOC_DQBUF buf_index 8, frame_idx 22, stream type 3, time stamp 567 103810000
01-28 20:13:48.226 D/mm-camera-intf( 8253): mm_channel_process_stream_buf:203] type 0
01-28 20:13:48.226 D/mm-camera-intf( 8253): mm_channel_process_stream_buf: Super Buffer received, pending_cnt=0
01-28 20:13:48.226 E/mm-camera(  377): [jooho]y[119]=96, y[120]=92, y[121]=168, y[239]=39, y[240]=58, y[241]=17
01-28 20:13:48.226 E/mm-camera-intf( 8253): mm_stream_read_msm_frame: VIDIOC_DQBUF buf_index 7, frame_idx 22, stream type 1, time stamp 567 103810000
01-28 20:13:48.226 D/mm-camera-intf( 8253): mm_channel_process_stream_buf:203] type 0
01-28 20:13:48.226 D/mm-camera-intf( 8253): mm_channel_process_stream_buf: Super Buffer received, pending_cnt=0
01-28 20:13:48.226 E/mm-camera-img(  377): faceproc_fd_execute:1174] no faces detected X
01-28 20:13:48.226 E/mm-camera-img(  377): face_proc_thread_loop:420] state 2 abort 0
01-28 20:13:48.226 E/mm-camera(  377): module_faceproc_client_event_handler:1120] buffer idx 2
01-28 20:13:48.226 E/mm-camera-img(  377): face_proc_thread_loop:428] send event
01-28 20:13:48.226 E/mm-camera-img(  377): img_comp_get_param:163] param 514
01-28 20:13:48.226 E/mm-camera-img(  377): faceproc_fd_output:848] num_faces 0
01-28 20:13:48.226 E/mm-camera-img(  377): face_proc_thread_loop:430] send event
01-28 20:13:48.226 E/mm-camera-img(  377): img_q_wait: before wait
01-28 20:13:48.246 E/mm-camera(  377): cpp_module_handle_sof_notify_event:574, sending bus msg, session_id=2, R1=3, R2=3
01-28 20:13:48.246 E/mm-camera-intf( 8253): mm_stream_read_msm_frame: VIDIOC_DQBUF buf_index 12, frame_idx 23, stream type 6, time stamp 1390958028 262981000
01-28 20:13:48.246 D/mm-camera-intf( 8253): mm_channel_process_stream_buf:203] type 0
01-28 20:13:48.256 D/mm-camera-intf( 8253): mm_channel_process_stream_buf: Super Buffer received, pending_cnt=0
01-28 20:13:48.276 E/mm-camera(  377): af_fdprio_process: Processing frame 23
01-28 20:13:48.276 E/mm-camera(  377): af_fdprio_process_counters_int:134 Process counters
01-28 20:13:48.276 E/mm-camera(  377): [!!!CML!!!]AF_Lib_Algorithm Bv=-176, Sv=1801, Tv=1000, ocr_on=0, ocr_h=0, fd_on=1, face_num=0, fd_coord_x=0, g_af_state=1, CurrPos=0 
01-28 20:13:48.276 E/mm-camera(  377): [!!!CML_CAF!!!]CAFpos=1 status=1 CAF_status=5 inner= 3796 outer= 7619 Bv= -176 ps7q8Tv=1000 g_Af_max_pos = 124 AF_win_stat.gr_min=80
01-28 20:13:48.276 E/mm-camera(  377): [!!!CML!!!]Getstatus_____AF Status : 1, peAF_Mode = 3
01-28 20:13:48.286 E/mm-camera(  377): cpp_module_handle_buf_divert_event:58, iden=0x20002, frame_id:23
