01-28 20:13:46.686 E/mm-camera(  377): isp_hw_proc_set_recording_hint: recording_hint: 0
01-28 20:13:46.686 E/mm-camera(  377): isp_fmt_to_pix_pattern: format 30
01-28 20:13:46.686 E/mm-camera(  377): isp_fmt_to_pix_pattern: format 30
01-28 20:13:46.686 E/mm-camera(  377): isp_hw_proc_set_recording_hint: recording_hint: 0
01-28 20:13:46.686 E/mm-camera(  377): linearization_set_params: param_id is not supported in this module
01-28 20:13:46.686 E/mm-camera(  377): mesh_rolloff_set_params: param_id is not supported in this module
01-28 20:13:46.686 E/mm-camera(  377): wb_set_params: param_id is not supported in this module
01-28 20:13:46.686 E/mm-camera(  377): demosaic_set_params: param_id 7, is not supported in this module
01-28 20:13:46.686 E/mm-camera(  377): demux_set_params: param_id 7, is not supported in this module
01-28 20:13:46.686 E/mm-camera(  377): mce_set_params: param_id is not supported in this module
01-28 20:13:46.686 E/mm-camera(  377): sce_set_params: param_id is not supported in this module
01-28 20:13:46.686 E/mm-camera(  377): linearization_set_params: param_id is not supported in this module
01-28 20:13:46.686 E/mm-camera(  377): mesh_rolloff_set_params: param_id is not supported in this module
01-28 20:13:46.686 E/mm-camera(  377): wb_set_params: param_id is not supported in this module
01-28 20:13:46.686 E/mm-camera(  377): demosaic_set_params: param_id 7, is not supported in this module
01-28 20:13:46.686 E/mm-camera(  377): demux_set_params: param_id 7, is not supported in this module
01-28 20:13:46.686 E/mm-camera(  377): mce_set_params: param_id is not supported in this module
01-28 20:13:46.686 E/mm-camera(  377): sce_set_params: param_id is not supported in this module
01-28 20:13:46.686 E/mm-camera(  377): linearization_set_params: param_id is not supported in this module
01-28 20:13:46.686 E/mm-camera(  377): mesh_rolloff_set_params: param_id is not supported in this module
01-28 20:13:46.686 E/mm-camera(  377): wb_set_params: param_id is not supported in this module
01-28 20:13:46.686 E/mm-camera(  377): demosaic_set_params: param_id 7, is not supported in this module
01-28 20:13:46.686 E/mm-camera(  377): demux_set_params: param_id 7, is not supported in this module
01-28 20:13:46.686 E/mm-camera(  377): mce_set_params: param_id is not supported in this module
01-28 20:13:46.686 E/mm-camera(  377): sce_set_params: param_id is not supported in this module
01-28 20:13:46.686 E/mm-camera(  377): linearization_set_params: param_id is not supported in this module
01-28 20:13:46.686 E/mm-camera(  377): mesh_rolloff_set_params: param_id is not supported in this module
01-28 20:13:46.686 E/mm-camera(  377): demosaic_set_params: param_id 9, is not supported in this module
01-28 20:13:46.686 E/mm-camera(  377): demux_set_params: param_id 9, is not supported in this module
01-28 20:13:46.686 E/mm-camera(  377): isp_util_set_flash_mode: E flashmode=0
01-28 20:13:46.686 E/mm-camera(  377): isp_proc_streamon: set_all_saved_params done, session_id = 2
01-28 20:13:46.686 E/mm-camera(  377): module_faceproc_port_event_func:617] MCT_EVENT_MODULE_ISP_OUTPUT_DIM, w = 1440, h = 1080
01-28 20:13:46.686 E/mm-camera(  377): isp_proc_streamon: sending dim downstream done, session_id = 2
01-28 20:13:46.686 E/mm-camera(  377): isp_hw_subscribe_one_v4l2_event: event_type = 0x8000200, is_subscribe = 1
01-28 20:13:46.686 E/mm-camera(  377): isp_hw_subscribe_one_v4l2_event: event_type = 0x8000201, is_subscribe = 1
01-28 20:13:46.686 E/mm-camera(  377): isp_hw_subscribe_one_v4l2_event: event_type = 0x8000202, is_subscribe = 1
01-28 20:13:46.686 E/mm-camera(  377): isp_hw_subscribe_one_v4l2_event: event_type = 0x8000203, is_subscribe = 1
01-28 20:13:46.686 E/mm-camera(  377): isp_hw_subscribe_one_v4l2_event: event_type = 0x8000204, is_subscribe = 1
01-28 20:13:46.686 E/mm-camera(  377): isp_hw_subscribe_one_v4l2_event: event_type = 0x8000205, is_subscribe = 1
01-28 20:13:46.686 E/mm-camera(  377): isp_hw_subscribe_one_v4l2_event: event_type = 0x8000206, is_subscribe = 1
01-28 20:13:46.686 E/mm-camera(  377): isp_hw_subscribe_one_v4l2_event: event_type = 0x8000207, is_subscribe = 1
01-28 20:13:46.686 E/mm-camera(  377): isp_hw_subscribe_one_v4l2_event: event_type = 0x8000208, is_subscribe = 1
01-28 20:13:46.686 E/mm-camera(  377): isp_hw_subscribe_one_v4l2_event: event_type = 0x8000209, is_subscribe = 1
01-28 20:13:46.686 E/mm-camera(  377): isp_hw_subscribe_one_v4l2_event: event_type = 0x800020a, is_subscribe = 1
01-28 20:13:46.686 E/mm-camera(  377): isp_hw_subscribe_one_v4l2_event: event_type = 0x800020b, is_subscribe = 1
01-28 20:13:46.686 E/mm-camera(  377): isp_hw_subscribe_one_v4l2_event: event_type = 0x8000009, is_subscribe = 1
01-28 20:13:46.686 E/mm-camera(  377): isp_hw_subscribe_one_v4l2_event: event_type = 0x8000007, is_subscribe = 1
01-28 20:13:46.686 E/mm-camera(  377): isp_fmt_to_pix_pattern: format 30
01-28 20:13:46.686 E/mm-camera(  377): gamma_set_solarize_table: xx82: E
01-28 20:13:46.686 E/mm-camera(  377): color_xform_config: recording_hint 0
01-28 20:13:46.686 E/mm-camera(  377): linearization_set_params: param_id is not supported in this module
01-28 20:13:46.686 E/mm-camera(  377): mesh_rolloff_set_params: param_id is not supported in this module
01-28 20:13:46.686 E/mm-camera(  377): wb_set_params: param_id is not supported in this module
01-28 20:13:46.686 E/mm-camera(  377): demosaic_set_params: param_id 7, is not supported in this module
01-28 20:13:46.686 E/mm-camera(  377): demux_set_params: param_id 7, is not supported in this module
01-28 20:13:46.686 E/mm-camera(  377): mce_set_params: param_id is not supported in this module
01-28 20:13:46.686 E/mm-camera(  377): sce_set_params: param_id is not supported in this module
01-28 20:13:46.686 E/mm-camera(  377): isp_pipeline_util_trigger_update: No active streams
01-28 20:13:46.686 E/mm-camera(  377): rs_stats_config: Tao, demosaic_width = 4128, demosaic_height = 3096, max_h_reg_num = 8, calculated_h_reg_num = 8
01-28 20:13:46.686 E/mm-camera(  377): ihist_stats_config: entry->is_ispif_split 1 
01-28 20:13:46.686 E/mm-camera(  377): ihist_stats_config: isp stripe id = 0
01-28 20:13:46.686 E/mm-camera(  377): ihist_stats_config: end bound = 2236, right stripe offset = 1980, overlap = 256
01-28 20:13:46.686 E/mm-camera(  377): ihist_stats_config: pcmd->Hoffset = 0
01-28 20:13:46.686 E/mm-camera(  377): left rgns 1118, right offset 1980, right rgns 946 
01-28 20:13:46.686 E/mm-camera(  377): rgnHOffset   0
01-28 20:13:46.686 E/mm-camera(  377): isp_fmt_to_pix_pattern: format 30
01-28 20:13:46.696 E/mm-camera(  377): stats_action_buf_config: cfg = 1, stats_mask = 0x7b8
01-28 20:13:46.696 E/mm-camera(  377): isp_validate_buf_request: total 4 current buffer count 4 for stream -2147418109
01-28 20:13:46.696 E/mm-camera(  377): isp_request_kernel_bufq: stream_id -2147418109 total_num_buf 4 current 4
01-28 20:13:46.696 E/mm-camera(  377): isp_validate_buf_request: total 4 current buffer count 4 for stream -2147418108
01-28 20:13:46.696 E/mm-camera(  377): isp_request_kernel_bufq: stream_id -2147418108 total_num_buf 4 current 4
01-28 20:13:46.696 E/mm-camera(  377): isp_validate_buf_request: total 4 current buffer count 4 for stream -2147418107
01-28 20:13:46.696 E/mm-camera(  377): isp_request_kernel_bufq: stream_id -2147418107 total_num_buf 4 current 4
01-28 20:13:46.696 E/mm-camera(  377): isp_validate_buf_request: total 4 current buffer count 4 for stream -2147418105
01-28 20:13:46.696 E/mm-camera(  377): isp_request_kernel_bufq: stream_id -2147418105 total_num_buf 4 current 4
01-28 20:13:46.696 E/mm-camera(  377): isp_validate_buf_request: total 4 current buffer count 4 for stream -2147418104
01-28 20:13:46.696 E/mm-camera(  377): isp_request_kernel_bufq: stream_id -2147418104 total_num_buf 4 current 4
01-28 20:13:46.696 E/mm-camera(  377): isp_validate_buf_request: total 4 current buffer count 4 for stream -2147418103
01-28 20:13:46.696 E/mm-camera(  377): isp_request_kernel_bufq: stream_id -2147418103 total_num_buf 4 current 4
01-28 20:13:46.696 E/mm-camera(  377): isp_validate_buf_request: total 4 current buffer count 4 for stream -2147418102
01-28 20:13:46.696 E/mm-camera(  377): isp_request_kernel_bufq: stream_id -2147418102 total_num_buf 4 current 4
01-28 20:13:46.696 E/mm-camera(  377): stats_action: stats mask = 0x7b8
01-28 20:13:46.696 E/mm-camera(  377): isp_request_kernel_bufq: stream_id 2 total_num_buf 12 current 12
01-28 20:13:46.696 E/mm-camera(  377): isp_request_kernel_bufq: stream_id 3 total_num_buf 12 current 3
01-28 20:13:46.696 E/mm-camera(  377): isp_axi_util_subscribe_v4l2_event: event_type = 0x8000100, is_subscribe = 1
01-28 20:13:46.696 E/mm-camera(  377): isp_hw_subscribe_one_v4l2_event: event_type = 0x8000200, is_subscribe = 1
01-28 20:13:46.696 E/mm-camera(  377): isp_hw_subscribe_one_v4l2_event: event_type = 0x8000201, is_subscribe = 1
01-28 20:13:46.696 E/mm-camera(  377): isp_hw_subscribe_one_v4l2_event: event_type = 0x8000202, is_subscribe = 1
01-28 20:13:46.696 E/mm-camera(  377): isp_hw_subscribe_one_v4l2_event: event_type = 0x8000203, is_subscribe = 1
01-28 20:13:46.696 E/mm-camera(  377): isp_hw_subscribe_one_v4l2_event: event_type = 0x8000204, is_subscribe = 1
01-28 20:13:46.696 E/mm-camera(  377): isp_hw_subscribe_one_v4l2_event: event_type = 0x8000205, is_subscribe = 1
01-28 20:13:46.696 E/mm-camera(  377): isp_hw_subscribe_one_v4l2_event: event_type = 0x8000206, is_subscribe = 1
01-28 20:13:46.696 E/mm-camera(  377): isp_hw_subscribe_one_v4l2_event: event_type = 0x8000207, is_subscribe = 1
01-28 20:13:46.696 E/mm-camera(  377): isp_hw_subscribe_one_v4l2_event: event_type = 0x8000208, is_subscribe = 1
01-28 20:13:46.696 E/mm-camera(  377): isp_hw_subscribe_one_v4l2_event: event_type = 0x8000209, is_subscribe = 1
01-28 20:13:46.696 E/mm-camera(  377): isp_hw_subscribe_one_v4l2_event: event_type = 0x800020a, is_subscribe = 1
01-28 20:13:46.696 E/mm-camera(  377): isp_hw_subscribe_one_v4l2_event: event_type = 0x800020b, is_subscribe = 1
01-28 20:13:46.696 E/mm-camera(  377): isp_hw_subscribe_one_v4l2_event: event_type = 0x8000009, is_subscribe = 1
01-28 20:13:46.696 E/mm-camera(  377): isp_hw_subscribe_one_v4l2_event: event_type = 0x8000007, is_subscribe = 1
01-28 20:13:46.696 E/mm-camera(  377): isp_fmt_to_pix_pattern: format 30
01-28 20:13:46.696 E/mm-camera(  377): gamma_set_solarize_table: xx82: E
01-28 20:13:46.696 E/mm-camera(  377): color_xform_config: recording_hint 0
01-28 20:13:46.696 E/mm-camera(  377): linearization_set_params: param_id is not supported in this module
01-28 20:13:46.696 E/mm-camera(  377): mesh_rolloff_set_params: param_id is not supported in this module
01-28 20:13:46.696 E/mm-camera(  377): wb_set_params: param_id is not supported in this module
01-28 20:13:46.696 E/mm-camera(  377): demosaic_set_params: param_id 7, is not supported in this module
01-28 20:13:46.696 E/mm-camera(  377): demux_set_params: param_id 7, is not supported in this module
01-28 20:13:46.696 E/mm-camera(  377): mce_set_params: param_id is not supported in this module
01-28 20:13:46.696 E/mm-camera(  377): sce_set_params: param_id is not supported in this module
01-28 20:13:46.696 E/mm-camera(  377): isp_pipeline_util_trigger_update: No active streams
01-28 20:13:46.696 E/mm-camera(  377): rs_stats_config: Tao, demosaic_width = 4128, demosaic_height = 3096, max_h_reg_num = 8, calculated_h_reg_num = 8
01-28 20:13:46.696 E/mm-camera(  377): ihist_stats_config: entry->is_ispif_split 1 
01-28 20:13:46.696 E/mm-camera(  377): ihist_stats_config: isp stripe id = 1
01-28 20:13:46.696 E/mm-camera(  377): ihist_stats_config: end bound = 2236, right stripe offset = 1980, overlap = 256
01-28 20:13:46.696 E/mm-camera(  377): ihist_stats_config: pcmd->Hoffset = 0
01-28 20:13:46.696 E/mm-camera(  377): left rgns 1118, right offset 1980, right rgns 946 
01-28 20:13:46.696 E/mm-camera(  377): rgnHOffset   256
01-28 20:13:46.696 E/mm-camera(  377): isp_fmt_to_pix_pattern: format 30
01-28 20:13:46.706 E/mm-camera(  377): stats_action_buf_config: cfg = 1, stats_mask = 0x7b8
01-28 20:13:46.706 E/mm-camera(  377): stats_action: stats mask = 0x7b8
01-28 20:13:46.706 E/mm-camera(  377): isp_axi_util_subscribe_v4l2_event: event_type = 0x8000100, is_subscribe = 1
01-28 20:13:46.706 E/mm-camera(  377): isp_proc_async_command: X ISP_ASYNC_COMMAND_STREAMON = 2
01-28 20:13:46.706 E/mm-camera(  377): isp_proc_async_command: X, session_id = 2, async_cmd_id = 1
01-28 20:13:46.706 E/mm-camera(  377): isp_streamon: X, session_id = 2
01-28 20:13:46.706 E/mm-camera(  377): port_isp_mct_ctrl_cmd: X, identity = 0x20003, isp_streamon
01-28 20:13:46.706 E/mm-camera(  377): port_isp_send_streamon_done_event_downstream: notify stream done downstream
01-28 20:13:46.706 E/mm-camera(  377): port_isp_mct_ctrl_cmd: X, identity = 0x20003, done STREAMON
01-28 20:13:46.706 E/mm-camera(  377): port_isp_mct_ctrl_cmd: X, identity = 0x20003, STREAMON, ret = 0
01-28 20:13:46.706 E/mm-camera(  377): ispif_hw_reset: ispif init
01-28 20:13:46.706 E/mm-camera(  377): ispif_proc_streamon: ispif_hw_reset done
01-28 20:13:46.706 E/mm-camera(  377): ispif_streamon: session_id = 2, active_streams = 2
01-28 20:13:46.716 E/mm-camera-sensor(  377): module_sensor_stream_on:2046 ide 20003 SENSOR_START_STREAM
01-28 20:13:46.716 E/mm-camera-sensor(  377): port_sensor_handle_fast_aec_mode:414 X
01-28 20:13:46.716 E/mm-camera-sensor(  377): port_sensor_handle_stream_on:624 X
01-28 20:13:46.716 E/mm-camera-sensor(  377): sensor_util_change_state:1116 STATEDBG Enter
01-28 20:13:46.716 E/mm-camera-sensor(  377): sensor_util_change_state:1123 STATEDBG Enter cur state 3 new state 0
01-28 20:13:46.716 E/mm-camera-sensor(  377): sensor_util_change_state:1162 STATEDBG Exit cur state 0 new state 0
01-28 20:13:46.716 E/mm-camera-sensor(  377): sensor_util_change_state:1166 STATEDBG Exit
01-28 20:13:46.716 E/mm-camera-sensor(  377): module_sensor_module_process_event:3522 X STATEDBG MCT_EVENT_CONTROL_STREAMON
01-28 20:13:46.716 E/mm-camera(  377): main: return true, return type 0
01-28 20:13:46.716 W/QCameraHWI_Mem( 8253): int qcamera::QCameraMemory::alloc(int, int, int): use reserved mm heap memory
01-28 20:13:46.716 W/QCameraHWI_Mem( 8253): int qcamera::QCameraMemory::alloc(int, int, int): use reserved mm heap memory
01-28 20:13:46.716 W/QCameraHWI_Mem( 8253): int qcamera::QCameraMemory::alloc(int, int, int): use reserved mm heap memory
01-28 20:13:46.716 W/QCameraHWI_Mem( 8253): int qcamera::QCameraMemory::alloc(int, int, int): use reserved mm heap memory
01-28 20:13:46.716 E/QCameraHWI_Mem( 8253): reserved mem is full(heap_id: 0x100000). go to use iommu
01-28 20:13:46.716 W/QCameraHWI_Mem( 8253): int qcamera::QCameraMemory::alloc(int, int, int): use iommu heap memory
01-28 20:13:46.716 W/QCameraHWI_Mem( 8253): int qcamera::QCameraMemory::alloc(int, int, int): use reserved mm heap memory
01-28 20:13:46.716 E/QCameraHWI_Mem( 8253): reserved mem is full(heap_id: 0x100000). go to use iommu
01-28 20:13:46.716 W/QCameraHWI_Mem( 8253): int qcamera::QCameraMemory::alloc(int, int, int): use iommu heap memory
01-28 20:13:46.716 W/QCameraHWI_Mem( 8253): int qcamera::QCameraMemory::alloc(int, int, int): use reserved mm heap memory
01-28 20:13:46.716 E/QCameraHWI_Mem( 8253): reserved mem is full(heap_id: 0x100000). go to use iommu
01-28 20:13:46.716 W/QCameraHWI_Mem( 8253): int qcamera::QCameraMemory::alloc(int, int, int): use iommu heap memory
01-28 20:13:46.716 W/QCameraHWI_Mem( 8253): int qcamera::QCameraMemory::alloc(int, int, int): use reserved mm heap memory
01-28 20:13:46.716 E/QCameraHWI_Mem( 8253): reserved mem is full(heap_id: 0x100000). go to use iommu
01-28 20:13:46.716 W/QCameraHWI_Mem( 8253): int qcamera::QCameraMemory::alloc(int, int, int): use iommu heap memory
01-28 20:13:46.716 W/QCameraHWI_Mem( 8253): int qcamera::QCameraMemory::alloc(int, int, int): use reserved mm heap memory
01-28 20:13:46.716 E/QCameraHWI_Mem( 8253): reserved mem is full(heap_id: 0x100000). go to use iommu
01-28 20:13:46.716 W/QCameraHWI_Mem( 8253): int qcamera::QCameraMemory::alloc(int, int, int): use iommu heap memory
01-28 20:13:46.716 W/QCameraHWI_Mem( 8253): int qcamera::QCameraMemory::alloc(int, int, int): use reserved mm heap memory
01-28 20:13:46.716 E/QCameraHWI_Mem( 8253): reserved mem is full(heap_id: 0x100000). go to use iommu
01-28 20:13:46.716 W/QCameraHWI_Mem( 8253): int qcamera::QCameraMemory::alloc(int, int, int): use iommu heap memory
01-28 20:13:46.716 E/mm-camera(  377): main: return true, return type 1
01-28 20:13:46.716 E/mm-camera-intf( 8253): mm_stream_read_msm_frame: VIDIOC_DQBUF buf_index 0, frame_idx 1, stream type 6, time stamp 1390958026 563640000
01-28 20:13:46.716 E/mm-camera-intf( 8253): mm_stream_read_msm_frame: VIDIOC_DQBUF buf_index 1, frame_idx 2, stream type 6, time stamp 1390958026 572118000
01-28 20:13:46.716 E/mm-camera(  377): mct_stream_create_buffers: plane idx = 0, offset 0, stride 4128, scanline = 3104
01-28 20:13:46.716 D/mm-camera-intf( 8253): mm_channel_process_stream_buf:203] type 0
01-28 20:13:46.716 E/mm-camera(  377): mct_stream_create_buffers: plane idx = 1, offset 0, stride 4128, scanline = 1552
01-28 20:13:46.716 D/mm-camera-intf( 8253): mm_channel_process_stream_buf: Super Buffer received, pending_cnt=0
01-28 20:13:46.716 E/mm-camera(  377): port_isp_mct_ctrl_cmd: type=12
01-28 20:13:46.716 E/mm-camera(  377): port_isp_mct_ctrl_cmd: E, identity = 0x20003, UPDATE_BUF_INFO
01-28 20:13:46.716 E/mm-camera(  377): isp_validate_buf_request: total 12 current buffer count 4 for stream 3
01-28 20:13:46.716 E/mm-camera(  377): port_isp_mct_ctrl_cmd: X, identity = 0x20003, UPDATE_BUF_INFO, ret = 0
01-28 20:13:46.716 E/QCamera2HWI( 8253): setGammaMode : cannot open file
01-28 20:13:46.716 W/QCamera2HWI( 8253): setGammaMode : Gamma mode Wide band
01-28 20:13:46.716 W/QCamera2HWI( 8253): startPreview: X mCameraId=0
01-28 20:13:46.716 E/mm-camera(  377): main: return true, return type 1
01-28 20:13:46.716 D/mm-camera-intf( 8253): mm_channel_process_stream_buf:203] type 0
01-28 20:13:46.716 D/mm-camera-intf( 8253): mm_channel_process_stream_buf: Super Buffer received, pending_cnt=0
01-28 20:13:46.716 E/mm-camera-intf( 8253): mm_stream_read_msm_frame: VIDIOC_DQBUF buf_index 2, frame_idx 3, stream type 6, time stamp 1390958026 580606000
01-28 20:13:46.716 E/mm-camera-intf( 8253): mm_stream_read_msm_frame: VIDIOC_DQBUF buf_index 3, frame_idx 4, stream type 6, time stamp 1390958026 589095000
01-28 20:13:46.716 E/mm-camera-intf( 8253): mm_stream_read_msm_frame: VIDIOC_DQBUF buf_index 4, frame_idx 5, stream type 6, time stamp 1390958026 597582000
01-28 20:13:46.716 E/mm-camera-intf( 8253): mm_stream_read_msm_frame: VIDIOC_DQBUF buf_index 5, frame_idx 6, stream type 6, time stamp 1390958026 606069000
01-28 20:13:46.716 E/mm-camera-intf( 8253): mm_stream_read_msm_frame: VIDIOC_DQBUF buf_index 6, frame_idx 7, stream type 6, time stamp 1390958026 614557000
01-28 20:13:46.716 E/mm-camera-intf( 8253): mm_stream_read_msm_frame: VIDIOC_DQBUF buf_index 7, frame_idx 8, stream type 6, time stamp 1390958026 623045000
01-28 20:13:46.716 E/mm-camera-intf( 8253): mm_stream_read_msm_frame: VIDIOC_DQBUF buf_index 8, frame_idx 9, stream type 6, time stamp 1390958026 631532000
01-28 20:13:46.716 E/mm-camera-intf( 8253): mm_stream_read_msm_frame: VIDIOC_DQBUF buf_index 9, frame_idx 10, stream type 6, time stamp 1390958026 640019000
01-28 20:13:46.716 E/mm-camera-intf( 8253): mm_stream_read_msm_frame: VIDIOC_DQBUF buf_index 10, frame_idx 11, stream type 6, time stamp 1390958026 648508000
01-28 20:13:46.716 D/mm-camera-intf( 8253): mm_channel_process_stream_buf:203] type 0
01-28 20:13:46.716 D/mm-camera-intf( 8253): mm_channel_process_stream_buf: Super Buffer received, pending_cnt=0
01-28 20:13:46.716 D/mm-camera-intf( 8253): mm_channel_process_stream_buf:203] type 0
01-28 20:13:46.716 D/mm-camera-intf( 8253): mm_channel_process_stream_buf: Super Buffer received, pending_cnt=0
01-28 20:13:46.716 D/mm-camera-intf( 8253): mm_channel_process_stream_buf:203] type 0
01-28 20:13:46.716 D/mm-camera-intf( 8253): mm_channel_process_stream_buf: Super Buffer received, pending_cnt=0
01-28 20:13:46.716 D/mm-camera-intf( 8253): mm_channel_process_stream_buf:203] type 0
01-28 20:13:46.716 D/mm-camera-intf( 8253): mm_channel_process_stream_buf: Super Buffer received, pending_cnt=0
01-28 20:13:46.716 D/mm-camera-intf( 8253): mm_channel_process_stream_buf:203] type 0
01-28 20:13:46.716 D/mm-camera-intf( 8253): mm_channel_process_stream_buf: Super Buffer received, pending_cnt=0
01-28 20:13:46.716 D/mm-camera-intf( 8253): mm_channel_process_stream_buf:203] type 0
01-28 20:13:46.716 D/mm-camera-intf( 8253): mm_channel_process_stream_buf: Super Buffer received, pending_cnt=0
01-28 20:13:46.716 D/mm-camera-intf( 8253): mm_channel_process_stream_buf:203] type 0
01-28 20:13:46.716 D/mm-camera-intf( 8253): mm_channel_process_stream_buf: Super Buffer received, pending_cnt=0
01-28 20:13:46.716 D/mm-camera-intf( 8253): mm_channel_process_stream_buf:203] type 0
01-28 20:13:46.716 D/mm-camera-intf( 8253): mm_channel_process_stream_buf: Super Buffer received, pending_cnt=0
01-28 20:13:46.716 D/mm-camera-intf( 8253): mm_channel_process_stream_buf:203] type 0
01-28 20:13:46.716 D/mm-camera-intf( 8253): mm_channel_process_stream_buf: Super Buffer received, pending_cnt=0
01-28 20:13:46.716 W/QCamera2HWI( 8253): [KPI Perf] start_preview: X, ret 0
01-28 20:13:46.716 W/QCamera2HWI( 8253): [KPI Perf] send_command: E
01-28 20:13:46.716 E/mm-camera(  377): server_process_hal_event:__DBG__ E event id=3
01-28 20:13:46.716 E/mm-camera(  377): server_process_hal_event:__DBG__ X sucess event id=3
01-28 20:13:46.716 E/mm-camera(  377): mct_pipeline_process_set:command=800000e
01-28 20:13:46.716 E/mm-camera(  377): mct_pipeline_send_ctrl_events: Send Set Parm events
01-28 20:13:46.716 E/mm-camera(  377): port_isp_mct_ctrl_cmd: type=3
01-28 20:13:46.716 E/mm-camera(  377): port_isp_mct_ctrl_cmd: E, identity = 0x20002
01-28 20:13:46.716 E/mm-camera(  377): module_faceproc_client_handle_ctrl_parm:1969] param 23
01-28 20:13:46.716 E/mm-camera-img(  377): img_comp_set_param:97] param 515
01-28 20:13:46.716 E/mm-camera-img(  377): faceproc_comp_set_param:124] param 0x203
01-28 20:13:46.716 E/mm-camera-img(  377): faceproc_comp_set_param:145] mode 1
01-28 20:13:46.716 E/mm-camera(  377): module_faceproc_client_set_mode:1941 mode 1 
01-28 20:13:46.716 E/mm-camera(  377): port_isp_mct_ctrl_cmd: X, identity = 0x20002
01-28 20:13:46.716 E/mm-camera(  377): main: return true, return type 0
01-28 20:13:46.716 W/QCamera2HWI( 8253): [KPI Perf] send_command: X
01-28 20:13:46.716 E/mm-camera(  377): main: return true, return type 1
01-28 20:13:46.716 E/mm-camera(  377): mct_stream_create_buffers: plane idx = 0, offset 0, stride 4128, scanline = 3104
01-28 20:13:46.716 E/mm-camera(  377): mct_stream_create_buffers: plane idx = 1, offset 0, stride 4128, scanline = 1552
01-28 20:13:46.716 E/mm-camera(  377): port_isp_mct_ctrl_cmd: type=12
01-28 20:13:46.716 E/mm-camera(  377): port_isp_mct_ctrl_cmd: E, identity = 0x20003, UPDATE_BUF_INFO
01-28 20:13:46.716 E/mm-camera(  377): isp_validate_buf_request: total 12 current buffer count 5 for stream 3
01-28 20:13:46.716 E/mm-camera(  377): port_isp_mct_ctrl_cmd: X, identity = 0x20003, UPDATE_BUF_INFO, ret = 0
01-28 20:13:46.716 E/mm-camera(  377): main: return true, return type 1
01-28 20:13:46.716 E/mm-camera(  377): main: return true, return type 1
01-28 20:13:46.716 E/mm-camera(  377): mct_stream_create_buffers: plane idx = 0, offset 0, stride 4128, scanline = 3104
01-28 20:13:46.716 E/mm-camera(  377): mct_stream_create_buffers: plane idx = 1, offset 0, stride 4128, scanline = 1552
01-28 20:13:46.716 E/mm-camera(  377): port_isp_mct_ctrl_cmd: type=12
01-28 20:13:46.716 E/mm-camera(  377): port_isp_mct_ctrl_cmd: E, identity = 0x20003, UPDATE_BUF_INFO
01-28 20:13:46.716 E/mm-camera(  377): isp_validate_buf_request: total 12 current buffer count 6 for stream 3
01-28 20:13:46.716 E/mm-camera(  377): port_isp_mct_ctrl_cmd: X, identity = 0x20003, UPDATE_BUF_INFO, ret = 0
01-28 20:13:46.716 E/mm-camera(  377): main: return true, return type 1
01-28 20:13:46.716 E/mm-camera(  377): main: return true, return type 1
01-28 20:13:46.716 E/mm-camera(  377): mct_stream_create_buffers: plane idx = 0, offset 0, stride 4128, scanline = 3104
01-28 20:13:46.716 E/mm-camera(  377): mct_stream_create_buffers: plane idx = 1, offset 0, stride 4128, scanline = 1552
01-28 20:13:46.716 E/mm-camera(  377): port_isp_mct_ctrl_cmd: type=12
01-28 20:13:46.716 E/mm-camera(  377): port_isp_mct_ctrl_cmd: E, identity = 0x20003, UPDATE_BUF_INFO
01-28 20:13:46.716 E/mm-camera(  377): isp_validate_buf_request: total 12 current buffer count 7 for stream 3
01-28 20:13:46.716 E/mm-camera(  377): port_isp_mct_ctrl_cmd: X, identity = 0x20003, UPDATE_BUF_INFO, ret = 0
01-28 20:13:46.716 E/mm-camera(  377): main: return true, return type 1
01-28 20:13:46.716 E/mm-camera(  377): main: return true, return type 1
01-28 20:13:46.716 E/mm-camera(  377): mct_stream_create_buffers: plane idx = 0, offset 0, stride 4128, scanline = 3104
01-28 20:13:46.716 E/mm-camera(  377): mct_stream_create_buffers: plane idx = 1, offset 0, stride 4128, scanline = 1552
01-28 20:13:46.716 E/mm-camera(  377): port_isp_mct_ctrl_cmd: type=12
01-28 20:13:46.716 E/mm-camera(  377): port_isp_mct_ctrl_cmd: E, identity = 0x20003, UPDATE_BUF_INFO
01-28 20:13:46.716 E/mm-camera(  377): isp_validate_buf_request: total 12 current buffer count 8 for stream 3
01-28 20:13:46.716 E/mm-camera(  377): port_isp_mct_ctrl_cmd: X, identity = 0x20003, UPDATE_BUF_INFO, ret = 0
01-28 20:13:46.716 E/mm-camera(  377): main: return true, return type 1
01-28 20:13:46.716 E/mm-camera(  377): main: return true, return type 1
01-28 20:13:46.716 E/mm-camera(  377): mct_stream_create_buffers: plane idx = 0, offset 0, stride 4128, scanline = 3104
01-28 20:13:46.716 E/mm-camera(  377): mct_stream_create_buffers: plane idx = 1, offset 0, stride 4128, scanline = 1552
01-28 20:13:46.716 E/mm-camera(  377): port_isp_mct_ctrl_cmd: type=12
01-28 20:13:46.716 E/mm-camera(  377): port_isp_mct_ctrl_cmd: E, identity = 0x20003, UPDATE_BUF_INFO
01-28 20:13:46.716 E/mm-camera(  377): isp_validate_buf_request: total 12 current buffer count 9 for stream 3
01-28 20:13:46.716 E/mm-camera(  377): port_isp_mct_ctrl_cmd: X, identity = 0x20003, UPDATE_BUF_INFO, ret = 0
01-28 20:13:46.726 E/mm-camera(  377): main: return true, return type 1
01-28 20:13:46.726 E/mm-camera(  377): main: return true, return type 1
01-28 20:13:46.726 E/mm-camera(  377): mct_stream_create_buffers: plane idx = 0, offset 0, stride 4128, scanline = 3104
01-28 20:13:46.726 E/mm-camera(  377): mct_stream_create_buffers: plane idx = 1, offset 0, stride 4128, scanline = 1552
01-28 20:13:46.726 E/mm-camera(  377): port_isp_mct_ctrl_cmd: type=12
01-28 20:13:46.726 E/mm-camera(  377): port_isp_mct_ctrl_cmd: E, identity = 0x20003, UPDATE_BUF_INFO
01-28 20:13:46.726 E/mm-camera(  377): isp_validate_buf_request: total 12 current buffer count 10 for stream 3
01-28 20:13:46.726 E/mm-camera(  377): port_isp_mct_ctrl_cmd: X, identity = 0x20003, UPDATE_BUF_INFO, ret = 0
01-28 20:13:46.726 E/mm-camera(  377): main: return true, return type 1
01-28 20:13:46.726 E/mm-camera(  377): main: return true, return type 1
01-28 20:13:46.726 E/mm-camera(  377): mct_stream_create_buffers: plane idx = 0, offset 0, stride 4128, scanline = 3104
01-28 20:13:46.726 E/mm-camera(  377): mct_stream_create_buffers: plane idx = 1, offset 0, stride 4128, scanline = 1552
01-28 20:13:46.726 E/mm-camera(  377): port_isp_mct_ctrl_cmd: type=12
01-28 20:13:46.726 E/mm-camera(  377): port_isp_mct_ctrl_cmd: E, identity = 0x20003, UPDATE_BUF_INFO
01-28 20:13:46.726 E/mm-camera(  377): isp_validate_buf_request: total 12 current buffer count 11 for stream 3
01-28 20:13:46.726 E/mm-camera(  377): port_isp_mct_ctrl_cmd: X, identity = 0x20003, UPDATE_BUF_INFO, ret = 0
01-28 20:13:46.726 E/mm-camera(  377): main: return true, return type 1
01-28 20:13:46.726 E/mm-camera(  377): main: return true, return type 1
01-28 20:13:46.726 E/mm-camera(  377): mct_stream_create_buffers: plane idx = 0, offset 0, stride 4128, scanline = 3104
01-28 20:13:46.726 E/mm-camera(  377): mct_stream_create_buffers: plane idx = 1, offset 0, stride 4128, scanline = 1552
01-28 20:13:46.726 E/mm-camera(  377): port_isp_mct_ctrl_cmd: type=12
01-28 20:13:46.726 E/mm-camera(  377): port_isp_mct_ctrl_cmd: E, identity = 0x20003, UPDATE_BUF_INFO
01-28 20:13:46.726 E/mm-camera(  377): isp_validate_buf_request: total 12 current buffer count 12 for stream 3
01-28 20:13:46.726 E/mm-camera(  377): port_isp_mct_ctrl_cmd: X, identity = 0x20003, UPDATE_BUF_INFO, ret = 0
01-28 20:13:46.726 E/mm-camera(  377): main: return true, return type 1
01-28 20:13:46.776 E/mm-camera(  377): cpp_module_handle_sof_notify_event:574, sending bus msg, session_id=2, R1=4, R2=4
01-28 20:13:46.786 E/mm-camera-intf( 8253): mm_stream_read_msm_frame: VIDIOC_DQBUF buf_index 11, frame_idx 1, stream type 6, time stamp 1390958026 795382000
01-28 20:13:46.786 D/mm-camera-intf( 8253): mm_channel_process_stream_buf:203] type 0
01-28 20:13:46.786 D/mm-camera-intf( 8253): mm_channel_handle_metadata:1740] Reset the old frames
01-28 20:13:46.786 D/mm-camera-intf( 8253): mm_channel_process_stream_buf: Super Buffer received, pending_cnt=0
01-28 20:13:46.806 E/mm-camera(  377): af_fdprio_process: Processing frame 1
01-28 20:13:46.806 E/mm-camera(  377): af_fdprio_process_counters_int:134 Process counters
01-28 20:13:46.806 E/mm-camera(  377): af_fdprio_process_counters_int:143 No face counter: 1
01-28 20:13:46.806 E/mm-camera(  377): [!!!CML!!!]AF_Lib_Algorithm Bv=-758, Sv=2669, Tv=1768, ocr_on=0, ocr_h=0, fd_on=1, face_num=0, fd_coord_x=0, g_af_state=0, CurrPos=0 
01-28 20:13:46.806 E/mm-camera(  377): [!!!CML!!!]Getstatus_____AF Status : 1, peAF_Mode = 3
01-28 20:13:46.806 E/mm-camera-sensor(  377): af_actuator_move_focus:118 error
01-28 20:13:46.816 E/mm-camera(  377): cpp_module_handle_buf_divert_event:58, iden=0x20002, frame_id:1
01-28 20:13:46.816 E/mm-camera(  377): cpp_module_put_new_ack_in_list: __dbg: channel_id = 2 
01-28 20:13:46.816 E/mm-camera-intf( 8253): mm_stream_read_msm_frame: VIDIOC_DQBUF buf_index 0, frame_idx 1, stream type 3, time stamp 565 702925000
01-28 20:13:46.816 D/mm-camera-intf( 8253): mm_channel_process_stream_buf:203] type 0
01-28 20:13:46.816 D/mm-camera-intf( 8253): mm_channel_process_stream_buf: Super Buffer received, pending_cnt=0
01-28 20:13:46.816 E/mm-camera(  377): module_faceproc_client_handle_buffer:1809] count 0
01-28 20:13:46.816 E/mm-camera(  377): module_faceproc_client_send_info:1751] active index 1 face_cnt 0
01-28 20:13:46.816 E/mm-camera(  377): module_faceproc_client_send_info:1763] face_cnt 0
01-28 20:13:46.816 E/mm-camera(  377): module_faceproc_client_send_faceinfo:683] Invalid scale factors
01-28 20:13:46.816 E/mm-camera(  377): module_faceproc_client_handle_buffer:1827] img_idx 0
01-28 20:13:46.816 E/mm-camera(  377): module_faceproc_client_handle_buffer:1840] buffer 2 0xadb2c008 0xb387a000
01-28 20:13:46.816 E/mm-camera(  377): zzdbh be stat not present
01-28 20:13:46.816 E/mm-camera-img(  377): faceproc_comp_queue_buffer:655] q_count 1
01-28 20:13:46.816 E/mm-camera-img(  377): img_q_wait:225] after wait count 1
01-28 20:13:46.816 E/mm-camera-img(  377): img_q_wait:229] data 0xb70bb8a0
01-28 20:13:46.816 E/mm-camera-img(  377): faceproc_fd_execute:1142] E
01-28 20:13:46.826 E/mm-camera-intf( 8253): mm_stream_read_msm_frame: VIDIOC_DQBUF buf_index 5, frame_idx 1, stream type 1, time stamp 565 702925000
01-28 20:13:46.826 D/mm-camera-intf( 8253): mm_channel_process_stream_buf:203] type 0
01-28 20:13:46.826 D/mm-camera-intf( 8253): mm_channel_process_stream_buf: Super Buffer received, pending_cnt=0
01-28 20:13:46.826 W/QCamera2HWI( 8253): preview_stream_cb_routine : first preview frame. mCameraId=0
01-28 20:13:46.826 E/mm-camera-img(  377): faceproc_fd_execute:1174] no faces detected X
01-28 20:13:46.826 E/mm-camera-img(  377): face_proc_thread_loop:420] state 2 abort 0
01-28 20:13:46.826 E/mm-camera(  377): module_faceproc_client_event_handler:1120] buffer idx 0
01-28 20:13:46.826 E/mm-camera-img(  377): face_proc_thread_loop:428] send event
01-28 20:13:46.826 E/mm-camera-img(  377): img_comp_get_param:163] param 514
01-28 20:13:46.826 E/mm-camera-img(  377): faceproc_fd_output:848] num_faces 0
01-28 20:13:46.826 E/mm-camera-img(  377): face_proc_thread_loop:430] send event
01-28 20:13:46.826 E/mm-camera-img(  377): img_q_wait: before wait
01-28 20:13:46.846 E/mm-camera(  377): cpp_module_handle_sof_notify_event:574, sending bus msg, session_id=2, R1=4, R2=4
01-28 20:13:46.846 E/mm-camera(  377): isp_proc_async_command:  ISP_ASYNC_COMMAND_UV_SUBSAMPLE
01-28 20:13:46.846 E/mm-camera-intf( 8253): mm_stream_read_msm_frame: VIDIOC_DQBUF buf_index 12, frame_idx 2, stream type 6, time stamp 1390958026 862111000
01-28 20:13:46.846 D/mm-camera-intf( 8253): mm_channel_process_stream_buf:203] type 0
01-28 20:13:46.846 D/mm-camera-intf( 8253): mm_channel_handle_metadata: Focus is done with state 1
01-28 20:13:46.846 D/mm-camera-intf( 8253): mm_channel_process_stream_buf: Super Buffer received, pending_cnt=0
01-28 20:13:46.846 I/QCamera2HWI( 8253): [AF_DBG] processAutoFocusEvent: [focusMode=6] m_currentFocusState=1, m_bAFRunning=0, m_bCAFLocked=0, m_bNeedLockCAF=0
01-28 20:13:46.876 E/mm-camera(  377): af_fdprio_process: Processing frame 2
01-28 20:13:46.876 E/mm-camera(  377): af_fdprio_process_counters_int:134 Process counters
01-28 20:13:46.876 E/mm-camera(  377): af_fdprio_process_counters_int:143 No face counter: 2
01-28 20:13:46.876 E/mm-camera(  377): [!!!CML!!!]AF_Lib_Algorithm Bv=-758, Sv=2106, Tv=1000, ocr_on=0, ocr_h=0, fd_on=1, face_num=0, fd_coord_x=0, g_af_state=1, CurrPos=0 
01-28 20:13:46.876 E/mm-camera(  377): [!!!CML_CAF!!!]CAFpos=1 status=1 CAF_status=5 inner= 286395 outer= 14176 Bv= -758 ps7q8Tv=1000 g_Af_max_pos = 124 AF_win_stat.gr_min=80
01-28 20:13:46.876 E/mm-camera(  377): [!!!CML!!!]Getstatus_____AF Status : 1, peAF_Mode = 3
01-28 20:13:46.876 E/mm-camera-intf( 8253): mm_stream_read_msm_frame: VIDIOC_DQBUF buf_index 1, frame_idx 2, stream type 3, time stamp 565 769636000
01-28 20:13:46.876 E/mm-camera(  377): cpp_module_handle_buf_divert_event:58, iden=0x20002, frame_id:2
01-28 20:13:46.876 E/mm-camera(  377): cpp_module_put_new_ack_in_list: __dbg: channel_id = 2 
01-28 20:13:46.876 D/mm-camera-intf( 8253): mm_channel_process_stream_buf:203] type 0
01-28 20:13:46.876 D/mm-camera-intf( 8253): mm_channel_process_stream_buf: Super Buffer received, pending_cnt=0
01-28 20:13:46.876 E/mm-camera(  377): module_faceproc_client_handle_buffer:1809] count 1
01-28 20:13:46.886 E/mm-camera(  377): be_stats_counter 1
01-28 20:13:46.886 E/mm-camera-intf( 8253): mm_stream_read_msm_frame: VIDIOC_DQBUF buf_index 6, frame_idx 2, stream type 1, time stamp 565 769636000
01-28 20:13:46.886 D/mm-camera-intf( 8253): mm_channel_process_stream_buf:203] type 0
01-28 20:13:46.886 D/mm-camera-intf( 8253): mm_channel_process_stream_buf: Super Buffer received, pending_cnt=0
01-28 20:13:46.896 E/mm-camera(  377): [jooho]y[119]=230, y[120]=23, y[121]=17, y[239]=27, y[240]=24, y[241]=29
01-28 20:13:46.916 E/mm-camera(  377): cpp_module_handle_sof_notify_event:574, sending bus msg, session_id=2, R1=4, R2=4
01-28 20:13:46.916 E/mm-camera-intf( 8253): mm_stream_read_msm_frame: VIDIOC_DQBUF buf_index 13, frame_idx 3, stream type 6, time stamp 1390958026 928827000
01-28 20:13:46.916 D/mm-camera-intf( 8253): mm_channel_process_stream_buf:203] type 0
01-28 20:13:46.916 D/mm-camera-intf( 8253): mm_channel_process_stream_buf: Super Buffer received, pending_cnt=0
01-28 20:13:46.916 E/mm-camera(  377): isp_proc_async_command: after ISP_UV_SWITCH_STATE_FINISHING session = 2
01-28 20:13:46.916 E/mm-camera(  377): isp_proc_async_command: X, session_id = 2, async_cmd_id = 0
01-28 20:13:46.946 E/mm-camera(  377): af_fdprio_process: Processing frame 3
01-28 20:13:46.946 E/mm-camera(  377): af_fdprio_process_counters_int:134 Process counters
01-28 20:13:46.946 E/mm-camera(  377): af_fdprio_process_counters_int:143 No face counter: 3
01-28 20:13:46.946 E/mm-camera(  377): [!!!CML!!!]AF_Lib_Algorithm Bv=-919, Sv=2106, Tv=1000, ocr_on=0, ocr_h=0, fd_on=1, face_num=0, fd_coord_x=0, g_af_state=1, CurrPos=0 
01-28 20:13:46.946 E/mm-camera(  377): [!!!CML_CAF!!!]CAFpos=1 status=1 CAF_status=5 inner= 35168 outer= 11247 Bv= -919 ps7q8Tv=1000 g_Af_max_pos = 124 AF_win_stat.gr_min=80
01-28 20:13:46.946 E/mm-camera(  377): [!!!CML!!!]Getstatus_____AF Status : 1, peAF_Mode = 3
01-28 20:13:46.946 E/mm-camera-intf( 8253): mm_stream_read_msm_frame: VIDIOC_DQBUF buf_index 2, frame_idx 3, stream type 3, time stamp 565 836360000
01-28 20:13:46.946 E/mm-camera(  377): cpp_module_handle_buf_divert_event:58, iden=0x20002, frame_id:3
01-28 20:13:46.946 E/mm-camera(  377): cpp_module_put_new_ack_in_list: __dbg: channel_id = 2 
01-28 20:13:46.946 D/mm-camera-intf( 8253): mm_channel_process_stream_buf:203] type 0
01-28 20:13:46.946 D/mm-camera-intf( 8253): mm_channel_process_stream_buf: Super Buffer received, pending_cnt=0
01-28 20:13:46.946 E/mm-camera(  377): module_faceproc_client_handle_buffer:1809] count 0
01-28 20:13:46.946 E/mm-camera(  377): module_faceproc_client_send_info:1751] active index 0 face_cnt 0
01-28 20:13:46.946 E/mm-camera(  377): module_faceproc_client_send_info:1763] face_cnt 0
01-28 20:13:46.946 E/mm-camera(  377): module_faceproc_client_send_faceinfo:692] 1.000000 1.000000 0 0 out scale 1.000000 1.000000
01-28 20:13:46.946 E/mm-camera(  377): module_faceproc_client_send_faceinfo:694] Num face detected 0
01-28 20:13:46.946 E/mm-camera(  377): module_faceproc_faces_stabilization:586] GJ Invalid input no faces 
01-28 20:13:46.946 E/mm-camera(  377): [FD_ZOOM_DBG] FD_Imglib Num face detected 0
01-28 20:13:46.946 E/mm-camera(  377): module_faceproc_client_send_faceinfo:735] session id 2 mct_mod 0xb70a0608
01-28 20:13:46.946 E/mm-camera(  377): module_faceproc_client_handle_buffer:1827] img_idx 1
01-28 20:13:46.946 E/mm-camera(  377): module_faceproc_client_handle_buffer:1840] buffer 4 0xad9b0008 0xb3406000
01-28 20:13:46.946 E/mm-camera(  377): be_stats_counter 1
01-28 20:13:46.946 E/mm-camera-img(  377): faceproc_comp_queue_buffer:655] q_count 1
01-28 20:13:46.946 E/mm-camera-img(  377): img_q_wait:225] after wait count 1
01-28 20:13:46.956 E/mm-camera-img(  377): img_q_wait:229] data 0xb70bba60
01-28 20:13:46.956 E/mm-camera-img(  377): faceproc_fd_execute:1142] E
01-28 20:13:46.956 E/mm-camera(  377): [jooho]y[119]=32, y[120]=18, y[121]=13, y[239]=27, y[240]=25, y[241]=33
01-28 20:13:46.956 E/mm-camera-intf( 8253): mm_stream_read_msm_frame: VIDIOC_DQBUF buf_index 7, frame_idx 3, stream type 1, time stamp 565 836360000
01-28 20:13:46.956 D/mm-camera-intf( 8253): mm_channel_process_stream_buf:203] type 0
01-28 20:13:46.956 D/mm-camera-intf( 8253): mm_channel_process_stream_buf: Super Buffer received, pending_cnt=0
01-28 20:13:46.976 E/mm-camera-img(  377): faceproc_fd_execute:1174] no faces detected X
01-28 20:13:46.976 E/mm-camera-img(  377): face_proc_thread_loop:420] state 2 abort 0
01-28 20:13:46.976 E/mm-camera(  377): module_faceproc_client_event_handler:1120] buffer idx 1
01-28 20:13:46.976 E/mm-camera-img(  377): face_proc_thread_loop:428] send event
01-28 20:13:46.976 E/mm-camera-img(  377): img_comp_get_param:163] param 514
01-28 20:13:46.976 E/mm-camera-img(  377): faceproc_fd_output:848] num_faces 0
01-28 20:13:46.976 E/mm-camera-img(  377): face_proc_thread_loop:430] send event
01-28 20:13:46.976 E/mm-camera-img(  377): img_q_wait: before wait
01-28 20:13:46.986 E/mm-camera(  377): cpp_module_handle_sof_notify_event:574, sending bus msg, session_id=2, R1=4, R2=4
01-28 20:13:46.986 E/mm-camera-intf( 8253): mm_stream_read_msm_frame: VIDIOC_DQBUF buf_index 14, frame_idx 4, stream type 6, time stamp 1390958026 995552000
01-28 20:13:46.986 D/mm-camera-intf( 8253): mm_channel_process_stream_buf:203] type 0
01-28 20:13:46.986 D/mm-camera-intf( 8253): mm_channel_process_stream_buf: Super Buffer received, pending_cnt=0
01-28 20:13:47.006 E/mm-camera(  377): af_fdprio_process: Processing frame 4
01-28 20:13:47.006 E/mm-camera(  377): af_fdprio_process_counters_int:134 Process counters
01-28 20:13:47.006 E/mm-camera(  377): af_fdprio_process_counters_int:143 No face counter: 4
01-28 20:13:47.006 E/mm-camera(  377): af_fdprio_process_counters_int:146 Trigger default ROI AF_START
01-28 20:13:47.006 E/mm-camera(  377): af_fdprio_send_default_roi: Sending default ROI
01-28 20:13:47.016 E/mm-camera(  377): [!!!CML!!!]AF_Lib_Algorithm Bv=-892, Sv=2106, Tv=1000, ocr_on=0, ocr_h=0, fd_on=1, face_num=0, fd_coord_x=0, g_af_state=1, CurrPos=0 
01-28 20:13:47.016 E/mm-camera(  377): [!!!CML_CAF!!!]CAFpos=1 status=1 CAF_status=5 inner= 12706 outer= 12683 Bv= -892 ps7q8Tv=1000 g_Af_max_pos = 124 AF_win_stat.gr_min=80
01-28 20:13:47.016 E/mm-camera(  377): [!!!CML!!!]Getstatus_____AF Status : 1, peAF_Mode = 3
01-28 20:13:47.016 E/mm-camera(  377): be_stats_counter 1
01-28 20:13:47.016 E/mm-camera(  377): [jooho]y[119]=13, y[120]=11, y[121]=7, y[239]=22, y[240]=19, y[241]=29
01-28 20:13:47.046 E/mm-camera(  377): cpp_module_handle_sof_notify_event:574, sending bus msg, session_id=2, R1=4, R2=4
01-28 20:13:47.046 E/mm-camera-intf( 8253): mm_stream_read_msm_frame: VIDIOC_DQBUF buf_index 15, frame_idx 5, stream type 6, time stamp 1390958027 62258000
01-28 20:13:47.046 D/mm-camera-intf( 8253): mm_channel_process_stream_buf:203] type 0
01-28 20:13:47.046 D/mm-camera-intf( 8253): mm_channel_process_stream_buf: Super Buffer received, pending_cnt=0
01-28 20:13:47.076 E/mm-camera(  377): af_fdprio_process: Processing frame 5
01-28 20:13:47.076 E/mm-camera(  377): af_fdprio_process_counters_int:134 Process counters
01-28 20:13:47.076 E/mm-camera(  377): [!!!CML!!!]AF_Lib_Algorithm Bv=-811, Sv=2106, Tv=1000, ocr_on=0, ocr_h=0, fd_on=1, face_num=0, fd_coord_x=0, g_af_state=1, CurrPos=0 
01-28 20:13:47.076 E/mm-camera(  377): [!!!CML_CAF!!!]CAFpos=1 status=1 CAF_status=5 inner= 5252 outer= 15826 Bv= -811 ps7q8Tv=1000 g_Af_max_pos = 124 AF_win_stat.gr_min=80
01-28 20:13:47.076 E/mm-camera(  377): [!!!CML!!!]Getstatus_____AF Status : 1, peAF_Mode = 3
01-28 20:13:47.086 E/mm-camera(  377): cpp_module_handle_buf_divert_event:58, iden=0x20002, frame_id:5
01-28 20:13:47.086 E/mm-camera(  377): cpp_module_put_new_ack_in_list: __dbg: channel_id = 2 
01-28 20:13:47.086 E/mm-camera-intf( 8253): mm_stream_read_msm_frame: VIDIOC_DQBUF buf_index 4, frame_idx 5, stream type 3, time stamp 565 969809000
01-28 20:13:47.086 D/mm-camera-intf( 8253): mm_channel_process_stream_buf:203] type 0
01-28 20:13:47.086 D/mm-camera-intf( 8253): mm_channel_process_stream_buf: Super Buffer received, pending_cnt=0
01-28 20:13:47.086 E/mm-camera(  377): module_faceproc_client_handle_buffer:1809] count 1
01-28 20:13:47.086 E/mm-camera(  377): be_stats_counter 1
01-28 20:13:47.086 E/mm-camera-intf( 8253): mm_stream_read_msm_frame: VIDIOC_DQBUF buf_index 8, frame_idx 5, stream type 1, time stamp 565 969809000
01-28 20:13:47.086 D/mm-camera-intf( 8253): mm_channel_process_stream_buf:203] type 0
01-28 20:13:47.086 D/mm-camera-intf( 8253): mm_channel_process_stream_buf: Super Buffer received, pending_cnt=0
01-28 20:13:47.116 E/mm-camera(  377): [jooho]y[119]=137, y[120]=24, y[121]=19, y[239]=27, y[240]=34, y[241]=34
01-28 20:13:47.116 E/mm-camera(  377): cpp_module_handle_sof_notify_event:574, sending bus msg, session_id=2, R1=4, R2=4
01-28 20:13:47.116 E/mm-camera-intf( 8253): mm_stream_read_msm_frame: VIDIOC_DQBUF buf_index 16, frame_idx 6, stream type 6, time stamp 1390958027 128987000
01-28 20:13:47.116 D/mm-camera-intf( 8253): mm_channel_process_stream_buf:203] type 0
01-28 20:13:47.116 D/mm-camera-intf( 8253): mm_channel_process_stream_buf: Super Buffer received, pending_cnt=0
01-28 20:13:47.146 E/mm-camera(  377): af_fdprio_process: Processing frame 6
01-28 20:13:47.146 E/mm-camera(  377): af_fdprio_process_counters_int:134 Process counters
01-28 20:13:47.146 E/mm-camera(  377): [!!!CML!!!]AF_Lib_Algorithm Bv=-690, Sv=2106, Tv=1000, ocr_on=0, ocr_h=0, fd_on=1, face_num=0, fd_coord_x=0, g_af_state=1, CurrPos=0 
01-28 20:13:47.146 E/mm-camera(  377): [!!!CML_CAF!!!]CAFpos=1 status=1 CAF_status=5 inner= 7698 outer= 15153 Bv= -690 ps7q8Tv=1000 g_Af_max_pos = 124 AF_win_stat.gr_min=80
01-28 20:13:47.146 E/mm-camera(  377): [!!!CML!!!]Getstatus_____AF Status : 1, peAF_Mode = 3
01-28 20:13:47.146 E/mm-camera-intf( 8253): mm_stream_read_msm_frame: VIDIOC_DQBUF buf_index 3, frame_idx 6, stream type 3, time stamp 566 36502000
01-28 20:13:47.146 E/mm-camera(  377): cpp_module_handle_buf_divert_event:58, iden=0x20002, frame_id:6
01-28 20:13:47.146 E/mm-camera(  377): cpp_module_put_new_ack_in_list: __dbg: channel_id = 2 
01-28 20:13:47.146 D/mm-camera-intf( 8253): mm_channel_process_stream_buf:203] type 0
01-28 20:13:47.146 D/mm-camera-intf( 8253): mm_channel_process_stream_buf: Super Buffer received, pending_cnt=0
01-28 20:13:47.146 E/mm-camera(  377): be_stats_counter 1
01-28 20:13:47.146 E/mm-camera(  377): module_faceproc_client_handle_buffer:1809] count 0
01-28 20:13:47.146 E/mm-camera(  377): module_faceproc_client_send_info:1751] active index 1 face_cnt 0
01-28 20:13:47.146 E/mm-camera(  377): module_faceproc_client_send_info:1763] face_cnt 0
01-28 20:13:47.146 E/mm-camera(  377): module_faceproc_client_send_faceinfo:692] 1.000000 1.000000 0 0 out scale 1.000000 1.000000
01-28 20:13:47.146 E/mm-camera(  377): module_faceproc_client_send_faceinfo:694] Num face detected 0
01-28 20:13:47.146 E/mm-camera(  377): module_faceproc_faces_stabilization:586] GJ Invalid input no faces 
01-28 20:13:47.146 E/mm-camera(  377): [FD_ZOOM_DBG] FD_Imglib Num face detected 0
01-28 20:13:47.146 E/mm-camera(  377): module_faceproc_client_send_faceinfo:735] session id 2 mct_mod 0xb70a0608
01-28 20:13:47.146 E/mm-camera(  377): module_faceproc_client_handle_buffer:1827] img_idx 2
01-28 20:13:47.146 E/mm-camera(  377): module_faceproc_client_handle_buffer:1840] buffer 2 0xad662008 0xb387a000
01-28 20:13:47.156 E/mm-camera-img(  377): faceproc_comp_queue_buffer:655] q_count 1
01-28 20:13:47.156 E/mm-camera-img(  377): img_q_wait:225] after wait count 1
01-28 20:13:47.156 E/mm-camera-img(  377): img_q_wait:229] data 0xb70bbc20
01-28 20:13:47.156 E/mm-camera-img(  377): faceproc_fd_execute:1142] E
01-28 20:13:47.156 E/mm-camera(  377): [jooho]y[119]=313, y[120]=70, y[121]=24, y[239]=30, y[240]=26, y[241]=34
01-28 20:13:47.156 E/mm-camera-intf( 8253): mm_stream_read_msm_frame: VIDIOC_DQBUF buf_index 9, frame_idx 6, stream type 1, time stamp 566 36502000
01-28 20:13:47.156 D/mm-camera-intf( 8253): mm_channel_process_stream_buf:203] type 0
01-28 20:13:47.156 D/mm-camera-intf( 8253): mm_channel_process_stream_buf: Super Buffer received, pending_cnt=0
01-28 20:13:47.166 E/mm-camera-img(  377): faceproc_fd_execute:1174] no faces detected X
01-28 20:13:47.166 E/mm-camera-img(  377): face_proc_thread_loop:420] state 2 abort 0
01-28 20:13:47.166 E/mm-camera(  377): module_faceproc_client_event_handler:1120] buffer idx 2
01-28 20:13:47.166 E/mm-camera-img(  377): face_proc_thread_loop:428] send event
01-28 20:13:47.166 E/mm-camera-img(  377): img_comp_get_param:163] param 514
01-28 20:13:47.166 E/mm-camera-img(  377): faceproc_fd_output:848] num_faces 0
01-28 20:13:47.166 E/mm-camera-img(  377): face_proc_thread_loop:430] send event
01-28 20:13:47.166 E/mm-camera-img(  377): img_q_wait: before wait
01-28 20:13:47.186 E/mm-camera(  377): cpp_module_handle_sof_notify_event:574, sending bus msg, session_id=2, R1=4, R2=4
01-28 20:13:47.186 E/mm-camera-intf( 8253): mm_stream_read_msm_frame: VIDIOC_DQBUF buf_index 17, frame_idx 7, stream type 6, time stamp 1390958027 195701000
01-28 20:13:47.186 D/mm-camera-intf( 8253): mm_channel_process_stream_buf:203] type 0
01-28 20:13:47.186 D/mm-camera-intf( 8253): mm_channel_process_stream_buf: Super Buffer received, pending_cnt=0
01-28 20:13:47.206 E/mm-camera(  377): af_fdprio_process: Processing frame 7
01-28 20:13:47.206 E/mm-camera(  377): af_fdprio_process_counters_int:134 Process counters
01-28 20:13:47.216 E/mm-camera(  377): [!!!CML!!!]AF_Lib_Algorithm Bv=-576, Sv=2106, Tv=1000, ocr_on=0, ocr_h=0, fd_on=1, face_num=0, fd_coord_x=0, g_af_state=1, CurrPos=0 
01-28 20:13:47.216 E/mm-camera(  377): [!!!CML_CAF!!!]CAFpos=1 status=1 CAF_status=5 inner= 87992 outer= 11059 Bv= -576 ps7q8Tv=1000 g_Af_max_pos = 124 AF_win_stat.gr_min=80
01-28 20:13:47.216 E/mm-camera(  377): [!!!CML!!!]Getstatus_____AF Status : 1, peAF_Mode = 3
01-28 20:13:47.216 E/mm-camera(  377): cpp_module_handle_buf_divert_event:58, iden=0x20002, frame_id:7
01-28 20:13:47.216 E/mm-camera(  377): cpp_module_put_new_ack_in_list: __dbg: channel_id = 2 
01-28 20:13:47.216 E/mm-camera(  377): module_faceproc_client_handle_buffer:1809] count 1
01-28 20:13:47.216 E/mm-camera(  377): be_stats_counter 1
01-28 20:13:47.216 E/mm-camera-intf( 8253): mm_stream_read_msm_frame: VIDIOC_DQBUF buf_index 5, frame_idx 7, stream type 3, time stamp 566 103209000
01-28 20:13:47.216 D/mm-camera-intf( 8253): mm_channel_process_stream_buf:203] type 0
01-28 20:13:47.216 D/mm-camera-intf( 8253): mm_channel_process_stream_buf: Super Buffer received, pending_cnt=0
01-28 20:13:47.216 E/mm-camera(  377): [jooho]y[119]=298, y[120]=287, y[121]=40, y[239]=70, y[240]=30, y[241]=27
01-28 20:13:47.216 E/mm-camera-intf( 8253): mm_stream_read_msm_frame: VIDIOC_DQBUF buf_index 10, frame_idx 7, stream type 1, time stamp 566 103209000
01-28 20:13:47.216 D/mm-camera-intf( 8253): mm_channel_process_stream_buf:203] type 0
01-28 20:13:47.216 D/mm-camera-intf( 8253): mm_channel_process_stream_buf: Super Buffer received, pending_cnt=0
01-28 20:13:47.236 E/MP-Decision( 1605): Action to bring core 3 offline
