01-28 20:13:49.346 E/mm-camera(  377): be_stats_counter 1
01-28 20:13:49.346 E/mm-camera-img(  377): faceproc_comp_queue_buffer:655] q_count 1
01-28 20:13:49.356 E/mm-camera-img(  377): img_q_wait:225] after wait count 1
01-28 20:13:49.356 E/mm-camera-img(  377): img_q_wait:229] data 0xb70bbc20
01-28 20:13:49.356 E/mm-camera-img(  377): faceproc_fd_execute:1142] E
01-28 20:13:49.356 E/mm-camera(  377): [jooho]y[119]=2, y[120]=3, y[121]=5, y[239]=7, y[240]=10, y[241]=10
01-28 20:13:49.356 E/mm-camera-img(  377): faceproc_fd_execute:1174] no faces detected X
01-28 20:13:49.356 E/mm-camera-img(  377): face_proc_thread_loop:420] state 2 abort 0
01-28 20:13:49.356 E/mm-camera(  377): module_faceproc_client_event_handler:1120] buffer idx 2
01-28 20:13:49.356 E/mm-camera-img(  377): face_proc_thread_loop:428] send event
01-28 20:13:49.356 E/mm-camera-img(  377): img_comp_get_param:163] param 514
01-28 20:13:49.356 E/mm-camera-img(  377): faceproc_fd_output:848] num_faces 0
01-28 20:13:49.356 E/mm-camera-img(  377): face_proc_thread_loop:430] send event
01-28 20:13:49.356 E/mm-camera-img(  377): img_q_wait: before wait
01-28 20:13:49.356 E/mm-camera-intf( 8253): mm_stream_read_msm_frame: VIDIOC_DQBUF buf_index 5, frame_idx 39, stream type 1, time stamp 568 237824000
01-28 20:13:49.356 D/mm-camera-intf( 8253): mm_channel_process_stream_buf:203] type 0
01-28 20:13:49.356 D/mm-camera-intf( 8253): mm_channel_process_stream_buf: Super Buffer received, pending_cnt=0
01-28 20:13:49.386 E/mm-camera(  377): cpp_module_handle_sof_notify_event:574, sending bus msg, session_id=2, R1=2, R2=2
01-28 20:13:49.386 E/mm-camera-intf( 8253): mm_stream_read_msm_frame: VIDIOC_DQBUF buf_index 10, frame_idx 40, stream type 6, time stamp 1390958029 397005000
01-28 20:13:49.386 D/mm-camera-intf( 8253): mm_channel_process_stream_buf:203] type 0
01-28 20:13:49.386 D/mm-camera-intf( 8253): mm_channel_process_stream_buf: Super Buffer received, pending_cnt=0
01-28 20:13:49.416 E/mm-camera(  377): af_fdprio_process: Processing frame 40
01-28 20:13:49.416 E/mm-camera(  377): af_fdprio_process_counters_int:134 Process counters
01-28 20:13:49.416 E/mm-camera(  377): [!!!CML!!!]AF_Lib_Algorithm Bv=291, Sv=1502, Tv=1106, ocr_on=0, ocr_h=0, fd_on=1, face_num=0, fd_coord_x=0, g_af_state=1, CurrPos=0 
01-28 20:13:49.416 E/mm-camera(  377): [!!!CML_CAF!!!]CAFpos=1 status=1 CAF_status=5 inner= 959 outer= 11538 Bv= 291 ps7q8Tv=1106 g_Af_max_pos = 124 AF_win_stat.gr_min=80
01-28 20:13:49.416 E/mm-camera(  377): [!!!CML!!!]Getstatus_____AF Status : 1, peAF_Mode = 3
01-28 20:13:49.416 E/mm-camera(  377): cpp_module_handle_buf_divert_event:58, iden=0x20002, frame_id:40
01-28 20:13:49.416 E/mm-camera-intf( 8253): mm_stream_read_msm_frame: VIDIOC_DQBUF buf_index 1, frame_idx 40, stream type 3, time stamp 568 304531000
01-28 20:13:49.416 E/mm-camera(  377): cpp_module_put_new_ack_in_list: __dbg: channel_id = 2 
01-28 20:13:49.416 D/mm-camera-intf( 8253): mm_channel_process_stream_buf:203] type 0
01-28 20:13:49.416 E/mm-camera(  377): be_stats_counter 1
01-28 20:13:49.416 D/mm-camera-intf( 8253): mm_channel_process_stream_buf: Super Buffer received, pending_cnt=0
01-28 20:13:49.416 E/mm-camera(  377): module_faceproc_client_handle_buffer:1809] count 1
01-28 20:13:49.426 E/mm-camera(  377): [jooho]y[119]=2, y[120]=2, y[121]=3, y[239]=6, y[240]=9, y[241]=9
01-28 20:13:49.426 E/mm-camera-intf( 8253): mm_stream_read_msm_frame: VIDIOC_DQBUF buf_index 6, frame_idx 40, stream type 1, time stamp 568 304531000
01-28 20:13:49.426 D/mm-camera-intf( 8253): mm_channel_process_stream_buf:203] type 0
01-28 20:13:49.426 D/mm-camera-intf( 8253): mm_channel_process_stream_buf: Super Buffer received, pending_cnt=0
01-28 20:13:49.436 E/mm-camera(  377): cpp_module_handle_sof_notify_event:574, sending bus msg, session_id=2, R1=2, R2=2
01-28 20:13:49.446 E/mm-camera-intf( 8253): mm_stream_read_msm_frame: VIDIOC_DQBUF buf_index 11, frame_idx 41, stream type 6, time stamp 1390958029 455366000
01-28 20:13:49.446 D/mm-camera-intf( 8253): mm_channel_process_stream_buf:203] type 0
01-28 20:13:49.446 D/mm-camera-intf( 8253): mm_channel_process_stream_buf: Super Buffer received, pending_cnt=0
01-28 20:13:49.466 E/mm-camera(  377): af_fdprio_process: Processing frame 41
01-28 20:13:49.466 E/mm-camera(  377): af_fdprio_process_counters_int:134 Process counters
01-28 20:13:49.466 E/mm-camera(  377): [!!!CML!!!]AF_Lib_Algorithm Bv=333, Sv=1456, Tv=1106, ocr_on=0, ocr_h=0, fd_on=1, face_num=0, fd_coord_x=0, g_af_state=1, CurrPos=0 
01-28 20:13:49.476 E/mm-camera(  377): [!!!CML_CAF!!!]CAFpos=1 status=1 CAF_status=5 inner= 501 outer= 11682 Bv= 333 ps7q8Tv=1106 g_Af_max_pos = 124 AF_win_stat.gr_min=80
01-28 20:13:49.476 E/mm-camera(  377): [!!!CML!!!]Getstatus_____AF Status : 1, peAF_Mode = 3
01-28 20:13:49.476 E/mm-camera(  377): cpp_module_handle_buf_divert_event:58, iden=0x20002, frame_id:41
01-28 20:13:49.476 E/mm-camera(  377): cpp_module_put_new_ack_in_list: __dbg: channel_id = 2 
01-28 20:13:49.476 E/mm-camera-intf( 8253): mm_stream_read_msm_frame: VIDIOC_DQBUF buf_index 2, frame_idx 41, stream type 3, time stamp 568 362898000
01-28 20:13:49.476 D/mm-camera-intf( 8253): mm_channel_process_stream_buf:203] type 0
01-28 20:13:49.476 E/mm-camera(  377): be_stats_counter 1
01-28 20:13:49.476 E/mm-camera(  377): module_faceproc_client_handle_buffer:1809] count 0
01-28 20:13:49.476 E/mm-camera(  377): module_faceproc_client_send_info:1751] active index 0 face_cnt 0
01-28 20:13:49.476 E/mm-camera(  377): module_faceproc_client_send_info:1763] face_cnt 0
01-28 20:13:49.476 E/mm-camera(  377): module_faceproc_client_send_faceinfo:692] 1.000000 1.000000 0 0 out scale 1.000000 1.000000
01-28 20:13:49.476 E/mm-camera(  377): module_faceproc_client_send_faceinfo:694] Num face detected 0
01-28 20:13:49.476 E/mm-camera(  377): module_faceproc_faces_stabilization:586] GJ Invalid input no faces 
01-28 20:13:49.476 E/mm-camera(  377): [FD_ZOOM_DBG] FD_Imglib Num face detected 0
01-28 20:13:49.476 E/mm-camera(  377): module_faceproc_client_send_faceinfo:735] session id 2 mct_mod 0xb70a0608
01-28 20:13:49.476 E/mm-camera(  377): module_faceproc_client_handle_buffer:1827] img_idx 3
01-28 20:13:49.476 E/mm-camera(  377): module_faceproc_client_handle_buffer:1840] buffer 2 0xad4e6008 0xb387a000
01-28 20:13:49.476 D/mm-camera-intf( 8253): mm_channel_process_stream_buf: Super Buffer received, pending_cnt=0
01-28 20:13:49.476 E/mm-camera-img(  377): faceproc_comp_queue_buffer:655] q_count 1
01-28 20:13:49.476 E/mm-camera-img(  377): img_q_wait:225] after wait count 1
01-28 20:13:49.476 E/mm-camera-img(  377): img_q_wait:229] data 0xb70bbde0
01-28 20:13:49.476 E/mm-camera-img(  377): faceproc_fd_execute:1142] E
01-28 20:13:49.486 E/mm-camera(  377): [jooho]y[119]=2, y[120]=2, y[121]=3, y[239]=5, y[240]=7, y[241]=7
01-28 20:13:49.486 E/mm-camera-intf( 8253): mm_stream_read_msm_frame: VIDIOC_DQBUF buf_index 7, frame_idx 41, stream type 1, time stamp 568 362898000
01-28 20:13:49.486 D/mm-camera-intf( 8253): mm_channel_process_stream_buf:203] type 0
01-28 20:13:49.486 D/mm-camera-intf( 8253): mm_channel_process_stream_buf: Super Buffer received, pending_cnt=0
01-28 20:13:49.486 E/mm-camera-img(  377): faceproc_fd_execute:1174] no faces detected X
01-28 20:13:49.486 E/mm-camera-img(  377): face_proc_thread_loop:420] state 2 abort 0
01-28 20:13:49.486 E/mm-camera(  377): module_faceproc_client_event_handler:1120] buffer idx 3
01-28 20:13:49.486 E/mm-camera-img(  377): face_proc_thread_loop:428] send event
01-28 20:13:49.486 E/mm-camera-img(  377): img_comp_get_param:163] param 514
01-28 20:13:49.486 E/mm-camera-img(  377): faceproc_fd_output:848] num_faces 0
01-28 20:13:49.486 E/mm-camera-img(  377): face_proc_thread_loop:430] send event
01-28 20:13:49.486 E/mm-camera-img(  377): img_q_wait: before wait
01-28 20:13:49.486 E/mm-camera(  377): cpp_module_handle_sof_notify_event:574, sending bus msg, session_id=2, R1=2, R2=2
01-28 20:13:49.496 E/mm-camera-intf( 8253): mm_stream_read_msm_frame: VIDIOC_DQBUF buf_index 14, frame_idx 42, stream type 6, time stamp 1390958029 505400000
01-28 20:13:49.496 D/mm-camera-intf( 8253): mm_channel_process_stream_buf:203] type 0
01-28 20:13:49.496 D/mm-camera-intf( 8253): mm_channel_process_stream_buf: Super Buffer received, pending_cnt=0
01-28 20:13:49.516 E/mm-camera(  377): af_fdprio_process: Processing frame 42
01-28 20:13:49.516 E/mm-camera(  377): af_fdprio_process_counters_int:134 Process counters
01-28 20:13:49.516 E/mm-camera(  377): [!!!CML!!!]AF_Lib_Algorithm Bv=374, Sv=1479, Tv=1173, ocr_on=0, ocr_h=0, fd_on=1, face_num=0, fd_coord_x=0, g_af_state=1, CurrPos=0 
01-28 20:13:49.516 E/mm-camera(  377): [!!!CML_CAF!!!]CAFpos=1 status=1 CAF_status=5 inner= 439 outer= 11800 Bv= 374 ps7q8Tv=1173 g_Af_max_pos = 124 AF_win_stat.gr_min=80
01-28 20:13:49.516 E/mm-camera(  377): [!!!CML!!!]Getstatus_____AF Status : 1, peAF_Mode = 3
01-28 20:13:49.526 E/mm-camera-intf( 8253): mm_stream_read_msm_frame: VIDIOC_DQBUF buf_index 4, frame_idx 42, stream type 3, time stamp 568 412936000
01-28 20:13:49.526 E/mm-camera(  377): cpp_module_handle_buf_divert_event:58, iden=0x20002, frame_id:42
01-28 20:13:49.526 E/mm-camera(  377): cpp_module_put_new_ack_in_list: __dbg: channel_id = 2 
01-28 20:13:49.526 D/mm-camera-intf( 8253): mm_channel_process_stream_buf:203] type 0
01-28 20:13:49.526 D/mm-camera-intf( 8253): mm_channel_process_stream_buf: Super Buffer received, pending_cnt=0
01-28 20:13:49.526 E/mm-camera(  377): module_faceproc_client_handle_buffer:1809] count 1
01-28 20:13:49.526 E/mm-camera(  377): be_stats_counter 1
01-28 20:13:49.526 E/mm-camera(  377): [jooho]y[119]=2, y[120]=2, y[121]=2, y[239]=4, y[240]=6, y[241]=6
01-28 20:13:49.526 E/mm-camera-intf( 8253): mm_stream_read_msm_frame: VIDIOC_DQBUF buf_index 8, frame_idx 42, stream type 1, time stamp 568 412936000
01-28 20:13:49.526 D/mm-camera-intf( 8253): mm_channel_process_stream_buf:203] type 0
01-28 20:13:49.526 D/mm-camera-intf( 8253): mm_channel_process_stream_buf: Super Buffer received, pending_cnt=0
01-28 20:13:49.536 E/MP-Decision( 1605): Action to bring core 3 online
01-28 20:13:49.536 E/mm-camera(  377): cpp_module_handle_sof_notify_event:574, sending bus msg, session_id=2, R1=2, R2=2
01-28 20:13:49.546 E/mm-camera-intf( 8253): mm_stream_read_msm_frame: VIDIOC_DQBUF buf_index 12, frame_idx 43, stream type 6, time stamp 1390958029 555438000
01-28 20:13:49.546 D/mm-camera-intf( 8253): mm_channel_process_stream_buf:203] type 0
01-28 20:13:49.546 D/mm-camera-intf( 8253): mm_channel_process_stream_buf: Super Buffer received, pending_cnt=0
01-28 20:13:49.566 E/mm-camera(  377): af_fdprio_process: Processing frame 43
01-28 20:13:49.566 E/mm-camera(  377): af_fdprio_process_counters_int:134 Process counters
01-28 20:13:49.566 E/mm-camera(  377): [!!!CML!!!]AF_Lib_Algorithm Bv=410, Sv=1520, Tv=1256, ocr_on=0, ocr_h=0, fd_on=1, face_num=0, fd_coord_x=0, g_af_state=1, CurrPos=0 
01-28 20:13:49.566 E/mm-camera(  377): [!!!CML_CAF!!!]CAFpos=1 status=1 CAF_status=5 inner= 0 outer= 8748 Bv= 410 ps7q8Tv=1256 g_Af_max_pos = 124 AF_win_stat.gr_min=80
01-28 20:13:49.566 E/mm-camera(  377): [!!!CML!!!]Getstatus_____AF Status : 1, peAF_Mode = 3
01-28 20:13:49.576 E/mm-camera-intf( 8253): mm_stream_read_msm_frame: VIDIOC_DQBUF buf_index 3, frame_idx 43, stream type 3, time stamp 568 462974000
01-28 20:13:49.576 E/mm-camera(  377): cpp_module_handle_buf_divert_event:58, iden=0x20002, frame_id:43
01-28 20:13:49.576 E/mm-camera(  377): cpp_module_put_new_ack_in_list: __dbg: channel_id = 2 
01-28 20:13:49.576 E/mm-camera(  377): module_faceproc_client_handle_buffer:1809] count 0
01-28 20:13:49.576 E/mm-camera(  377): module_faceproc_client_send_info:1751] active index 1 face_cnt 0
01-28 20:13:49.576 E/mm-camera(  377): module_faceproc_client_send_info:1763] face_cnt 0
01-28 20:13:49.576 E/mm-camera(  377): module_faceproc_client_send_faceinfo:692] 1.000000 1.000000 0 0 out scale 1.000000 1.000000
01-28 20:13:49.576 E/mm-camera(  377): module_faceproc_client_send_faceinfo:694] Num face detected 0
01-28 20:13:49.576 E/mm-camera(  377): module_faceproc_faces_stabilization:586] GJ Invalid input no faces 
01-28 20:13:49.576 E/mm-camera(  377): [FD_ZOOM_DBG] FD_Imglib Num face detected 0
01-28 20:13:49.576 E/mm-camera(  377): module_faceproc_client_send_faceinfo:735] session id 2 mct_mod 0xb70a0608
01-28 20:13:49.576 E/mm-camera(  377): module_faceproc_client_handle_buffer:1827] img_idx 0
01-28 20:13:49.576 E/mm-camera(  377): module_faceproc_client_handle_buffer:1840] buffer 4 0xadb2c008 0xb3406000
01-28 20:13:49.576 E/mm-camera(  377): be_stats_counter 1
01-28 20:13:49.576 D/mm-camera-intf( 8253): mm_channel_process_stream_buf:203] type 0
01-28 20:13:49.576 D/mm-camera-intf( 8253): mm_channel_process_stream_buf: Super Buffer received, pending_cnt=0
01-28 20:13:49.576 E/mm-camera-img(  377): faceproc_comp_queue_buffer:655] q_count 1
01-28 20:13:49.576 E/mm-camera-img(  377): img_q_wait:225] after wait count 1
01-28 20:13:49.576 E/mm-camera-img(  377): img_q_wait:229] data 0xb70bb8a0
01-28 20:13:49.576 E/mm-camera-img(  377): faceproc_fd_execute:1142] E
01-28 20:13:49.576 E/mm-camera-img(  377): faceproc_fd_execute:1174] no faces detected X
01-28 20:13:49.576 E/mm-camera-img(  377): face_proc_thread_loop:420] state 2 abort 0
01-28 20:13:49.576 E/mm-camera(  377): module_faceproc_client_event_handler:1120] buffer idx 0
01-28 20:13:49.576 E/mm-camera-img(  377): face_proc_thread_loop:428] send event
01-28 20:13:49.576 E/mm-camera-img(  377): img_comp_get_param:163] param 514
01-28 20:13:49.576 E/mm-camera-img(  377): faceproc_fd_output:848] num_faces 0
01-28 20:13:49.576 E/mm-camera-img(  377): face_proc_thread_loop:430] send event
01-28 20:13:49.576 E/mm-camera-img(  377): img_q_wait: before wait
01-28 20:13:49.576 E/mm-camera(  377): [jooho]y[119]=1, y[120]=1, y[121]=2, y[239]=3, y[240]=5, y[241]=4
01-28 20:13:49.586 E/mm-camera-intf( 8253): mm_stream_read_msm_frame: VIDIOC_DQBUF buf_index 9, frame_idx 43, stream type 1, time stamp 568 462974000
01-28 20:13:49.586 D/mm-camera-intf( 8253): mm_channel_process_stream_buf:203] type 0
01-28 20:13:49.586 D/mm-camera-intf( 8253): mm_channel_process_stream_buf: Super Buffer received, pending_cnt=0
01-28 20:13:49.586 E/mm-camera(  377): cpp_module_handle_sof_notify_event:574, sending bus msg, session_id=2, R1=2, R2=2
01-28 20:13:49.596 E/mm-camera-intf( 8253): mm_stream_read_msm_frame: VIDIOC_DQBUF buf_index 13, frame_idx 44, stream type 6, time stamp 1390958029 605476000
01-28 20:13:49.596 D/mm-camera-intf( 8253): mm_channel_process_stream_buf:203] type 0
01-28 20:13:49.596 D/mm-camera-intf( 8253): mm_channel_process_stream_buf: Super Buffer received, pending_cnt=0
01-28 20:13:49.616 E/mm-camera(  377): af_fdprio_process: Processing frame 44
01-28 20:13:49.616 E/mm-camera(  377): af_fdprio_process_counters_int:134 Process counters
01-28 20:13:49.626 E/mm-camera(  377): [!!!CML!!!]AF_Lib_Algorithm Bv=443, Sv=1478, Tv=1256, ocr_on=0, ocr_h=0, fd_on=1, face_num=0, fd_coord_x=0, g_af_state=1, CurrPos=0 
01-28 20:13:49.626 E/mm-camera(  377): [!!!CML_CAF!!!]CAFpos=1 status=1 CAF_status=5 inner= 87 outer= 11544 Bv= 443 ps7q8Tv=1256 g_Af_max_pos = 124 AF_win_stat.gr_min=80
01-28 20:13:49.626 E/mm-camera(  377): [!!!CML!!!]Getstatus_____AF Status : 1, peAF_Mode = 3
01-28 20:13:49.626 E/mm-camera-intf( 8253): mm_stream_read_msm_frame: VIDIOC_DQBUF buf_index 5, frame_idx 44, stream type 3, time stamp 568 513012000
01-28 20:13:49.626 E/mm-camera(  377): cpp_module_handle_buf_divert_event:58, iden=0x20002, frame_id:44
01-28 20:13:49.626 E/mm-camera(  377): cpp_module_put_new_ack_in_list: __dbg: channel_id = 2 
01-28 20:13:49.626 E/mm-camera(  377): cpp_module_handle_sof_notify_event:574, sending bus msg, session_id=2, R1=2, R2=2
01-28 20:13:49.626 E/mm-camera-intf( 8253): mm_stream_read_msm_frame: VIDIOC_DQBUF buf_index 15, frame_idx 45, stream type 6, time stamp 1390958029 638840000
01-28 20:13:49.626 D/mm-camera-intf( 8253): mm_channel_process_stream_buf:203] type 0
01-28 20:13:49.626 E/mm-camera(  377): module_faceproc_client_handle_buffer:1809] count 1
01-28 20:13:49.626 D/mm-camera-intf( 8253): mm_channel_process_stream_buf: Super Buffer received, pending_cnt=0
01-28 20:13:49.626 E/mm-camera(  377): be_stats_counter 1
01-28 20:13:49.626 D/mm-camera-intf( 8253): mm_channel_process_stream_buf:203] type 0
01-28 20:13:49.626 D/mm-camera-intf( 8253): mm_channel_process_stream_buf: Super Buffer received, pending_cnt=0
01-28 20:13:49.636 E/mm-camera-intf( 8253): mm_stream_read_msm_frame: VIDIOC_DQBUF buf_index 10, frame_idx 44, stream type 1, time stamp 568 513012000
01-28 20:13:49.636 D/mm-camera-intf( 8253): mm_channel_process_stream_buf:203] type 0
01-28 20:13:49.636 D/mm-camera-intf( 8253): mm_channel_process_stream_buf: Super Buffer received, pending_cnt=0
01-28 20:13:49.636 E/mm-camera(  377): [jooho]y[119]=1, y[120]=1, y[121]=1, y[239]=2, y[240]=3, y[241]=3
01-28 20:13:49.656 E/mm-camera(  377): af_fdprio_process: Processing frame 45
01-28 20:13:49.656 E/mm-camera(  377): af_fdprio_process_counters_int:134 Process counters
01-28 20:13:49.656 E/mm-camera(  377): [!!!CML!!!]AF_Lib_Algorithm Bv=472, Sv=1440, Tv=1256, ocr_on=0, ocr_h=0, fd_on=1, face_num=0, fd_coord_x=0, g_af_state=1, CurrPos=0 
01-28 20:13:49.656 E/mm-camera(  377): [!!!CML_CAF!!!]CAFpos=1 status=1 CAF_status=5 inner= 89 outer= 12464 Bv= 472 ps7q8Tv=1256 g_Af_max_pos = 124 AF_win_stat.gr_min=80
01-28 20:13:49.656 E/mm-camera(  377): [!!!CML!!!]Getstatus_____AF Status : 1, peAF_Mode = 3
01-28 20:13:49.656 E/mm-camera-intf( 8253): mm_stream_read_msm_frame: VIDIOC_DQBUF buf_index 6, frame_idx 45, stream type 3, time stamp 568 546383000
01-28 20:13:49.656 E/mm-camera(  377): cpp_module_handle_buf_divert_event:58, iden=0x20002, frame_id:45
01-28 20:13:49.656 E/mm-camera(  377): cpp_module_put_new_ack_in_list: __dbg: channel_id = 2 
01-28 20:13:49.656 E/mm-camera(  377): cpp_module_handle_sof_notify_event:574, sending bus msg, session_id=2, R1=2, R2=2
01-28 20:13:49.656 D/mm-camera-intf( 8253): mm_channel_process_stream_buf:203] type 0
01-28 20:13:49.656 E/mm-camera(  377): be_stats_counter 1
01-28 20:13:49.656 D/mm-camera-intf( 8253): mm_channel_process_stream_buf: Super Buffer received, pending_cnt=0
01-28 20:13:49.656 E/mm-camera(  377): module_faceproc_client_handle_buffer:1809] count 0
01-28 20:13:49.656 E/mm-camera(  377): module_faceproc_client_send_info:1751] active index 0 face_cnt 0
01-28 20:13:49.656 E/mm-camera(  377): module_faceproc_client_send_info:1763] face_cnt 0
01-28 20:13:49.656 E/mm-camera-intf( 8253): mm_stream_read_msm_frame: VIDIOC_DQBUF buf_index 16, frame_idx 46, stream type 6, time stamp 1390958029 672209000
01-28 20:13:49.656 E/mm-camera(  377): module_faceproc_client_send_faceinfo:692] 1.000000 1.000000 0 0 out scale 1.000000 1.000000
01-28 20:13:49.656 E/mm-camera(  377): module_faceproc_client_send_faceinfo:694] Num face detected 0
01-28 20:13:49.656 E/mm-camera(  377): module_faceproc_faces_stabilization:586] GJ Invalid input no faces 
01-28 20:13:49.656 E/mm-camera(  377): [FD_ZOOM_DBG] FD_Imglib Num face detected 0
01-28 20:13:49.656 E/mm-camera(  377): module_faceproc_client_send_faceinfo:735] session id 2 mct_mod 0xb70a0608
01-28 20:13:49.656 E/mm-camera(  377): module_faceproc_client_handle_buffer:1827] img_idx 1
01-28 20:13:49.656 E/mm-camera(  377): module_faceproc_client_handle_buffer:1840] buffer 3 0xad9b0008 0xb3640000
01-28 20:13:49.656 D/mm-camera-intf( 8253): mm_channel_process_stream_buf:203] type 0
01-28 20:13:49.656 D/mm-camera-intf( 8253): mm_channel_process_stream_buf: Super Buffer received, pending_cnt=0
01-28 20:13:49.656 E/mm-camera-img(  377): faceproc_comp_queue_buffer:655] q_count 1
01-28 20:13:49.656 E/mm-camera-img(  377): img_q_wait:225] after wait count 1
01-28 20:13:49.656 E/mm-camera-img(  377): img_q_wait:229] data 0xb70bba60
01-28 20:13:49.656 E/mm-camera-img(  377): faceproc_fd_execute:1142] E
01-28 20:13:49.666 E/mm-camera-intf( 8253): mm_stream_read_msm_frame: VIDIOC_DQBUF buf_index 11, frame_idx 45, stream type 1, time stamp 568 546383000
01-28 20:13:49.666 D/mm-camera-intf( 8253): mm_channel_process_stream_buf:203] type 0
01-28 20:13:49.666 E/mm-camera(  377): [jooho]y[119]=1, y[120]=1, y[121]=2, y[239]=2, y[240]=3, y[241]=3
01-28 20:13:49.666 D/mm-camera-intf( 8253): mm_channel_process_stream_buf: Super Buffer received, pending_cnt=0
01-28 20:13:49.676 E/mm-camera-img(  377): faceproc_fd_execute:1174] no faces detected X
01-28 20:13:49.676 E/mm-camera-img(  377): face_proc_thread_loop:420] state 2 abort 0
01-28 20:13:49.676 E/mm-camera(  377): module_faceproc_client_event_handler:1120] buffer idx 1
01-28 20:13:49.676 E/mm-camera-img(  377): face_proc_thread_loop:428] send event
01-28 20:13:49.676 E/mm-camera-img(  377): img_comp_get_param:163] param 514
01-28 20:13:49.676 E/mm-camera-img(  377): faceproc_fd_output:848] num_faces 0
01-28 20:13:49.676 E/mm-camera-img(  377): face_proc_thread_loop:430] send event
01-28 20:13:49.676 E/mm-camera-img(  377): img_q_wait: before wait
01-28 20:13:49.686 E/mm-camera(  377): af_fdprio_process: Processing frame 46
01-28 20:13:49.686 E/mm-camera(  377): af_fdprio_process_counters_int:134 Process counters
01-28 20:13:49.686 E/mm-camera(  377): [!!!CML!!!]AF_Lib_Algorithm Bv=498, Sv=1407, Tv=1256, ocr_on=0, ocr_h=0, fd_on=1, face_num=0, fd_coord_x=0, g_af_state=1, CurrPos=0 
01-28 20:13:49.686 E/mm-camera(  377): [!!!CML_CAF!!!]CAFpos=1 status=1 CAF_status=5 inner= 0 outer= 19110 Bv= 498 ps7q8Tv=1256 g_Af_max_pos = 124 AF_win_stat.gr_min=80
01-28 20:13:49.686 E/mm-camera(  377): [!!!CML!!!]Getstatus_____AF Status : 1, peAF_Mode = 3
01-28 20:13:49.686 E/mm-camera-intf( 8253): mm_stream_read_msm_frame: VIDIOC_DQBUF buf_index 7, frame_idx 46, stream type 3, time stamp 568 579751000
01-28 20:13:49.686 E/mm-camera(  377): cpp_module_handle_buf_divert_event:58, iden=0x20002, frame_id:46
01-28 20:13:49.686 E/mm-camera(  377): cpp_module_put_new_ack_in_list: __dbg: channel_id = 2 
01-28 20:13:49.696 E/mm-camera(  377): cpp_module_handle_sof_notify_event:574, sending bus msg, session_id=2, R1=2, R2=2
01-28 20:13:49.696 E/mm-camera-intf( 8253): mm_stream_read_msm_frame: VIDIOC_DQBUF buf_index 17, frame_idx 47, stream type 6, time stamp 1390958029 705578000
01-28 20:13:49.696 E/mm-camera(  377): be_stats_counter 1
01-28 20:13:49.696 D/mm-camera-intf( 8253): mm_channel_process_stream_buf:203] type 0
01-28 20:13:49.696 D/mm-camera-intf( 8253): mm_channel_process_stream_buf: Super Buffer received, pending_cnt=0
01-28 20:13:49.696 E/mm-camera(  377): module_faceproc_client_handle_buffer:1809] count 1
01-28 20:13:49.696 D/mm-camera-intf( 8253): mm_channel_process_stream_buf:203] type 0
01-28 20:13:49.696 D/mm-camera-intf( 8253): mm_channel_process_stream_buf: Super Buffer received, pending_cnt=0
01-28 20:13:49.696 E/mm-camera(  377): [jooho]y[119]=1, y[120]=1, y[121]=1, y[239]=2, y[240]=3, y[241]=2
01-28 20:13:49.696 E/mm-camera-intf( 8253): mm_stream_read_msm_frame: VIDIOC_DQBUF buf_index 0, frame_idx 46, stream type 1, time stamp 568 579751000
01-28 20:13:49.696 D/mm-camera-intf( 8253): mm_channel_process_stream_buf:203] type 0
01-28 20:13:49.696 D/mm-camera-intf( 8253): mm_channel_process_stream_buf: Super Buffer received, pending_cnt=0
01-28 20:13:49.716 E/mm-camera(  377): af_fdprio_process: Processing frame 47
01-28 20:13:49.716 E/mm-camera(  377): af_fdprio_process_counters_int:134 Process counters
01-28 20:13:49.726 E/mm-camera(  377): [!!!CML!!!]AF_Lib_Algorithm Bv=519, Sv=1378, Tv=1256, ocr_on=0, ocr_h=0, fd_on=1, face_num=0, fd_coord_x=0, g_af_state=1, CurrPos=0 
01-28 20:13:49.726 E/mm-camera(  377): [!!!CML_CAF!!!]CAFpos=1 status=1 CAF_status=5 inner= 0 outer= 31132 Bv= 519 ps7q8Tv=1256 g_Af_max_pos = 124 AF_win_stat.gr_min=80
01-28 20:13:49.726 E/mm-camera(  377): [!!!CML!!!]Getstatus_____AF Status : 1, peAF_Mode = 3
01-28 20:13:49.726 E/mm-camera(  377): cpp_module_handle_buf_divert_event:58, iden=0x20002, frame_id:47
01-28 20:13:49.726 E/mm-camera(  377): cpp_module_put_new_ack_in_list: __dbg: channel_id = 2 
01-28 20:13:49.726 E/mm-camera(  377): cpp_module_handle_sof_notify_event:574, sending bus msg, session_id=2, R1=1, R2=2
01-28 20:13:49.726 E/mm-camera(  377): module_faceproc_client_handle_buffer:1809] count 0
01-28 20:13:49.726 E/mm-camera(  377): module_faceproc_client_send_info:1751] active index 1 face_cnt 0
01-28 20:13:49.726 E/mm-camera(  377): module_faceproc_client_send_info:1763] face_cnt 0
01-28 20:13:49.726 E/mm-camera(  377): module_faceproc_client_send_faceinfo:692] 1.000000 1.000000 0 0 out scale 1.000000 1.000000
01-28 20:13:49.726 E/mm-camera(  377): module_faceproc_client_send_faceinfo:694] Num face detected 0
01-28 20:13:49.726 E/mm-camera(  377): module_faceproc_faces_stabilization:586] GJ Invalid input no faces 
01-28 20:13:49.726 E/mm-camera(  377): [FD_ZOOM_DBG] FD_Imglib Num face detected 0
01-28 20:13:49.726 E/mm-camera(  377): module_faceproc_client_send_faceinfo:735] session id 2 mct_mod 0xb70a0608
01-28 20:13:49.726 E/mm-camera(  377): module_faceproc_client_handle_buffer:1827] img_idx 2
01-28 20:13:49.726 E/mm-camera(  377): module_faceproc_client_handle_buffer:1840] buffer 2 0xad662008 0xb387a000
01-28 20:13:49.726 E/mm-camera-intf( 8253): mm_stream_read_msm_frame: VIDIOC_DQBUF buf_index 8, frame_idx 47, stream type 3, time stamp 568 613130000
01-28 20:13:49.726 E/mm-camera-intf( 8253): mm_stream_read_msm_frame: VIDIOC_DQBUF buf_index 18, frame_idx 48, stream type 6, time stamp 1390958029 738967000
01-28 20:13:49.726 D/mm-camera-intf( 8253): mm_channel_process_stream_buf:203] type 0
01-28 20:13:49.726 D/mm-camera-intf( 8253): mm_channel_process_stream_buf: Super Buffer received, pending_cnt=0
01-28 20:13:49.726 D/mm-camera-intf( 8253): mm_channel_process_stream_buf:203] type 0
01-28 20:13:49.726 D/mm-camera-intf( 8253): mm_channel_process_stream_buf: Super Buffer received, pending_cnt=0
01-28 20:13:49.726 E/mm-camera(  377): be_stats_counter 1
01-28 20:13:49.726 E/mm-camera-img(  377): faceproc_comp_queue_buffer:655] q_count 1
01-28 20:13:49.726 E/mm-camera-img(  377): img_q_wait:225] after wait count 1
01-28 20:13:49.726 E/mm-camera-img(  377): img_q_wait:229] data 0xb70bbc20
01-28 20:13:49.726 E/mm-camera-img(  377): faceproc_fd_execute:1142] E
01-28 20:13:49.736 E/mm-camera(  377): [jooho]y[119]=1, y[120]=1, y[121]=1, y[239]=1, y[240]=2, y[241]=2
01-28 20:13:49.736 E/mm-camera-intf( 8253): mm_stream_read_msm_frame: VIDIOC_DQBUF buf_index 1, frame_idx 47, stream type 1, time stamp 568 613130000
01-28 20:13:49.736 D/mm-camera-intf( 8253): mm_channel_process_stream_buf:203] type 0
01-28 20:13:49.736 D/mm-camera-intf( 8253): mm_channel_process_stream_buf: Super Buffer received, pending_cnt=0
01-28 20:13:49.736 E/mm-camera-img(  377): faceproc_fd_execute:1174] no faces detected X
01-28 20:13:49.736 E/mm-camera-img(  377): face_proc_thread_loop:420] state 2 abort 0
01-28 20:13:49.736 E/mm-camera(  377): module_faceproc_client_event_handler:1120] buffer idx 2
01-28 20:13:49.736 E/mm-camera-img(  377): face_proc_thread_loop:428] send event
01-28 20:13:49.736 E/mm-camera-img(  377): img_comp_get_param:163] param 514
01-28 20:13:49.736 E/mm-camera-img(  377): faceproc_fd_output:848] num_faces 0
01-28 20:13:49.736 E/mm-camera-img(  377): face_proc_thread_loop:430] send event
01-28 20:13:49.736 E/mm-camera-img(  377): img_q_wait: before wait
01-28 20:13:49.756 E/mm-camera(  377): af_fdprio_process: Processing frame 48
01-28 20:13:49.756 E/mm-camera(  377): af_fdprio_process_counters_int:134 Process counters
01-28 20:13:49.756 E/mm-camera(  377): [!!!CML!!!]AF_Lib_Algorithm Bv=530, Sv=1354, Tv=1256, ocr_on=0, ocr_h=0, fd_on=1, face_num=0, fd_coord_x=0, g_af_state=1, CurrPos=0 
01-28 20:13:49.756 E/mm-camera(  377): [!!!CML_CAF!!!]CAFpos=1 status=1 CAF_status=5 inner= 0 outer= 26755 Bv= 530 ps7q8Tv=1256 g_Af_max_pos = 124 AF_win_stat.gr_min=80
01-28 20:13:49.756 E/mm-camera(  377): [!!!CML!!!]Getstatus_____AF Status : 1, peAF_Mode = 3
01-28 20:13:49.756 E/mm-camera-intf( 8253): mm_stream_read_msm_frame: VIDIOC_DQBUF buf_index 9, frame_idx 48, stream type 3, time stamp 568 646489000
01-28 20:13:49.756 E/mm-camera(  377): cpp_module_handle_buf_divert_event:58, iden=0x20002, frame_id:48
01-28 20:13:49.756 E/mm-camera(  377): cpp_module_put_new_ack_in_list: __dbg: channel_id = 2 
01-28 20:13:49.756 E/mm-camera(  377): cpp_module_handle_sof_notify_event:574, sending bus msg, session_id=2, R1=1, R2=2
01-28 20:13:49.756 E/mm-camera(  377): be_stats_counter 1
01-28 20:13:49.756 E/mm-camera(  377): module_faceproc_client_handle_buffer:1809] count 1
01-28 20:13:49.756 E/mm-camera-intf( 8253): mm_stream_read_msm_frame: VIDIOC_DQBUF buf_index 19, frame_idx 49, stream type 6, time stamp 1390958029 772316000
01-28 20:13:49.756 D/mm-camera-intf( 8253): mm_channel_process_stream_buf:203] type 0
01-28 20:13:49.756 D/mm-camera-intf( 8253): mm_channel_process_stream_buf: Super Buffer received, pending_cnt=0
01-28 20:13:49.766 D/mm-camera-intf( 8253): mm_channel_process_stream_buf:203] type 0
01-28 20:13:49.766 D/mm-camera-intf( 8253): mm_channel_process_stream_buf: Super Buffer received, pending_cnt=0
01-28 20:13:49.766 E/mm-camera(  377): [jooho]y[119]=0, y[120]=0, y[121]=1, y[239]=1, y[240]=1, y[241]=1
01-28 20:13:49.766 E/mm-camera-intf( 8253): mm_stream_read_msm_frame: VIDIOC_DQBUF buf_index 5, frame_idx 48, stream type 1, time stamp 568 646489000
01-28 20:13:49.766 D/mm-camera-intf( 8253): mm_channel_process_stream_buf:203] type 0
01-28 20:13:49.766 D/mm-camera-intf( 8253): mm_channel_process_stream_buf: Super Buffer received, pending_cnt=0
01-28 20:13:49.786 E/mm-camera(  377): af_fdprio_process: Processing frame 49
01-28 20:13:49.786 E/mm-camera(  377): af_fdprio_process_counters_int:134 Process counters
01-28 20:13:49.786 E/mm-camera(  377): [!!!CML!!!]AF_Lib_Algorithm Bv=528, Sv=1338, Tv=1256, ocr_on=0, ocr_h=0, fd_on=1, face_num=0, fd_coord_x=0, g_af_state=1, CurrPos=0 
01-28 20:13:49.786 E/mm-camera(  377): [!!!CML_CAF!!!]CAFpos=1 status=1 CAF_status=5 inner= 0 outer= 25594 Bv= 528 ps7q8Tv=1256 g_Af_max_pos = 124 AF_win_stat.gr_min=80
01-28 20:13:49.786 E/mm-camera(  377): [!!!CML!!!]Getstatus_____AF Status : 1, peAF_Mode = 3
01-28 20:13:49.796 E/mm-camera-intf( 8253): mm_stream_read_msm_frame: VIDIOC_DQBUF buf_index 11, frame_idx 49, stream type 3, time stamp 568 679862000
01-28 20:13:49.796 E/mm-camera(  377): cpp_module_handle_buf_divert_event:58, iden=0x20002, frame_id:49
01-28 20:13:49.796 E/mm-camera(  377): cpp_module_put_new_ack_in_list: __dbg: channel_id = 2 
01-28 20:13:49.796 E/mm-camera(  377): cpp_module_handle_sof_notify_event:574, sending bus msg, session_id=2, R1=1, R2=2
01-28 20:13:49.796 E/mm-camera(  377): module_faceproc_client_handle_buffer:1809] count 0
01-28 20:13:49.796 E/mm-camera(  377): module_faceproc_client_send_info:1751] active index 0 face_cnt 0
01-28 20:13:49.796 E/mm-camera(  377): module_faceproc_client_send_info:1763] face_cnt 0
01-28 20:13:49.796 E/mm-camera(  377): module_faceproc_client_send_faceinfo:692] 1.000000 1.000000 0 0 out scale 1.000000 1.000000
01-28 20:13:49.796 E/mm-camera(  377): module_faceproc_client_send_faceinfo:694] Num face detected 0
01-28 20:13:49.796 E/mm-camera(  377): module_faceproc_faces_stabilization:586] GJ Invalid input no faces 
01-28 20:13:49.796 E/mm-camera(  377): [FD_ZOOM_DBG] FD_Imglib Num face detected 0
01-28 20:13:49.796 E/mm-camera(  377): module_faceproc_client_send_faceinfo:735] session id 2 mct_mod 0xb70a0608
01-28 20:13:49.796 E/mm-camera(  377): module_faceproc_client_handle_buffer:1827] img_idx 3
01-28 20:13:49.796 E/mm-camera(  377): module_faceproc_client_handle_buffer:1840] buffer 4 0xad4e6008 0xb3406000
01-28 20:13:49.796 E/mm-camera(  377): be_stats_counter 1
01-28 20:13:49.796 E/mm-camera-intf( 8253): mm_stream_read_msm_frame: VIDIOC_DQBUF buf_index 0, frame_idx 50, stream type 6, time stamp 1390958029 805725000
01-28 20:13:49.796 E/mm-camera-img(  377): faceproc_comp_queue_buffer:655] q_count 1
01-28 20:13:49.796 D/mm-camera-intf( 8253): mm_channel_process_stream_buf:203] type 0
01-28 20:13:49.796 E/mm-camera-img(  377): img_q_wait:225] after wait count 1
01-28 20:13:49.796 E/mm-camera-img(  377): img_q_wait:229] data 0xb70bbde0
01-28 20:13:49.796 E/mm-camera-img(  377): faceproc_fd_execute:1142] E
01-28 20:13:49.796 D/mm-camera-intf( 8253): mm_channel_process_stream_buf: Super Buffer received, pending_cnt=0
01-28 20:13:49.796 D/mm-camera-intf( 8253): mm_channel_process_stream_buf:203] type 0
01-28 20:13:49.796 D/mm-camera-intf( 8253): mm_channel_process_stream_buf: Super Buffer received, pending_cnt=0
01-28 20:13:49.796 E/mm-camera-img(  377): faceproc_fd_execute:1174] no faces detected X
01-28 20:13:49.796 E/mm-camera-img(  377): face_proc_thread_loop:420] state 2 abort 0
01-28 20:13:49.796 E/mm-camera(  377): module_faceproc_client_event_handler:1120] buffer idx 3
01-28 20:13:49.796 E/mm-camera-img(  377): face_proc_thread_loop:428] send event
01-28 20:13:49.796 E/mm-camera-img(  377): img_comp_get_param:163] param 514
01-28 20:13:49.796 E/mm-camera-img(  377): faceproc_fd_output:848] num_faces 0
01-28 20:13:49.796 E/mm-camera-img(  377): face_proc_thread_loop:430] send event
01-28 20:13:49.796 E/mm-camera-img(  377): img_q_wait: before wait
01-28 20:13:49.796 E/mm-camera-intf( 8253): mm_stream_read_msm_frame: VIDIOC_DQBUF buf_index 6, frame_idx 49, stream type 1, time stamp 568 679862000
01-28 20:13:49.796 D/mm-camera-intf( 8253): mm_channel_process_stream_buf:203] type 0
01-28 20:13:49.796 D/mm-camera-intf( 8253): mm_channel_process_stream_buf: Super Buffer received, pending_cnt=0
01-28 20:13:49.806 E/mm-camera(  377): [jooho]y[119]=0, y[120]=0, y[121]=0, y[239]=0, y[240]=0, y[241]=0
01-28 20:13:49.816 E/mm-camera(  377): af_fdprio_process: Processing frame 50
01-28 20:13:49.816 E/mm-camera(  377): af_fdprio_process_counters_int:134 Process counters
01-28 20:13:49.826 E/mm-camera(  377): [!!!CML!!!]AF_Lib_Algorithm Bv=528, Sv=1327, Tv=1256, ocr_on=0, ocr_h=0, fd_on=1, face_num=0, fd_coord_x=0, g_af_state=1, CurrPos=0 
01-28 20:13:49.826 E/mm-camera(  377): [!!!CML_CAF!!!]CAFpos=1 status=1 CAF_status=5 inner= 0 outer= 25692 Bv= 528 ps7q8Tv=1256 g_Af_max_pos = 124 AF_win_stat.gr_min=80
01-28 20:13:49.826 E/mm-camera(  377): [!!!CML!!!]Getstatus_____AF Status : 1, peAF_Mode = 3
01-28 20:13:49.826 E/mm-camera-intf( 8253): mm_stream_read_msm_frame: VIDIOC_DQBUF buf_index 10, frame_idx 50, stream type 3, time stamp 568 713227000
01-28 20:13:49.826 E/mm-camera(  377): cpp_module_handle_buf_divert_event:58, iden=0x20002, frame_id:50
01-28 20:13:49.826 E/mm-camera(  377): cpp_module_put_new_ack_in_list: __dbg: channel_id = 2 
01-28 20:13:49.826 E/mm-camera(  377): module_faceproc_client_handle_buffer:1809] count 1
01-28 20:13:49.826 E/mm-camera(  377): cpp_module_handle_sof_notify_event:574, sending bus msg, session_id=2, R1=1, R2=1
01-28 20:13:49.826 D/mm-camera-intf( 8253): mm_channel_process_stream_buf:203] type 0
01-28 20:13:49.826 E/mm-camera(  377): be_stats_counter 1
01-28 20:13:49.826 D/mm-camera-intf( 8253): mm_channel_process_stream_buf: Super Buffer received, pending_cnt=0
01-28 20:13:49.826 E/mm-camera-intf( 8253): mm_stream_read_msm_frame: VIDIOC_DQBUF buf_index 1, frame_idx 51, stream type 6, time stamp 1390958029 839055000
01-28 20:13:49.826 D/mm-camera-intf( 8253): mm_channel_process_stream_buf:203] type 0
01-28 20:13:49.826 D/mm-camera-intf( 8253): mm_channel_process_stream_buf: Super Buffer received, pending_cnt=0
01-28 20:13:49.826 E/mm-camera-intf( 8253): mm_stream_read_msm_frame: VIDIOC_DQBUF buf_index 7, frame_idx 50, stream type 1, time stamp 568 713227000
01-28 20:13:49.826 D/mm-camera-intf( 8253): mm_channel_process_stream_buf:203] type 0
01-28 20:13:49.826 D/mm-camera-intf( 8253): mm_channel_process_stream_buf: Super Buffer received, pending_cnt=0
01-28 20:13:49.856 E/mm-camera(  377): af_fdprio_process: Processing frame 51
01-28 20:13:49.856 E/mm-camera(  377): af_fdprio_process_counters_int:134 Process counters
01-28 20:13:49.856 E/mm-camera(  377): [!!!CML!!!]AF_Lib_Algorithm Bv=526, Sv=1321, Tv=1256, ocr_on=0, ocr_h=0, fd_on=1, face_num=0, fd_coord_x=0, g_af_state=1, CurrPos=0 
01-28 20:13:49.856 E/mm-camera(  377): [!!!CML_CAF!!!]CAFpos=1 status=1 CAF_status=5 inner= 0 outer= 24754 Bv= 526 ps7q8Tv=1256 g_Af_max_pos = 124 AF_win_stat.gr_min=80
01-28 20:13:49.856 E/mm-camera(  377): [!!!CML!!!]Getstatus_____AF Status : 1, peAF_Mode = 3
01-28 20:13:49.856 E/mm-camera-intf( 8253): mm_stream_read_msm_frame: VIDIOC_DQBUF buf_index 0, frame_idx 51, stream type 3, time stamp 568 746600000
01-28 20:13:49.856 E/mm-camera(  377): cpp_module_handle_buf_divert_event:58, iden=0x20002, frame_id:51
01-28 20:13:49.856 E/mm-camera(  377): cpp_module_put_new_ack_in_list: __dbg: channel_id = 2 
01-28 20:13:49.856 E/mm-camera(  377): cpp_module_handle_sof_notify_event:574, sending bus msg, session_id=2, R1=1, R2=1
01-28 20:13:49.856 E/mm-camera(  377): module_faceproc_client_handle_buffer:1809] count 0
01-28 20:13:49.856 E/mm-camera(  377): module_faceproc_client_send_info:1751] active index 1 face_cnt 0
01-28 20:13:49.856 E/mm-camera(  377): module_faceproc_client_send_info:1763] face_cnt 0
01-28 20:13:49.856 E/mm-camera(  377): module_faceproc_client_send_faceinfo:692] 1.000000 1.000000 0 0 out scale 1.000000 1.000000
01-28 20:13:49.856 E/mm-camera(  377): module_faceproc_client_send_faceinfo:694] Num face detected 0
01-28 20:13:49.856 E/mm-camera(  377): module_faceproc_faces_stabilization:586] GJ Invalid input no faces 
01-28 20:13:49.856 E/mm-camera(  377): [FD_ZOOM_DBG] FD_Imglib Num face detected 0
01-28 20:13:49.856 E/mm-camera(  377): module_faceproc_client_send_faceinfo:735] session id 2 mct_mod 0xb70a0608
01-28 20:13:49.856 E/mm-camera(  377): module_faceproc_client_handle_buffer:1827] img_idx 0
01-28 20:13:49.856 E/mm-camera(  377): module_faceproc_client_handle_buffer:1840] buffer 3 0xadb2c008 0xb3640000
01-28 20:13:49.856 E/mm-camera(  377): be_stats_counter 1
01-28 20:13:49.856 D/mm-camera-intf( 8253): mm_channel_process_stream_buf:203] type 0
01-28 20:13:49.856 D/mm-camera-intf( 8253): mm_channel_process_stream_buf: Super Buffer received, pending_cnt=0
01-28 20:13:49.856 E/mm-camera-intf( 8253): mm_stream_read_msm_frame: VIDIOC_DQBUF buf_index 2, frame_idx 52, stream type 6, time stamp 1390958029 872423000
01-28 20:13:49.856 D/mm-camera-intf( 8253): mm_channel_process_stream_buf:203] type 0
01-28 20:13:49.856 D/mm-camera-intf( 8253): mm_channel_process_stream_buf: Super Buffer received, pending_cnt=0
01-28 20:13:49.866 E/mm-camera-img(  377): faceproc_comp_queue_buffer:655] q_count 1
01-28 20:13:49.866 E/mm-camera-img(  377): img_q_wait:225] after wait count 1
01-28 20:13:49.866 E/mm-camera-img(  377): img_q_wait:229] data 0xb70bb8a0
01-28 20:13:49.866 E/mm-camera-img(  377): faceproc_fd_execute:1142] E
01-28 20:13:49.866 E/mm-camera-intf( 8253): mm_stream_read_msm_frame: VIDIOC_DQBUF buf_index 8, frame_idx 51, stream type 1, time stamp 568 746600000
01-28 20:13:49.866 D/mm-camera-intf( 8253): mm_channel_process_stream_buf:203] type 0
01-28 20:13:49.866 D/mm-camera-intf( 8253): mm_channel_process_stream_buf: Super Buffer received, pending_cnt=0
01-28 20:13:49.876 E/mm-camera-img(  377): faceproc_fd_execute:1174] no faces detected X
01-28 20:13:49.876 E/mm-camera-img(  377): face_proc_thread_loop:420] state 2 abort 0
01-28 20:13:49.876 E/mm-camera(  377): module_faceproc_client_event_handler:1120] buffer idx 0
01-28 20:13:49.876 E/mm-camera-img(  377): face_proc_thread_loop:428] send event
01-28 20:13:49.876 E/mm-camera-img(  377): img_comp_get_param:163] param 514
01-28 20:13:49.876 E/mm-camera-img(  377): faceproc_fd_output:848] num_faces 0
01-28 20:13:49.876 E/mm-camera-img(  377): face_proc_thread_loop:430] send event
01-28 20:13:49.876 E/mm-camera-img(  377): img_q_wait: before wait
01-28 20:13:49.886 E/mm-camera(  377): af_fdprio_process: Processing frame 52
01-28 20:13:49.886 E/mm-camera(  377): af_fdprio_process_counters_int:134 Process counters
01-28 20:13:49.886 E/mm-camera(  377): [!!!CML!!!]AF_Lib_Algorithm Bv=528, Sv=1316, Tv=1256, ocr_on=0, ocr_h=0, fd_on=1, face_num=0, fd_coord_x=0, g_af_state=1, CurrPos=0 
01-28 20:13:49.886 E/mm-camera(  377): [!!!CML_CAF!!!]CAFpos=1 status=1 CAF_status=5 inner= 0 outer= 23577 Bv= 528 ps7q8Tv=1256 g_Af_max_pos = 124 AF_win_stat.gr_min=80
01-28 20:13:49.886 E/mm-camera(  377): [!!!CML!!!]Getstatus_____AF Status : 1, peAF_Mode = 3
01-28 20:13:49.896 E/mm-camera(  377): cpp_module_handle_buf_divert_event:58, iden=0x20002, frame_id:52
01-28 20:13:49.896 E/mm-camera(  377): cpp_module_put_new_ack_in_list: __dbg: channel_id = 2 
01-28 20:13:49.896 E/mm-camera(  377): module_faceproc_client_handle_buffer:1809] count 1
01-28 20:13:49.896 E/mm-camera(  377): be_stats_counter 1
01-28 20:13:49.896 E/mm-camera-intf( 8253): mm_stream_read_msm_frame: VIDIOC_DQBUF buf_index 1, frame_idx 52, stream type 3, time stamp 568 779968000
01-28 20:13:49.896 D/mm-camera-intf( 8253): mm_channel_process_stream_buf:203] type 0
01-28 20:13:49.896 D/mm-camera-intf( 8253): mm_channel_process_stream_buf: Super Buffer received, pending_cnt=0
01-28 20:13:49.896 E/mm-camera(  377): cpp_module_handle_sof_notify_event:574, sending bus msg, session_id=2, R1=1, R2=1
01-28 20:13:49.896 E/mm-camera-intf( 8253): mm_stream_read_msm_frame: VIDIOC_DQBUF buf_index 3, frame_idx 53, stream type 6, time stamp 1390958029 905795000
01-28 20:13:49.896 D/mm-camera-intf( 8253): mm_channel_process_stream_buf:203] type 0
01-28 20:13:49.896 D/mm-camera-intf( 8253): mm_channel_process_stream_buf: Super Buffer received, pending_cnt=0
01-28 20:13:49.896 E/mm-camera-intf( 8253): mm_stream_read_msm_frame: VIDIOC_DQBUF buf_index 9, frame_idx 52, stream type 1, time stamp 568 779968000
01-28 20:13:49.896 D/mm-camera-intf( 8253): mm_channel_process_stream_buf:203] type 0
01-28 20:13:49.896 D/mm-camera-intf( 8253): mm_channel_process_stream_buf: Super Buffer received, pending_cnt=0
01-28 20:13:49.916 E/mm-camera(  377): af_fdprio_process: Processing frame 53
01-28 20:13:49.916 E/mm-camera(  377): af_fdprio_process_counters_int:134 Process counters
01-28 20:13:49.926 E/mm-camera(  377): [!!!CML!!!]AF_Lib_Algorithm Bv=525, Sv=1314, Tv=1256, ocr_on=0, ocr_h=0, fd_on=1, face_num=0, fd_coord_x=0, g_af_state=1, CurrPos=0 
01-28 20:13:49.926 E/mm-camera(  377): [!!!CML_CAF!!!]CAFpos=1 status=1 CAF_status=5 inner= 0 outer= 23201 Bv= 525 ps7q8Tv=1256 g_Af_max_pos = 124 AF_win_stat.gr_min=80
01-28 20:13:49.926 E/mm-camera(  377): [!!!CML!!!]Getstatus_____AF Status : 1, peAF_Mode = 3
01-28 20:13:49.926 E/mm-camera(  377): cpp_module_handle_sof_notify_event:574, sending bus msg, session_id=2, R1=1, R2=1
01-28 20:13:49.926 E/mm-camera-intf( 8253): mm_stream_read_msm_frame: VIDIOC_DQBUF buf_index 2, frame_idx 53, stream type 3, time stamp 568 817962000
01-28 20:13:49.926 E/mm-camera-intf( 8253): mm_stream_read_msm_frame: VIDIOC_DQBUF buf_index 6, frame_idx 54, stream type 6, time stamp 1390958029 943604000
01-28 20:13:49.926 D/mm-camera-intf( 8253): mm_channel_process_stream_buf:203] type 0
01-28 20:13:49.926 E/mm-camera(  377): cpp_module_handle_buf_divert_event:58, iden=0x20002, frame_id:53
01-28 20:13:49.926 E/mm-camera(  377): cpp_module_put_new_ack_in_list: __dbg: channel_id = 2 
01-28 20:13:49.926 E/mm-camera(  377): module_faceproc_client_handle_buffer:1809] count 0
01-28 20:13:49.926 E/mm-camera(  377): module_faceproc_client_send_info:1751] active index 0 face_cnt 0
01-28 20:13:49.926 E/mm-camera(  377): module_faceproc_client_send_info:1763] face_cnt 0
01-28 20:13:49.926 E/mm-camera(  377): module_faceproc_client_send_faceinfo:692] 1.000000 1.000000 0 0 out scale 1.000000 1.000000
01-28 20:13:49.926 E/mm-camera(  377): module_faceproc_client_send_faceinfo:694] Num face detected 0
01-28 20:13:49.926 E/mm-camera(  377): module_faceproc_faces_stabilization:586] GJ Invalid input no faces 
01-28 20:13:49.926 E/mm-camera(  377): [FD_ZOOM_DBG] FD_Imglib Num face detected 0
01-28 20:13:49.926 E/mm-camera(  377): module_faceproc_client_send_faceinfo:735] session id 2 mct_mod 0xb70a0608
01-28 20:13:49.926 E/mm-camera(  377): module_faceproc_client_handle_buffer:1827] img_idx 1
01-28 20:13:49.926 E/mm-camera(  377): module_faceproc_client_handle_buffer:1840] buffer 2 0xad9b0008 0xb387a000
01-28 20:13:49.926 D/mm-camera-intf( 8253): mm_channel_process_stream_buf: Super Buffer received, pending_cnt=0
01-28 20:13:49.926 E/mm-camera(  377): be_stats_counter 1
01-28 20:13:49.936 D/mm-camera-intf( 8253): mm_channel_process_stream_buf:203] type 0
01-28 20:13:49.936 D/mm-camera-intf( 8253): mm_channel_process_stream_buf: Super Buffer received, pending_cnt=0
01-28 20:13:49.936 E/mm-camera-img(  377): faceproc_comp_queue_buffer:655] q_count 1
01-28 20:13:49.936 E/mm-camera-img(  377): img_q_wait:225] after wait count 1
01-28 20:13:49.936 E/mm-camera-img(  377): img_q_wait:229] data 0xb70bba60
01-28 20:13:49.936 E/mm-camera-img(  377): faceproc_fd_execute:1142] E
01-28 20:13:49.936 E/mm-camera-img(  377): faceproc_fd_execute:1174] no faces detected X
01-28 20:13:49.936 E/mm-camera-img(  377): face_proc_thread_loop:420] state 2 abort 0
01-28 20:13:49.936 E/mm-camera(  377): module_faceproc_client_event_handler:1120] buffer idx 1
01-28 20:13:49.936 E/mm-camera-img(  377): face_proc_thread_loop:428] send event
01-28 20:13:49.936 E/mm-camera-img(  377): img_comp_get_param:163] param 514
01-28 20:13:49.936 E/mm-camera-img(  377): faceproc_fd_output:848] num_faces 0
01-28 20:13:49.936 E/mm-camera-img(  377): face_proc_thread_loop:430] send event
01-28 20:13:49.936 E/mm-camera-img(  377): img_q_wait: before wait
01-28 20:13:49.936 E/mm-camera-intf( 8253): mm_stream_read_msm_frame: VIDIOC_DQBUF buf_index 10, frame_idx 53, stream type 1, time stamp 568 817962000
01-28 20:13:49.936 D/mm-camera-intf( 8253): mm_channel_process_stream_buf:203] type 0
01-28 20:13:49.936 D/mm-camera-intf( 8253): mm_channel_process_stream_buf: Super Buffer received, pending_cnt=0
01-28 20:13:49.956 E/mm-camera(  377): af_fdprio_process: Processing frame 54
01-28 20:13:49.956 E/mm-camera(  377): af_fdprio_process_counters_int:134 Process counters
01-28 20:13:49.956 E/mm-camera(  377): [!!!CML!!!]AF_Lib_Algorithm Bv=535, Sv=1314, Tv=1256, ocr_on=0, ocr_h=0, fd_on=1, face_num=0, fd_coord_x=0, g_af_state=1, CurrPos=0 
01-28 20:13:49.956 E/mm-camera(  377): [!!!CML_CAF!!!]CAFpos=1 status=1 CAF_status=5 inner= 0 outer= 25739 Bv= 535 ps7q8Tv=1256 g_Af_max_pos = 124 AF_win_stat.gr_min=80
01-28 20:13:49.956 E/mm-camera(  377): [!!!CML!!!]Getstatus_____AF Status : 1, peAF_Mode = 3
01-28 20:13:49.956 E/mm-camera-intf( 8253): mm_stream_read_msm_frame: VIDIOC_DQBUF buf_index 4, frame_idx 54, stream type 3, time stamp 568 846710000
01-28 20:13:49.956 E/mm-camera(  377): cpp_module_handle_buf_divert_event:58, iden=0x20002, frame_id:54
01-28 20:13:49.956 E/mm-camera(  377): cpp_module_put_new_ack_in_list: __dbg: channel_id = 2 
01-28 20:13:49.956 E/mm-camera(  377): cpp_module_handle_sof_notify_event:574, sending bus msg, session_id=2, R1=1, R2=1
01-28 20:13:49.956 E/mm-camera-intf( 8253): mm_stream_read_msm_frame: VIDIOC_DQBUF buf_index 4, frame_idx 55, stream type 6, time stamp 1390958029 972531000
01-28 20:13:49.956 D/mm-camera-intf( 8253): mm_channel_process_stream_buf:203] type 0
01-28 20:13:49.956 D/mm-camera-intf( 8253): mm_channel_process_stream_buf: Super Buffer received, pending_cnt=0
01-28 20:13:49.956 E/mm-camera(  377): be_stats_counter 1
01-28 20:13:49.956 D/mm-camera-intf( 8253): mm_channel_process_stream_buf:203] type 0
01-28 20:13:49.956 D/mm-camera-intf( 8253): mm_channel_process_stream_buf: Super Buffer received, pending_cnt=0
01-28 20:13:49.956 E/mm-camera(  377): module_faceproc_client_handle_buffer:1809] count 1
01-28 20:13:49.966 E/mm-camera-intf( 8253): mm_stream_read_msm_frame: VIDIOC_DQBUF buf_index 11, frame_idx 54, stream type 1, time stamp 568 846710000
01-28 20:13:49.966 D/mm-camera-intf( 8253): mm_channel_process_stream_buf:203] type 0
01-28 20:13:49.966 D/mm-camera-intf( 8253): mm_channel_process_stream_buf: Super Buffer received, pending_cnt=0
01-28 20:13:49.986 E/mm-camera(  377): af_fdprio_process: Processing frame 55
01-28 20:13:49.986 E/mm-camera(  377): af_fdprio_process_counters_int:134 Process counters
01-28 20:13:49.986 E/mm-camera(  377): [!!!CML!!!]AF_Lib_Algorithm Bv=531, Sv=1314, Tv=1256, ocr_on=0, ocr_h=0, fd_on=1, face_num=0, fd_coord_x=0, g_af_state=1, CurrPos=0 
01-28 20:13:49.986 E/mm-camera(  377): [!!!CML_CAF!!!]CAFpos=1 status=1 CAF_status=5 inner= 0 outer= 22754 Bv= 531 ps7q8Tv=1256 g_Af_max_pos = 124 AF_win_stat.gr_min=80
01-28 20:13:49.986 E/mm-camera(  377): [!!!CML!!!]Getstatus_____AF Status : 1, peAF_Mode = 3
01-28 20:13:49.996 E/mm-camera(  377): cpp_module_handle_buf_divert_event:58, iden=0x20002, frame_id:55
01-28 20:13:49.996 E/mm-camera-intf( 8253): mm_stream_read_msm_frame: VIDIOC_DQBUF buf_index 3, frame_idx 55, stream type 3, time stamp 568 880076000
01-28 20:13:49.996 E/mm-camera(  377): cpp_module_put_new_ack_in_list: __dbg: channel_id = 2 
01-28 20:13:49.996 E/mm-camera(  377): module_faceproc_client_handle_buffer:1809] count 0
01-28 20:13:49.996 E/mm-camera(  377): module_faceproc_client_send_info:1751] active index 1 face_cnt 0
01-28 20:13:49.996 E/mm-camera(  377): module_faceproc_client_send_info:1763] face_cnt 0
01-28 20:13:49.996 E/mm-camera(  377): module_faceproc_client_send_faceinfo:692] 1.000000 1.000000 0 0 out scale 1.000000 1.000000
01-28 20:13:49.996 E/mm-camera(  377): module_faceproc_client_send_faceinfo:694] Num face detected 0
01-28 20:13:49.996 D/mm-camera-intf( 8253): mm_channel_process_stream_buf:203] type 0
01-28 20:13:49.996 E/mm-camera(  377): module_faceproc_faces_stabilization:586] GJ Invalid input no faces 
01-28 20:13:49.996 D/mm-camera-intf( 8253): mm_channel_process_stream_buf: Super Buffer received, pending_cnt=0
